Component: ARM Compiler 5.06 update 3 (build 300) Tool: armlink [4d35c9]

==============================================================================

Section Cross References

    system_stm32f4xx.o(.text) refers to system_stm32f4xx.o(.data) for SystemCoreClock
    contact.o(.text) refers to can.o(.text) for CAN1_Send_Msg
    contact.o(.text) refers to stm32f4xx_gpio.o(.text) for GPIO_SetBits
    contact.o(.text) refers to dflt_clz.o(x$fpl$dflt) for __aeabi_i2d
    contact.o(.text) refers to dmul.o(x$fpl$dmul) for __aeabi_dmul
    contact.o(.text) refers to dfix.o(x$fpl$dfix) for __aeabi_d2iz
    contact.o(.text) refers to contact.o(.data) for speed_array
    encoder.o(.text) refers to stm32f4xx_rcc.o(.text) for RCC_APB1PeriphClockCmd
    encoder.o(.text) refers to stm32f4xx_gpio.o(.text) for GPIO_PinAFConfig
    encoder.o(.text) refers to stm32f4xx_tim.o(.text) for TIM_DeInit
    odometry.o(.text) refers to f2d.o(x$fpl$f2d) for __aeabi_f2d
    odometry.o(.text) refers to sin.o(i.__hardfp_sin) for __hardfp_sin
    odometry.o(.text) refers to d2f.o(x$fpl$d2f) for __aeabi_d2f
    odometry.o(.text) refers to cos.o(i.__hardfp_cos) for __hardfp_cos
    odometry.o(.text) refers to odometry.o(.data) for once
    main.o(.text) refers to os_task.o(.text) for OSTaskQPost
    main.o(.text) refers to delay.o(.text) for delay_ms
    main.o(.text) refers to remote.o(.text) for Remote_Scan
    main.o(.text) refers to os_time.o(.text) for OSTimeDlyHMSM
    main.o(.text) refers to stm32f4xx_gpio.o(.text) for GPIO_ReadInputDataBit
    main.o(.text) refers to dflt_clz.o(x$fpl$dfltu) for __aeabi_ui2d
    main.o(.text) refers to dmul.o(x$fpl$dmul) for __aeabi_dmul
    main.o(.text) refers to d2f.o(x$fpl$d2f) for __aeabi_d2f
    main.o(.text) refers to main.o(.data) for leftdata
    main.o(.text) refers to main.o(.bss) for SPEED_TRANSFORM_TaskTCB
    main.o(.text) refers to odometry.o(.data) for position_x
    main.o(.text) refers to malloc.o(.text) for mymalloc
    main.o(.text) refers to usart.o(.text) for uart1_format_build_and_send
    main.o(.text) refers to user.o(.text) for battery_check
    main.o(.text) refers to rt_memcpy_v6.o(.text) for __aeabi_memcpy
    main.o(.text) refers to contact.o(.text) for car_control
    main.o(.text) refers to iwdg.o(.text) for IWDG_Feed
    main.o(.text) refers to odometry.o(.text) for odometry_cal
    main.o(.text) refers to cpu_core.o(.text) for CPU_Init
    main.o(.text) refers to os_stat.o(.text) for OSStatTaskCPUUsageInit
    main.o(.text) refers to os_core.o(.text) for OSSchedRoundRobinCfg
    main.o(.text) refers to cpu_a.o(.text) for CPU_SR_Save
    main.o(.text) refers to os_sem.o(.text) for OSSemCreate
    main.o(.text) refers to os_tmr.o(.text) for OSTmrCreate
    main.o(.text) refers to usart.o(.data) for SendBuff2
    main.o(.text) refers to os_var.o(.data) for OSSchedLockNestingCtr
    main.o(.text) refers to misc.o(.text) for NVIC_PriorityGroupConfig
    main.o(.text) refers to led.o(.text) for LED_Init
    main.o(.text) refers to key.o(.text) for KEY_Init
    main.o(.text) refers to beep.o(.text) for BEEP_Init
    main.o(.text) refers to adc.o(.text) for Adc_Init
    main.o(.text) refers to can.o(.text) for CAN1_Mode_Init
    main.o(.text) refers to encoder.o(.text) for ENC_Init_Left
    main.o(.text) refers to stm32f4xx_rcc.o(.text) for RCC_APB1PeriphClockCmd
    main.o(.text) refers to stm32f4xx_pwr.o(.text) for PWR_BackupAccessCmd
    main.o(.text) refers to stm32f4xx_usart.o(.text) for USART_DMACmd
    main.o(.text) refers to dma.o(.text) for MYDMA_Enable
    main.o(.text) refers to lcd.o(.text) for LCD_ShowString
    user.o(.text) refers to adc.o(.text) for Get_Adc_Average
    user.o(.text) refers to stm32f4xx_rcc.o(.text) for RCC_GetFlagStatus
    user.o(.text) refers to delay.o(.text) for delay_ms
    user.o(.text) refers to motor.o(.text) for motor_init_task
    user.o(.text) refers to misc.o(.text) for NVIC_PriorityGroupConfig
    user.o(.text) refers to stm32f4xx_exti.o(.text) for EXTI_Init
    user.o(.text) refers to stm32f4xx_pwr.o(.text) for PWR_PVDLevelConfig
    user.o(.text) refers to user.o(.data) for reset_pro
    motor.o(.text) refers to can.o(.text) for CAN1_Send_Msg
    motor.o(.text) refers to delay.o(.text) for delay_ms
    motor.o(.text) refers to motor.o(.data) for MOTOR_STOP_CMD
    led.o(.text) refers to stm32f4xx_rcc.o(.text) for RCC_AHB1PeriphClockCmd
    led.o(.text) refers to stm32f4xx_gpio.o(.text) for GPIO_Init
    lcd.o(.text) refers to _printf_percent.o(.ARM.Collect$$_printf_percent$$00000000) for _printf_percent
    lcd.o(.text) refers to _printf_x.o(.ARM.Collect$$_printf_percent$$0000000C) for _printf_x
    lcd.o(.text) refers to _printf_hex_int.o(.text) for _printf_longlong_hex
    lcd.o(.text) refers to delay.o(.text) for delay_us
    lcd.o(.text) refers to lcd.o(.bss) for lcddev
    lcd.o(.text) refers to lcd.o(.data) for POINT_COLOR
    lcd.o(.text) refers to dflt_clz.o(x$fpl$dfltu) for __aeabi_ui2d
[...]
    BSP_CPU_ClkFreq                          0x0800aa81   Thumb Code    14  bsp.o(.text)
    CPU_TS_TmrInit                           0x0800aa8f   Thumb Code    44  bsp.o(.text)
    CPU_TS_TmrRd                             0x0800aabb   Thumb Code     6  bsp.o(.text)
    CPU_TS32_to_uSec                         0x0800aac1   Thumb Code    54  bsp.o(.text)
    CPU_NameClr                              0x0800ab05   Thumb Code    42  cpu_core.o(.text)
    CPU_Init                                 0x0800ab45   Thumb Code    12  cpu_core.o(.text)
    CPU_SW_Exception                         0x0800ab51   Thumb Code     4  cpu_core.o(.text)
    CPU_NameGet                              0x0800ab55   Thumb Code    70  cpu_core.o(.text)
    CPU_NameSet                              0x0800ab9b   Thumb Code    96  cpu_core.o(.text)
    CPU_TS_Get32                             0x0800abfb   Thumb Code    12  cpu_core.o(.text)
    CPU_TS_Update                            0x0800ac07   Thumb Code     2  cpu_core.o(.text)
    CPU_TS_TmrFreqGet                        0x0800ac09   Thumb Code    30  cpu_core.o(.text)
    CPU_TS_TmrFreqSet                        0x0800ac27   Thumb Code     6  cpu_core.o(.text)
    CPU_CntLeadZeros08                       0x0800ac2d   Thumb Code    18  cpu_core.o(.text)
    CPU_CntLeadZeros16                       0x0800ac3f   Thumb Code    18  cpu_core.o(.text)
    CPU_CntLeadZeros32                       0x0800ac51   Thumb Code    18  cpu_core.o(.text)
    CPU_CntLeadZeros64                       0x0800ac63   Thumb Code   188  cpu_core.o(.text)
    CPU_CntTrailZeros08                      0x0800ad1f   Thumb Code    22  cpu_core.o(.text)
    CPU_CntTrailZeros16                      0x0800ad35   Thumb Code    22  cpu_core.o(.text)
    CPU_CntTrailZeros32                      0x0800ad4b   Thumb Code    22  cpu_core.o(.text)
    CPU_CntTrailZeros64                      0x0800ad61   Thumb Code    62  cpu_core.o(.text)
    CPU_IntDis                               0x0800adad   Thumb Code     0  cpu_a.o(.text)
    CPU_IntEn                                0x0800adb1   Thumb Code     0  cpu_a.o(.text)
    CPU_SR_Save                              0x0800adb5   Thumb Code     0  cpu_a.o(.text)
    CPU_SR_Restore                           0x0800adbd   Thumb Code     0  cpu_a.o(.text)
    CPU_WaitForInt                           0x0800adc3   Thumb Code     0  cpu_a.o(.text)
    CPU_WaitForExcept                        0x0800adc7   Thumb Code     0  cpu_a.o(.text)
    CPU_CntLeadZeros                         0x0800adcb   Thumb Code     0  cpu_a.o(.text)
    CPU_CntTrailZeros                        0x0800add1   Thumb Code     0  cpu_a.o(.text)
    CPU_RevBits                              0x0800addb   Thumb Code     0  cpu_a.o(.text)
    ASCII_IsAlpha                            0x0800ade1   Thumb Code    48  lib_ascii.o(.text)
    ASCII_IsAlphaNum                         0x0800ae11   Thumb Code    76  lib_ascii.o(.text)
    ASCII_IsLower                            0x0800ae5d   Thumb Code    20  lib_ascii.o(.text)
    ASCII_IsUpper                            0x0800ae71   Thumb Code    20  lib_ascii.o(.text)
    ASCII_IsDig                              0x0800ae85   Thumb Code    20  lib_ascii.o(.text)
    ASCII_IsDigOct                           0x0800ae99   Thumb Code    20  lib_ascii.o(.text)
    ASCII_IsDigHex                           0x0800aead   Thumb Code    36  lib_ascii.o(.text)
    ASCII_IsBlank                            0x0800aed1   Thumb Code    20  lib_ascii.o(.text)
    ASCII_IsSpace                            0x0800aee5   Thumb Code    36  lib_ascii.o(.text)
    ASCII_IsPrint                            0x0800af09   Thumb Code    20  lib_ascii.o(.text)
    ASCII_IsGraph                            0x0800af1d   Thumb Code    20  lib_ascii.o(.text)
    ASCII_IsPunct                            0x0800af31   Thumb Code   134  lib_ascii.o(.text)
    ASCII_IsCtrl                             0x0800afb7   Thumb Code    26  lib_ascii.o(.text)
    ASCII_ToLower                            0x0800afd1   Thumb Code    32  lib_ascii.o(.text)
    ASCII_ToUpper                            0x0800aff1   Thumb Code    32  lib_ascii.o(.text)
    ASCII_Cmp                                0x0800b011   Thumb Code    38  lib_ascii.o(.text)
    Mem_Init                                 0x0800b039   Thumb Code    52  lib_mem.o(.text)
    Mem_Set                                  0x0800b06d   Thumb Code    84  lib_mem.o(.text)
    Mem_Clr                                  0x0800b0c1   Thumb Code    18  lib_mem.o(.text)
    Mem_Move                                 0x0800b0d3   Thumb Code   186  lib_mem.o(.text)
    Mem_Cmp                                  0x0800b18d   Thumb Code   192  lib_mem.o(.text)
    Mem_HeapAlloc                            0x0800b2c5   Thumb Code   168  lib_mem.o(.text)
    Mem_SegGetSizeRem                        0x0800b36d   Thumb Code   108  lib_mem.o(.text)
    Mem_HeapGetSizeRem                       0x0800b3d9   Thumb Code    22  lib_mem.o(.text)
    Mem_PoolClr                              0x0800b3ef   Thumb Code    82  lib_mem.o(.text)
    Mem_PoolCreate                           0x0800b441   Thumb Code   838  lib_mem.o(.text)
    Mem_PoolBlkGetNbrAvail                   0x0800b787   Thumb Code    52  lib_mem.o(.text)
    Mem_PoolBlkGet                           0x0800b7bb   Thumb Code   126  lib_mem.o(.text)
    Mem_PoolBlkGetUsedAtIx                   0x0800b839   Thumb Code   140  lib_mem.o(.text)
    Mem_PoolBlkFree                          0x0800b8c5   Thumb Code   152  lib_mem.o(.text)
    Mem_PoolBlkIxGet                         0x0800b95d   Thumb Code   162  lib_mem.o(.text)
    Str_Len_N                                0x0800ba01   Thumb Code    28  lib_str.o(.text)
    Str_Len                                  0x0800ba1d   Thumb Code    20  lib_str.o(.text)
    Str_Copy_N                               0x0800ba31   Thumb Code    70  lib_str.o(.text)
    Str_Copy                                 0x0800ba77   Thumb Code    24  lib_str.o(.text)
    Str_Cat_N                                0x0800ba8f   Thumb Code    90  lib_str.o(.text)
    Str_Cat                                  0x0800bae9   Thumb Code    24  lib_str.o(.text)
    Str_Cmp_N                                0x0800bb01   Thumb Code   156  lib_str.o(.text)
    Str_Cmp                                  0x0800bb9d   Thumb Code    24  lib_str.o(.text)
    Str_CmpIgnoreCase_N                      0x0800bbb5   Thumb Code   264  lib_str.o(.text)
    Str_CmpIgnoreCase                        0x0800bcbd   Thumb Code    24  lib_str.o(.text)
    Str_Char_N                               0x0800bcd5   Thumb Code    74  lib_str.o(.text)
    Str_Char                                 0x0800bd1f   Thumb Code    24  lib_str.o(.text)
    Str_Char_Last_N                          0x0800bd37   Thumb Code    76  lib_str.o(.text)
    Str_Char_Last                            0x0800bd83   Thumb Code    24  lib_str.o(.text)
    Str_Char_Replace_N                       0x0800bd9b   Thumb Code    52  lib_str.o(.text)
    Str_Char_Replace                         0x0800bdcf   Thumb Code    28  lib_str.o(.text)
    Str_Str_N                                0x0800bdeb   Thumb Code   182  lib_str.o(.text)
    Str_Str                                  0x0800bea1   Thumb Code    24  lib_str.o(.text)
    Str_FmtNbr_Int32U                        0x0800c095   Thumb Code    46  lib_str.o(.text)
    Str_FmtNbr_Int32S                        0x0800c0c3   Thumb Code    62  lib_str.o(.text)
    Str_ParseNbr_Int32U                      0x0800c2bf   Thumb Code    30  lib_str.o(.text)
    Str_ParseNbr_Int32S                      0x0800c2dd   Thumb Code    74  lib_str.o(.text)
    Mem_Copy                                 0x0800c32d   Thumb Code     0  lib_mem_a.o(.text)
    OSCfg_Init                               0x0800c54d   Thumb Code    86  os_cfg_app.o(.text)
    OS_IdleTask                              0x0800c649   Thumb Code    60  os_core.o(.text)
    OS_IdleTaskInit                          0x0800c685   Thumb Code    68  os_core.o(.text)
    OS_RdyListInit                           0x0800c6c9   Thumb Code    32  os_core.o(.text)
    OSInit                                   0x0800c6e9   Thumb Code   300  os_core.o(.text)
    OSIntEnter                               0x0800c815   Thumb Code    34  os_core.o(.text)
    OSIntExit                                0x0800c837   Thumb Code   188  os_core.o(.text)
    OSSched                                  0x0800c8f3   Thumb Code   130  os_core.o(.text)
    OS_SchedLockTimeMeasStart                0x0800c975   Thumb Code    20  os_core.o(.text)
    OSSchedLock                              0x0800c989   Thumb Code   104  os_core.o(.text)
    OS_SchedLockTimeMeasStop                 0x0800c9f1   Thumb Code    44  os_core.o(.text)
    OSSchedUnlock                            0x0800ca1d   Thumb Code   286  os_core.o(.text)
    OSSchedRoundRobinCfg                     0x0800cb3b   Thumb Code    88  os_core.o(.text)
    OS_RdyListMoveHeadToTail                 0x0800cb93   Thumb Code    68  os_core.o(.text)
    OSSchedRoundRobinYield                   0x0800cbd7   Thumb Code   164  os_core.o(.text)
    OSStart                                  0x0800cc7b   Thumb Code    78  os_core.o(.text)
    OSVersion                                0x0800ccc9   Thumb Code    12  os_core.o(.text)
    OS_PendDbgNameAdd                        0x0800ccd5   Thumb Code    66  os_core.o(.text)
    OS_PendListInsertPrio                    0x0800cd17   Thumb Code   102  os_core.o(.text)
    OS_PendDataInit                          0x0800cd7d   Thumb Code    38  os_core.o(.text)
    OS_RdyListRemove                         0x0800cda3   Thumb Code    86  os_core.o(.text)
    OS_TaskBlock                             0x0800cdf9   Thumb Code    56  os_core.o(.text)
    OS_Pend                                  0x0800ce31   Thumb Code    98  os_core.o(.text)
    OS_PendListRemove1                       0x0800ce93   Thumb Code   136  os_core.o(.text)
    OS_PendListRemove                        0x0800cf1b   Thumb Code    48  os_core.o(.text)
    OS_PendAbort1                            0x0800cf4b   Thumb Code    36  os_core.o(.text)
    OS_RdyListInsertHead                     0x0800cf6f   Thumb Code    58  os_core.o(.text)
    OS_RdyListInsertTail                     0x0800cfa9   Thumb Code    56  os_core.o(.text)
    OS_RdyListInsert                         0x0800cfe1   Thumb Code    40  os_core.o(.text)
    OS_TaskRdy                               0x0800d009   Thumb Code    28  os_core.o(.text)
    OS_PendAbort                             0x0800d025   Thumb Code   166  os_core.o(.text)
    OS_PendDbgNameRemove                     0x0800d0cb   Thumb Code    34  os_core.o(.text)
    OS_PendListChangePrio                    0x0800d0ed   Thumb Code    70  os_core.o(.text)
    OS_PendListInit                          0x0800d133   Thumb Code    10  os_core.o(.text)
    OS_PendListInsertHead                    0x0800d13d   Thumb Code    32  os_core.o(.text)
    OS_PendObjDel1                           0x0800d15d   Thumb Code    36  os_core.o(.text)
    OS_PendObjDel                            0x0800d181   Thumb Code   162  os_core.o(.text)
    OS_Post1                                 0x0800d223   Thumb Code    42  os_core.o(.text)
    OS_Post                                  0x0800d24d   Thumb Code   192  os_core.o(.text)
    OS_Sched0                                0x0800d30d   Thumb Code    68  os_core.o(.text)
    OS_SchedRoundRobin                       0x0800d351   Thumb Code   218  os_core.o(.text)
    OS_Dbg_Init                              0x0800d439   Thumb Code   146  os_dbg.o(.text)
    OS_FlagDbgListAdd                        0x0800d5e9   Thumb Code    38  os_flag.o(.text)
    OSFlagCreate                             0x0800d60f   Thumb Code   172  os_flag.o(.text)
    OS_FlagClr                               0x0800d6bb   Thumb Code    28  os_flag.o(.text)
    OS_FlagDbgListRemove                     0x0800d6d7   Thumb Code    44  os_flag.o(.text)
    OSFlagDel                                0x0800d703   Thumb Code   594  os_flag.o(.text)
    OS_FlagBlock                             0x0800d955   Thumb Code    58  os_flag.o(.text)
    OSFlagPend                               0x0800d98f   Thumb Code  1488  os_flag.o(.text)
    OSFlagPendAbort                          0x0800df5f   Thumb Code   292  os_flag.o(.text)
    OSFlagPendGetFlagsRdy                    0x0800e083   Thumb Code    68  os_flag.o(.text)
    OS_FlagTaskRdy                           0x0800e0c7   Thumb Code    86  os_flag.o(.text)
    OS_FlagPost                              0x0800e11d   Thumb Code   570  os_flag.o(.text)
    OSFlagPost                               0x0800e357   Thumb Code   146  os_flag.o(.text)
    OS_FlagInit                              0x0800e3e9   Thumb Code    14  os_flag.o(.text)
    OS_IntQPost                              0x0800e411   Thumb Code   216  os_int.o(.text)
    OS_IntQRePost                            0x0800e4e9   Thumb Code   360  os_int.o(.text)
    OS_IntQTask                              0x0800e651   Thumb Code   162  os_int.o(.text)
    OS_IntQTaskInit                          0x0800e6f3   Thumb Code   208  os_int.o(.text)
    OS_MemDbgListAdd                         0x0800e855   Thumb Code    34  os_mem.o(.text)
    OSMemCreate                              0x0800e877   Thumb Code   288  os_mem.o(.text)
    OSMemGet                                 0x0800e997   Thumb Code   100  os_mem.o(.text)
    OSMemPut                                 0x0800e9fb   Thumb Code   112  os_mem.o(.text)
    OS_MemInit                               0x0800ea6b   Thumb Code    14  os_mem.o(.text)
    OS_MsgPoolCreate                         0x0800ea8d   Thumb Code    54  os_msg.o(.text)
    OS_MsgPoolInit                           0x0800eac3   Thumb Code    70  os_msg.o(.text)
    OS_MsgQFreeAll                           0x0800eb09   Thumb Code    62  os_msg.o(.text)
    OS_MsgQInit                              0x0800eb47   Thumb Code    14  os_msg.o(.text)
    OS_MsgQGet                               0x0800eb55   Thumb Code    98  os_msg.o(.text)
    OS_MsgQPut                               0x0800ebb7   Thumb Code   246  os_msg.o(.text)
    OS_MutexDbgListAdd                       0x0800ecb9   Thumb Code    38  os_mutex.o(.text)
    OSMutexCreate                            0x0800ecdf   Thumb Code   178  os_mutex.o(.text)
    OS_MutexClr                              0x0800ed91   Thumb Code    38  os_mutex.o(.text)
    OS_MutexDbgListRemove                    0x0800edb7   Thumb Code    44  os_mutex.o(.text)
    OSMutexDel                               0x0800ede3   Thumb Code   842  os_mutex.o(.text)
    OSMutexPend                              0x0800f12d   Thumb Code   706  os_mutex.o(.text)
    OSMutexPendAbort                         0x0800f3ef   Thumb Code   314  os_mutex.o(.text)
    OSMutexPost                              0x0800f529   Thumb Code   564  os_mutex.o(.text)
    OS_MutexInit                             0x0800f75d   Thumb Code    14  os_mutex.o(.text)
    OS_PrioInit                              0x0800f78d   Thumb Code    20  os_prio.o(.text)
    OS_PrioGetHighest                        0x0800f7a1   Thumb Code    36  os_prio.o(.text)
    OS_PrioInsert                            0x0800f7c5   Thumb Code    32  os_prio.o(.text)
    OS_PrioRemove                            0x0800f7e5   Thumb Code    32  os_prio.o(.text)
    OS_QDbgListAdd                           0x0800f809   Thumb Code    38  os_q.o(.text)
    OSQCreate                                0x0800f82f   Thumb Code   186  os_q.o(.text)
    OS_QClr                                  0x0800f8e9   Thumb Code    40  os_q.o(.text)
    OS_QDbgListRemove                        0x0800f911   Thumb Code    44  os_q.o(.text)
    OSQDel                                   0x0800f93d   Thumb Code   362  os_q.o(.text)
    OSQFlush                                 0x0800faa7   Thumb Code   210  os_q.o(.text)
    OSQPend                                  0x0800fb79   Thumb Code   538  os_q.o(.text)
    OSQPendAbort                             0x0800fd93   Thumb Code   292  os_q.o(.text)
    OS_QPost                                 0x0800feb7   Thumb Code   324  os_q.o(.text)
    OSQPost                                  0x0800fffb   Thumb Code   198  os_q.o(.text)
    OS_QInit                                 0x080100c1   Thumb Code    14  os_q.o(.text)
    OS_SemDbgListAdd                         0x080100e1   Thumb Code    38  os_sem.o(.text)
    OSSemCreate                              0x08010107   Thumb Code   172  os_sem.o(.text)
    OS_SemClr                                0x080101b3   Thumb Code    28  os_sem.o(.text)
    OS_SemDbgListRemove                      0x080101cf   Thumb Code    44  os_sem.o(.text)
    OSSemDel                                 0x080101fb   Thumb Code   362  os_sem.o(.text)
    OSSemPend                                0x08010365   Thumb Code   504  os_sem.o(.text)
    OSSemPendAbort                           0x0801055d   Thumb Code   292  os_sem.o(.text)
    OS_SemPost                               0x08010681   Thumb Code   350  os_sem.o(.text)
    OSSemPost                                0x080107df   Thumb Code   144  os_sem.o(.text)
    OSSemSet                                 0x0801086f   Thumb Code   138  os_sem.o(.text)
    OS_SemInit                               0x080108f9   Thumb Code    14  os_sem.o(.text)
    OSStatReset                              0x08010911   Thumb Code   270  os_stat.o(.text)
    OSStatTaskCPUUsageInit                   0x08010a1f   Thumb Code   212  os_stat.o(.text)
    OS_StatTask                              0x08010af3   Thumb Code   888  os_stat.o(.text)
    OS_StatTaskInit                          0x08010e6b   Thumb Code   138  os_stat.o(.text)
    OSTaskChangePrio                         0x08010f49   Thumb Code   416  os_task.o(.text)
    OS_TaskDbgListAdd                        0x080110e9   Thumb Code    42  os_task.o(.text)
    OS_TaskInitTCB                           0x08011113   Thumb Code   186  os_task.o(.text)
    OSTaskCreate                             0x080111cd   Thumb Code   616  os_task.o(.text)
    OS_TaskDbgListRemove                     0x08011435   Thumb Code    64  os_task.o(.text)
    OSTaskDel                                0x08011475   Thumb Code   424  os_task.o(.text)
    OSTaskQFlush                             0x0801161d   Thumb Code   214  os_task.o(.text)
    OSTaskQPend                              0x080116f3   Thumb Code   554  os_task.o(.text)
    OSTaskQPendAbort                         0x0801191d   Thumb Code   242  os_task.o(.text)
    OS_TaskQPost                             0x08011a0f   Thumb Code   526  os_task.o(.text)
    OSTaskQPost                              0x08011c1d   Thumb Code   114  os_task.o(.text)
    OSTaskRegGet                             0x08011c8f   Thumb Code    78  os_task.o(.text)
    OSTaskRegGetID                           0x08011cdd   Thumb Code    84  os_task.o(.text)
    OSTaskRegSet                             0x08011d31   Thumb Code    78  os_task.o(.text)
    OS_TaskResume                            0x08011d7f   Thumb Code   314  os_task.o(.text)
    OSTaskResume                             0x08011eb9   Thumb Code   112  os_task.o(.text)
    OSTaskSemPend                            0x08011f29   Thumb Code   550  os_task.o(.text)
    OSTaskSemPendAbort                       0x0801214f   Thumb Code   270  os_task.o(.text)
    OS_TaskSemPost                           0x0801225d   Thumb Code  1224  os_task.o(.text)
    OSTaskSemPost                            0x08012725   Thumb Code    98  os_task.o(.text)
    OSTaskSemSet                             0x08012787   Thumb Code    80  os_task.o(.text)
    OSTaskStkChk                             0x080127d7   Thumb Code   224  os_task.o(.text)
    OS_TaskSuspend                           0x080128b7   Thumb Code   328  os_task.o(.text)
    OSTaskSuspend                            0x080129ff   Thumb Code    78  os_task.o(.text)
    OSTaskTimeQuantaSet                      0x08012a4d   Thumb Code    96  os_task.o(.text)
    OS_TaskInit                              0x08012aad   Thumb Code    18  os_task.o(.text)
    OS_TaskReturn                            0x08012abf   Thumb Code    20  os_task.o(.text)
    OS_TickListRemove                        0x08012afd   Thumb Code    56  os_tick.o(.text)
    OS_TickListUpdate                        0x08012b35   Thumb Code   480  os_tick.o(.text)
    OS_TickTask                              0x08012d15   Thumb Code    38  os_tick.o(.text)
    OS_TickListInit                          0x08012d3b   Thumb Code    32  os_tick.o(.text)
    OS_TickTaskInit                          0x08012d5b   Thumb Code   130  os_tick.o(.text)
    OS_TickListInsert                        0x08012ddd   Thumb Code   502  os_tick.o(.text)
    OS_TickListResetPeak                     0x08012fd3   Thumb Code    28  os_tick.o(.text)
    OSTimeDly                                0x08012ff9   Thumb Code   266  os_time.o(.text)
    OSTimeDlyHMSM                            0x08013103   Thumb Code   480  os_time.o(.text)
    OSTimeDlyResume                          0x080132e3   Thumb Code   466  os_time.o(.text)
    OSTimeGet                                0x080134b5   Thumb Code    46  os_time.o(.text)
    OSTimeSet                                0x080134e3   Thumb Code    46  os_time.o(.text)
    OSTimeTick                               0x08013511   Thumb Code    54  os_time.o(.text)
    OS_TmrDbgListAdd                         0x0801355d   Thumb Code    34  os_tmr.o(.text)
    OSTmrCreate                              0x0801357f   Thumb Code   248  os_tmr.o(.text)
    OS_TmrClr                                0x08013677   Thumb Code    36  os_tmr.o(.text)
    OS_TmrUnlink                             0x0801369b   Thumb Code    72  os_tmr.o(.text)
    OS_TmrDbgListRemove                      0x080136e3   Thumb Code    44  os_tmr.o(.text)
    OSTmrDel                                 0x0801370f   Thumb Code   176  os_tmr.o(.text)
    OSTmrRemainGet                           0x080137bf   Thumb Code   184  os_tmr.o(.text)
    OS_TmrLink                               0x08013877   Thumb Code   196  os_tmr.o(.text)
    OSTmrStart                               0x0801393b   Thumb Code   210  os_tmr.o(.text)
    OSTmrStateGet                            0x08013a0d   Thumb Code   134  os_tmr.o(.text)
    OSTmrStop                                0x08013a93   Thumb Code   232  os_tmr.o(.text)
    OS_TmrTask                               0x08013b7b   Thumb Code   176  os_tmr.o(.text)
    OS_TmrInit                               0x08013c2b   Thumb Code   208  os_tmr.o(.text)
    OS_TmrResetPeak                          0x08013cfb   Thumb Code    28  os_tmr.o(.text)
    OSIdleTaskHook                           0x08013d75   Thumb Code    16  os_cpu_c.o(.text)
    OSInitHook                               0x08013d85   Thumb Code    28  os_cpu_c.o(.text)
    OSStatTaskHook                           0x08013da1   Thumb Code    16  os_cpu_c.o(.text)
    OSTaskCreateHook                         0x08013db1   Thumb Code    20  os_cpu_c.o(.text)
    OSTaskDelHook                            0x08013dc5   Thumb Code    20  os_cpu_c.o(.text)
    OSTaskReturnHook                         0x08013dd9   Thumb Code    20  os_cpu_c.o(.text)
    OSTaskStkInit                            0x08013ded   Thumb Code   600  os_cpu_c.o(.text)
    OSTaskSwHook                             0x08014045   Thumb Code   120  os_cpu_c.o(.text)
    OSTimeTickHook                           0x080140bd   Thumb Code    16  os_cpu_c.o(.text)
    OS_CPU_SysTickHandler                    0x080140cd   Thumb Code    52  os_cpu_c.o(.text)
    OS_CPU_SysTickInit                       0x08014101   Thumb Code    44  os_cpu_c.o(.text)
    mymemcpy                                 0x0801416d   Thumb Code    26  malloc.o(.text)
    mymemset                                 0x08014187   Thumb Code    20  malloc.o(.text)
    my_mem_init                              0x0801419b   Thumb Code    54  malloc.o(.text)
    my_mem_perused                           0x080141d1   Thumb Code    54  malloc.o(.text)
    my_mem_malloc                            0x08014207   Thumb Code   154  malloc.o(.text)
    my_mem_free                              0x080142a1   Thumb Code    94  malloc.o(.text)
    myfree                                   0x080142ff   Thumb Code    32  malloc.o(.text)
    mymalloc                                 0x0801431f   Thumb Code    36  malloc.o(.text)
    myrealloc                                0x08014343   Thumb Code    68  malloc.o(.text)
    __use_no_semihosting                     0x08014399   Thumb Code     2  use_no_semi_2.o(.text)
    __aeabi_uldivmod                         0x0801439b   Thumb Code     0  lludivv7m.o(.text)
    _ll_udiv                                 0x0801439b   Thumb Code   238  lludivv7m.o(.text)
    __2printf                                0x08014489   Thumb Code    20  noretval__2printf.o(.text)
    __printf                                 0x080144a1   Thumb Code   104  __printf.o(.text)
    _printf_int_hex                          0x08014509   Thumb Code    84  _printf_hex_int.o(.text)
    _printf_longlong_hex                     0x08014509   Thumb Code     0  _printf_hex_int.o(.text)
    __aeabi_memcpy                           0x08014561   Thumb Code     0  rt_memcpy_v6.o(.text)
    __rt_memcpy                              0x08014561   Thumb Code   138  rt_memcpy_v6.o(.text)
    _memcpy_lastbytes                        0x080145c7   Thumb Code     0  rt_memcpy_v6.o(.text)
    __use_two_region_memory                  0x080145eb   Thumb Code     2  heapauxi.o(.text)
    __rt_heap_escrow$2region                 0x080145ed   Thumb Code     2  heapauxi.o(.text)
    __rt_heap_expand$2region                 0x080145ef   Thumb Code     2  heapauxi.o(.text)
    __I$use$semihosting                      0x080145f1   Thumb Code     0  use_no_semi.o(.text)
    __use_no_semihosting_swi                 0x080145f1   Thumb Code     2  use_no_semi.o(.text)
    __read_errno                             0x080145f3   Thumb Code    10  _rserrno.o(.text)
    __set_errno                              0x080145fd   Thumb Code    12  _rserrno.o(.text)
    _printf_int_common                       0x08014609   Thumb Code   178  _printf_intcommon.o(.text)
    _printf_char_file                        0x080146bd   Thumb Code    32  _printf_char_file.o(.text)
    __aeabi_memcpy4                          0x080146e1   Thumb Code     0  rt_memcpy_w.o(.text)
    __aeabi_memcpy8                          0x080146e1   Thumb Code     0  rt_memcpy_w.o(.text)
    __rt_memcpy_w                            0x080146e1   Thumb Code   100  rt_memcpy_w.o(.text)
    _memcpy_lastbytes_aligned                0x08014729   Thumb Code     0  rt_memcpy_w.o(.text)
    __aeabi_errno_addr                       0x08014745   Thumb Code     8  rt_errno_addr_intlibspace.o(.text)
    __errno$intlibspace                      0x08014745   Thumb Code     0  rt_errno_addr_intlibspace.o(.text)
    __rt_errno_addr$intlibspace              0x08014745   Thumb Code     0  rt_errno_addr_intlibspace.o(.text)
    _printf_char_common                      0x08014757   Thumb Code    32  _printf_char_common.o(.text)
    ferror                                   0x0801477d   Thumb Code     8  ferror.o(.text)
    __user_libspace                          0x08014785   Thumb Code     8  libspace.o(.text)
    __user_perproc_libspace                  0x08014785   Thumb Code     0  libspace.o(.text)
    __user_perthread_libspace                0x08014785   Thumb Code     0  libspace.o(.text)
    __user_setup_stackheap                   0x0801478d   Thumb Code    74  sys_stackheap_outer.o(.text)
    exit                                     0x080147d7   Thumb Code    18  exit.o(.text)
    OSStartHighRdy                           0x080147e9   Thumb Code     0  os_cpu_a.o(CODE)
    OSCtxSw                                  0x0801480b   Thumb Code     0  os_cpu_a.o(CODE)
    OSIntCtxSw                               0x08014815   Thumb Code     0  os_cpu_a.o(CODE)
    PendSV_Handler                           0x0801481f   Thumb Code     0  os_cpu_a.o(CODE)
    __ARM_fpclassify                         0x08014895   Thumb Code    48  fpclassify.o(i.__ARM_fpclassify)
    __hardfp_cos                             0x080148c9   Thumb Code   180  cos.o(i.__hardfp_cos)
    __hardfp_sin                             0x08014991   Thumb Code   180  sin.o(i.__hardfp_sin)
    __ieee754_rem_pio2                       0x08014a59   Thumb Code   938  rred.o(i.__ieee754_rem_pio2)
    __kernel_cos                             0x08014e91   Thumb Code   322  cos_i.o(i.__kernel_cos)
    __kernel_poly                            0x08015001   Thumb Code   248  poly.o(i.__kernel_poly)
    __kernel_sin                             0x080150f9   Thumb Code   280  sin_i.o(i.__kernel_sin)
    __mathlib_dbl_infnan                     0x08015229   Thumb Code    20  dunder.o(i.__mathlib_dbl_infnan)
    __mathlib_dbl_invalid                    0x08015241   Thumb Code    24  dunder.o(i.__mathlib_dbl_invalid)
    __mathlib_dbl_underflow                  0x08015261   Thumb Code    24  dunder.o(i.__mathlib_dbl_underflow)
    fabs                                     0x08015281   Thumb Code    24  fabs.o(i.fabs)
    __aeabi_dneg                             0x08015299   Thumb Code     0  basic.o(x$fpl$basic)
    _dneg                                    0x08015299   Thumb Code     6  basic.o(x$fpl$basic)
    __aeabi_fneg                             0x0801529f   Thumb Code     0  basic.o(x$fpl$basic)
    _fneg                                    0x0801529f   Thumb Code     6  basic.o(x$fpl$basic)
    _dabs                                    0x080152a5   Thumb Code     6  basic.o(x$fpl$basic)
    _fabs                                    0x080152ab   Thumb Code     6  basic.o(x$fpl$basic)
    __aeabi_d2f                              0x080152b1   Thumb Code     0  d2f.o(x$fpl$d2f)
    _d2f                                     0x080152b1   Thumb Code    98  d2f.o(x$fpl$d2f)
    __aeabi_dadd                             0x08015315   Thumb Code     0  daddsub_clz.o(x$fpl$dadd)
    _dadd                                    0x08015315   Thumb Code   332  daddsub_clz.o(x$fpl$dadd)
    __aeabi_ddiv                             0x08015465   Thumb Code     0  ddiv.o(x$fpl$ddiv)
    _ddiv                                    0x08015465   Thumb Code   552  ddiv.o(x$fpl$ddiv)
    __aeabi_d2iz                             0x08015715   Thumb Code     0  dfix.o(x$fpl$dfix)
    _dfix                                    0x08015715   Thumb Code    94  dfix.o(x$fpl$dfix)
    __aeabi_d2uiz                            0x08015775   Thumb Code     0  dfixu.o(x$fpl$dfixu)
    _dfixu                                   0x08015775   Thumb Code    90  dfixu.o(x$fpl$dfixu)
    __aeabi_i2d                              0x080157cf   Thumb Code     0  dflt_clz.o(x$fpl$dflt)
    _dflt                                    0x080157cf   Thumb Code    46  dflt_clz.o(x$fpl$dflt)
    __aeabi_ui2d                             0x080157fd   Thumb Code     0  dflt_clz.o(x$fpl$dfltu)
    _dfltu                                   0x080157fd   Thumb Code    38  dflt_clz.o(x$fpl$dfltu)
    __aeabi_dmul                             0x08015825   Thumb Code     0  dmul.o(x$fpl$dmul)
    _dmul                                    0x08015825   Thumb Code   332  dmul.o(x$fpl$dmul)
    __fpl_dnaninf                            0x08015979   Thumb Code   156  dnaninf.o(x$fpl$dnaninf)
    __fpl_dretinf                            0x08015a15   Thumb Code    12  dretinf.o(x$fpl$dretinf)
    __aeabi_drsub                            0x08015a21   Thumb Code     0  daddsub_clz.o(x$fpl$drsb)
    _drsb                                    0x08015a21   Thumb Code    22  daddsub_clz.o(x$fpl$drsb)
    __aeabi_dsub                             0x08015a39   Thumb Code     0  daddsub_clz.o(x$fpl$dsub)
    _dsub                                    0x08015a39   Thumb Code   464  daddsub_clz.o(x$fpl$dsub)
    __aeabi_f2d                              0x08015c0d   Thumb Code     0  f2d.o(x$fpl$f2d)
    _f2d                                     0x08015c0d   Thumb Code    86  f2d.o(x$fpl$f2d)
    __fpl_fnaninf                            0x08015c63   Thumb Code   140  fnaninf.o(x$fpl$fnaninf)
    _fp_init                                 0x08015cef   Thumb Code    10  fpinit.o(x$fpl$fpinit)
    __fplib_config_fpu_vfp                   0x08015cf7   Thumb Code     0  fpinit.o(x$fpl$fpinit)
    __fplib_config_pureend_doubles           0x08015cf7   Thumb Code     0  fpinit.o(x$fpl$fpinit)
    __fpl_fretinf                            0x08015cf9   Thumb Code    10  fretinf.o(x$fpl$fretinf)
    __I$use$fp                               0x08015d02   Number         0  usenofp.o(x$fpl$usenofp)
    asc2_1206                                0x08015d02   Data        1140  lcd.o(.constdata)
    asc2_1608                                0x08016176   Data        1520  lcd.o(.constdata)
    asc2_2412                                0x08016766   Data        3420  lcd.o(.constdata)
    FSMC_DefaultTimingStruct                 0x080174c4   Data          28  stm32f4xx_fsmc.o(.constdata)
    CPU_EndiannessTest                       0x080175e0   Data           4  cpu_core.o(.constdata)
    OSCfg_IdleTaskStkBasePtr                 0x08017678   Data           4  os_cfg_app.o(.constdata)
    OSCfg_IdleTaskStkLimit                   0x0801767c   Data           4  os_cfg_app.o(.constdata)
    OSCfg_IdleTaskStkSize                    0x08017680   Data           4  os_cfg_app.o(.constdata)
    OSCfg_IdleTaskStkSizeRAM                 0x08017684   Data           4  os_cfg_app.o(.constdata)
    OSCfg_IntQBasePtr                        0x08017688   Data           4  os_cfg_app.o(.constdata)
    OSCfg_IntQSize                           0x0801768c   Data           2  os_cfg_app.o(.constdata)
    OSCfg_IntQSizeRAM                        0x08017690   Data           4  os_cfg_app.o(.constdata)
    OSCfg_IntQTaskStkBasePtr                 0x08017694   Data           4  os_cfg_app.o(.constdata)
    OSCfg_IntQTaskStkLimit                   0x08017698   Data           4  os_cfg_app.o(.constdata)
    OSCfg_IntQTaskStkSize                    0x0801769c   Data           4  os_cfg_app.o(.constdata)
    OSCfg_IntQTaskStkSizeRAM                 0x080176a0   Data           4  os_cfg_app.o(.constdata)
    OSCfg_ISRStkBasePtr                      0x080176a4   Data           4  os_cfg_app.o(.constdata)
    OSCfg_ISRStkSize                         0x080176a8   Data           4  os_cfg_app.o(.constdata)
    OSCfg_ISRStkSizeRAM                      0x080176ac   Data           4  os_cfg_app.o(.constdata)
    OSCfg_MsgPoolSize                        0x080176b0   Data           2  os_cfg_app.o(.constdata)
    OSCfg_MsgPoolSizeRAM                     0x080176b4   Data           4  os_cfg_app.o(.constdata)
    OSCfg_MsgPoolBasePtr                     0x080176b8   Data           4  os_cfg_app.o(.constdata)
    OSCfg_StatTaskPrio                       0x080176bc   Data           1  os_cfg_app.o(.constdata)
    OSCfg_StatTaskRate_Hz                    0x080176c0   Data           4  os_cfg_app.o(.constdata)
    OSCfg_StatTaskStkBasePtr                 0x080176c4   Data           4  os_cfg_app.o(.constdata)
    OSCfg_StatTaskStkLimit                   0x080176c8   Data           4  os_cfg_app.o(.constdata)
    OSCfg_StatTaskStkSize                    0x080176cc   Data           4  os_cfg_app.o(.constdata)
    OSCfg_StatTaskStkSizeRAM                 0x080176d0   Data           4  os_cfg_app.o(.constdata)
    OSCfg_StkSizeMin                         0x080176d4   Data           4  os_cfg_app.o(.constdata)
    OSCfg_TickRate_Hz                        0x080176d8   Data           4  os_cfg_app.o(.constdata)
    OSCfg_TickTaskPrio                       0x080176dc   Data           1  os_cfg_app.o(.constdata)
    OSCfg_TickTaskStkBasePtr                 0x080176e0   Data           4  os_cfg_app.o(.constdata)
    OSCfg_TickTaskStkLimit                   0x080176e4   Data           4  os_cfg_app.o(.constdata)
    OSCfg_TickTaskStkSize                    0x080176e8   Data           4  os_cfg_app.o(.constdata)
    OSCfg_TickTaskStkSizeRAM                 0x080176ec   Data           4  os_cfg_app.o(.constdata)
    OSCfg_TickWheelSize                      0x080176f0   Data           2  os_cfg_app.o(.constdata)
    OSCfg_TickWheelSizeRAM                   0x080176f4   Data           4  os_cfg_app.o(.constdata)
    OSCfg_TmrTaskPrio                        0x080176f8   Data           1  os_cfg_app.o(.constdata)
    OSCfg_TmrTaskRate_Hz                     0x080176fc   Data           4  os_cfg_app.o(.constdata)
    OSCfg_TmrTaskStkBasePtr                  0x08017700   Data           4  os_cfg_app.o(.constdata)
    OSCfg_TmrTaskStkLimit                    0x08017704   Data           4  os_cfg_app.o(.constdata)
    OSCfg_TmrTaskStkSize                     0x08017708   Data           4  os_cfg_app.o(.constdata)
    OSCfg_TmrTaskStkSizeRAM                  0x0801770c   Data           4  os_cfg_app.o(.constdata)
    OSCfg_TmrWheelSize                       0x08017710   Data           2  os_cfg_app.o(.constdata)
    OSCfg_TmrWheelSizeRAM                    0x08017714   Data           4  os_cfg_app.o(.constdata)
    OSCfg_DataSizeRAM                        0x08017718   Data           4  os_cfg_app.o(.constdata)
    OSDbg_DbgEn                              0x0801771c   Data           2  os_dbg.o(.constdata)
    OSDbg_ArgChkEn                           0x0801771e   Data           1  os_dbg.o(.constdata)
    OSDbg_AppHooksEn                         0x0801771f   Data           1  os_dbg.o(.constdata)
    OSDbg_EndiannessTest                     0x08017720   Data           4  os_dbg.o(.constdata)
    OSDbg_CalledFromISRChkEn                 0x08017724   Data           1  os_dbg.o(.constdata)
    OSDbg_FlagEn                             0x08017725   Data           1  os_dbg.o(.constdata)
    OSDbg_FlagGrp                            0x08017728   Data          40  os_dbg.o(.constdata)
    OSDbg_FlagDelEn                          0x08017750   Data           1  os_dbg.o(.constdata)
    OSDbg_FlagModeClrEn                      0x08017751   Data           1  os_dbg.o(.constdata)
    OSDbg_FlagPendAbortEn                    0x08017752   Data           1  os_dbg.o(.constdata)
    OSDbg_FlagGrpSize                        0x08017754   Data           2  os_dbg.o(.constdata)
    OSDbg_FlagWidth                          0x08017756   Data           2  os_dbg.o(.constdata)
    OSDbg_IntQ                               0x08017758   Data           2  os_dbg.o(.constdata)
    OSDbg_ISRPostDeferredEn                  0x0801775a   Data           1  os_dbg.o(.constdata)
    OSDbg_Mem                                0x0801775c   Data          32  os_dbg.o(.constdata)
    OSDbg_MemEn                              0x0801777c   Data           1  os_dbg.o(.constdata)
    OSDbg_MemSize                            0x0801777e   Data           2  os_dbg.o(.constdata)
    OSDbg_MsgEn                              0x08017780   Data           1  os_dbg.o(.constdata)
    OSDbg_MsgSize                            0x08017782   Data           2  os_dbg.o(.constdata)
    OSDbg_MsgPoolSize                        0x08017784   Data           2  os_dbg.o(.constdata)
    OSDbg_MsgQSize                           0x08017786   Data           2  os_dbg.o(.constdata)
    OSDbg_Mutex                              0x08017788   Data          44  os_dbg.o(.constdata)
    OSDbg_MutexEn                            0x080177b4   Data           1  os_dbg.o(.constdata)
    OSDbg_MutexDelEn                         0x080177b5   Data           1  os_dbg.o(.constdata)
    OSDbg_MutexPendAbortEn                   0x080177b6   Data           1  os_dbg.o(.constdata)
    OSDbg_MutexSize                          0x080177b8   Data           2  os_dbg.o(.constdata)
    OSDbg_ObjTypeChkEn                       0x080177ba   Data           1  os_dbg.o(.constdata)
    OSDbg_PendMultiEn                        0x080177bb   Data           1  os_dbg.o(.constdata)
    OSDbg_PendDataSize                       0x080177bc   Data           2  os_dbg.o(.constdata)
    OSDbg_PendListSize                       0x080177be   Data           2  os_dbg.o(.constdata)
    OSDbg_PendObjSize                        0x080177c0   Data           2  os_dbg.o(.constdata)
    OSDbg_PrioMax                            0x080177c2   Data           2  os_dbg.o(.constdata)
    OSDbg_PrioTblSize                        0x080177c4   Data           2  os_dbg.o(.constdata)
    OSDbg_PtrSize                            0x080177c6   Data           2  os_dbg.o(.constdata)
    OSDbg_Q                                  0x080177c8   Data          48  os_dbg.o(.constdata)
    OSDbg_QEn                                0x080177f8   Data           1  os_dbg.o(.constdata)
    OSDbg_QDelEn                             0x080177f9   Data           1  os_dbg.o(.constdata)
    OSDbg_QFlushEn                           0x080177fa   Data           1  os_dbg.o(.constdata)
    OSDbg_QPendAbortEn                       0x080177fb   Data           1  os_dbg.o(.constdata)
    OSDbg_QSize                              0x080177fc   Data           2  os_dbg.o(.constdata)
    OSDbg_SchedRoundRobinEn                  0x080177fe   Data           1  os_dbg.o(.constdata)
    OSDbg_Sem                                0x08017800   Data          40  os_dbg.o(.constdata)
    OSDbg_SemEn                              0x08017828   Data           1  os_dbg.o(.constdata)
    OSDbg_SemDelEn                           0x08017829   Data           1  os_dbg.o(.constdata)
    OSDbg_SemPendAbortEn                     0x0801782a   Data           1  os_dbg.o(.constdata)
    OSDbg_SemSetEn                           0x0801782b   Data           1  os_dbg.o(.constdata)
    OSDbg_SemSize                            0x0801782c   Data           2  os_dbg.o(.constdata)
    OSDbg_RdyList                            0x0801782e   Data           2  os_dbg.o(.constdata)
    OSDbg_RdyListSize                        0x08017830   Data           4  os_dbg.o(.constdata)
    OSDbg_StkWidth                           0x08017834   Data           1  os_dbg.o(.constdata)
    OSDbg_StatTaskEn                         0x08017835   Data           1  os_dbg.o(.constdata)
    OSDbg_StatTaskStkChkEn                   0x08017836   Data           1  os_dbg.o(.constdata)
    OSDbg_TaskChangePrioEn                   0x08017837   Data           1  os_dbg.o(.constdata)
    OSDbg_TaskDelEn                          0x08017838   Data           1  os_dbg.o(.constdata)
    OSDbg_TaskQEn                            0x08017839   Data           1  os_dbg.o(.constdata)
    OSDbg_TaskQPendAbortEn                   0x0801783a   Data           1  os_dbg.o(.constdata)
    OSDbg_TaskProfileEn                      0x0801783b   Data           1  os_dbg.o(.constdata)
    OSDbg_TaskRegTblSize                     0x0801783c   Data           2  os_dbg.o(.constdata)
    OSDbg_TaskSemPendAbortEn                 0x0801783e   Data           1  os_dbg.o(.constdata)
    OSDbg_TaskSuspendEn                      0x0801783f   Data           1  os_dbg.o(.constdata)
    OSDbg_TCBSize                            0x08017840   Data           2  os_dbg.o(.constdata)
    OSDbg_TickSpokeSize                      0x08017842   Data           2  os_dbg.o(.constdata)
    OSDbg_TimeDlyHMSMEn                      0x08017844   Data           1  os_dbg.o(.constdata)
    OSDbg_TimeDlyResumeEn                    0x08017845   Data           1  os_dbg.o(.constdata)
    OSDbg_TLS_TblSize                        0x08017846   Data           2  os_dbg.o(.constdata)
    OSDbg_Tmr                                0x08017848   Data          52  os_dbg.o(.constdata)
    OSDbg_TmrEn                              0x0801787c   Data           1  os_dbg.o(.constdata)
    OSDbg_TmrDelEn                           0x0801787d   Data           1  os_dbg.o(.constdata)
    OSDbg_TmrSize                            0x0801787e   Data           2  os_dbg.o(.constdata)
    OSDbg_TmrSpokeSize                       0x08017880   Data           2  os_dbg.o(.constdata)
    OSDbg_VersionNbr                         0x08017882   Data           2  os_dbg.o(.constdata)
    OSDbg_DataSize                           0x08017884   Data           4  os_dbg.o(.constdata)
    memtblsize                               0x08017888   Data          12  malloc.o(.constdata)
    memblksize                               0x08017894   Data          12  malloc.o(.constdata)
    memsize                                  0x080178a0   Data          12  malloc.o(.constdata)
    Region$$Table$$Base                      0x080179f8   Number         0  anon$$obj.o(Region$$Table)
    Region$$Table$$Limit                     0x08017a18   Number         0  anon$$obj.o(Region$$Table)
    mem3base                                 0x10000000   Data       61440  malloc.o(.ARM.__AT_0x10000000)
    mem3mapbase                              0x1000f000   Data        3840  malloc.o(.ARM.__AT_0x1000F000)
    SystemCoreClock                          0x20000000   Data           4  system_stm32f4xx.o(.data)
    AHBPrescTable                            0x20000004   Data          16  system_stm32f4xx.o(.data)
    right_speed                              0x2000004c   Data           4  contact.o(.data)
    left_speed                               0x20000050   Data           4  contact.o(.data)
    speed_array                              0x20000054   Data           4  contact.o(.data)
    speed_array2                             0x20000058   Data           4  contact.o(.data)
    Can_Speed_Head                           0x2000005c   Data           4  contact.o(.data)
    position_x                               0x20000060   Data           4  odometry.o(.data)
    position_y                               0x20000064   Data           4  odometry.o(.data)
    oriention                                0x20000068   Data           4  odometry.o(.data)
    velocity_linear                          0x2000006c   Data           4  odometry.o(.data)
    velocity_angular                         0x20000070   Data           4  odometry.o(.data)
    Milemeter_L_Motor                        0x20000074   Data           4  odometry.o(.data)
    Milemeter_R_Motor                        0x20000078   Data           4  odometry.o(.data)
    wheel_interval                           0x2000007c   Data           4  odometry.o(.data)
    wheel_diameter                           0x20000080   Data           4  odometry.o(.data)
    dt                                       0x20000084   Data           4  odometry.o(.data)
    dt_x                                     0x20000088   Data           4  odometry.o(.data)
    oriention_interval                       0x2000008c   Data           4  odometry.o(.data)
    line_number                              0x20000090   Data           4  odometry.o(.data)
    pi_1_2                                   0x20000094   Data           4  odometry.o(.data)
    pi                                       0x20000098   Data           4  odometry.o(.data)
    pi_3_2                                   0x2000009c   Data           4  odometry.o(.data)
    pi_2_1                                   0x200000a0   Data           4  odometry.o(.data)
    delta_distance                           0x200000a4   Data           4  odometry.o(.data)
    delta_oriention                          0x200000a8   Data           4  odometry.o(.data)
    const_frame                              0x200000ac   Data           4  odometry.o(.data)
    const_angle                              0x200000b0   Data           4  odometry.o(.data)
    distance_sum                             0x200000b4   Data           4  odometry.o(.data)
    distance_diff                            0x200000b8   Data           4  odometry.o(.data)
    oriention_1                              0x200000bc   Data           4  odometry.o(.data)
    sin_                                     0x200000c0   Data           4  odometry.o(.data)
    cos_                                     0x200000c4   Data           4  odometry.o(.data)
    once                                     0x200000c8   Data           1  odometry.o(.data)
    Moving_Seconds                           0x2000010c   Data           2  main.o(.data)
    temp_fr_control                          0x2000010e   Data           1  main.o(.data)
    IR_L                                     0x2000010f   Data           1  main.o(.data)
    IR_M                                     0x20000110   Data           1  main.o(.data)
    IR_R                                     0x20000111   Data           1  main.o(.data)
    Reset_Robot_Count                        0x20000112   Data           2  main.o(.data)
    battery_v                                0x20000114   Data           4  main.o(.data)
    leftdata                                 0x20000118   Data           4  main.o(.data)
    rightdata                                0x2000011c   Data           4  main.o(.data)
    Robot_Status                             0x20000120   Data           2  main.o(.data)
    Robot_Error                              0x20000122   Data           2  main.o(.data)
    Charge_Exit_Seconds                      0x20000124   Data           2  main.o(.data)
    x_data                                   0x20000128   Data           4  main.o(.data)
    y_data                                   0x2000012c   Data           4  main.o(.data)
    theta_data                               0x20000130   Data           4  main.o(.data)
    vel_linear                               0x20000134   Data           4  main.o(.data)
    vel_angular                              0x20000138   Data           4  main.o(.data)
    Data_Length                              0x2000013c   Data           1  main.o(.data)
    Boolean                                  0x2000013d   Data           1  main.o(.data)
    tmr1sta                                  0x2000013e   Data           1  main.o(.data)
    PULSE_RIGHT_HIS                          0x20000140   Data           4  main.o(.data)
    PULSE_LEFT_HIS                           0x20000144   Data           4  main.o(.data)
    reset_pro                                0x20000180   Data           1  user.o(.data)
    POINT_COLOR                              0x200001ba   Data           2  lcd.o(.data)
    BACK_COLOR                               0x200001bc   Data           2  lcd.o(.data)
    RmtSta                                   0x200001c8   Data           1  remote.o(.data)
    Dval                                     0x200001ca   Data           2  remote.o(.data)
    RmtRec                                   0x200001cc   Data           4  remote.o(.data)
    RmtCnt                                   0x200001d0   Data           1  remote.o(.data)
    SendBuff2                                0x20000228   Data         256  usart.o(.data)
    __stdout                                 0x20000368   Data           4  usart.o(.data)
    USART_RX_LEN                             0x2000036c   Data           2  usart.o(.data)
    UART3_RX_LEN                             0x2000036e   Data           2  usart.o(.data)
    CPU_TS_TmrFreq_Hz                        0x20000370   Data           4  cpu_core.o(.data)
    Mem_PoolTbl                              0x20000374   Data           4  lib_mem.o(.data)
    OSPrioTbl                                0x20000378   Data           8  os_prio.o(.data)
    OS_AppTaskCreateHookPtr                  0x20000380   Data           4  os_var.o(.data)
    OS_AppTaskDelHookPtr                     0x20000384   Data           4  os_var.o(.data)
    OS_AppTaskReturnHookPtr                  0x20000388   Data           4  os_var.o(.data)
    OS_AppIdleTaskHookPtr                    0x2000038c   Data           4  os_var.o(.data)
    OS_AppStatTaskHookPtr                    0x20000390   Data           4  os_var.o(.data)
    OS_AppTaskSwHookPtr                      0x20000394   Data           4  os_var.o(.data)
    OS_AppTimeTickHookPtr                    0x20000398   Data           4  os_var.o(.data)
    OSIdleTaskCtr                            0x2000039c   Data           4  os_var.o(.data)
    OSIntNestingCtr                          0x200003a0   Data           1  os_var.o(.data)
    OSRunning                                0x200003a1   Data           1  os_var.o(.data)
    OSIntQInPtr                              0x200003a4   Data           4  os_var.o(.data)
    OSIntQOutPtr                             0x200003a8   Data           4  os_var.o(.data)
    OSIntQNbrEntries                         0x200003ac   Data           2  os_var.o(.data)
    OSIntQNbrEntriesMax                      0x200003ae   Data           2  os_var.o(.data)
    OSIntQOvfCtr                             0x200003b0   Data           2  os_var.o(.data)
    OSIntQTaskTimeMax                        0x200003b4   Data           4  os_var.o(.data)
    OSFlagDbgListPtr                         0x200003b8   Data           4  os_var.o(.data)
    OSFlagQty                                0x200003bc   Data           2  os_var.o(.data)
    OSMemDbgListPtr                          0x200003c0   Data           4  os_var.o(.data)
    OSMemQty                                 0x200003c4   Data           2  os_var.o(.data)
    OSMutexDbgListPtr                        0x200003c8   Data           4  os_var.o(.data)
    OSMutexQty                               0x200003cc   Data           2  os_var.o(.data)
    OSPrioCur                                0x200003ce   Data           1  os_var.o(.data)
    OSPrioHighRdy                            0x200003cf   Data           1  os_var.o(.data)
    OSPrioSaved                              0x200003d0   Data           1  os_var.o(.data)
    OSQDbgListPtr                            0x200003d4   Data           4  os_var.o(.data)
    OSQQty                                   0x200003d8   Data           2  os_var.o(.data)
    OSSchedLockTimeBegin                     0x200003dc   Data           4  os_var.o(.data)
    OSSchedLockTimeMax                       0x200003e0   Data           4  os_var.o(.data)
    OSSchedLockTimeMaxCur                    0x200003e4   Data           4  os_var.o(.data)
    OSSchedLockNestingCtr                    0x200003e8   Data           1  os_var.o(.data)
    OSSchedRoundRobinDfltTimeQuanta          0x200003ec   Data           4  os_var.o(.data)
    OSSchedRoundRobinEn                      0x200003f0   Data           1  os_var.o(.data)
    OSSemDbgListPtr                          0x200003f4   Data           4  os_var.o(.data)
    OSSemQty                                 0x200003f8   Data           2  os_var.o(.data)
    OSStatResetFlag                          0x200003fa   Data           1  os_var.o(.data)
    OSStatTaskCPUUsage                       0x200003fc   Data           2  os_var.o(.data)
    OSStatTaskCPUUsageMax                    0x200003fe   Data           2  os_var.o(.data)
    OSStatTaskCtr                            0x20000400   Data           4  os_var.o(.data)
    OSStatTaskCtrMax                         0x20000404   Data           4  os_var.o(.data)
    OSStatTaskCtrRun                         0x20000408   Data           4  os_var.o(.data)
    OSStatTaskRdy                            0x2000040c   Data           1  os_var.o(.data)
    OSStatTaskTimeMax                        0x20000410   Data           4  os_var.o(.data)
    OSTaskCtxSwCtr                           0x20000414   Data           4  os_var.o(.data)
    OSTaskDbgListPtr                         0x20000418   Data           4  os_var.o(.data)
    OSTaskQty                                0x2000041c   Data           2  os_var.o(.data)
    OSTaskRegNextAvailID                     0x2000041e   Data           1  os_var.o(.data)
    OSTickCtr                                0x20000420   Data           4  os_var.o(.data)
    OSTickTaskTimeMax                        0x20000424   Data           4  os_var.o(.data)
    OSTmrDbgListPtr                          0x20000428   Data           4  os_var.o(.data)
    OSTmrQty                                 0x2000042c   Data           2  os_var.o(.data)
    OSTmrTaskTimeMax                         0x20000430   Data           4  os_var.o(.data)
    OSTmrTickCtr                             0x20000434   Data           4  os_var.o(.data)
    OSTmrUpdateCnt                           0x20000438   Data           4  os_var.o(.data)
    OSTmrUpdateCtr                           0x2000043c   Data           4  os_var.o(.data)
    OSTCBCurPtr                              0x20000440   Data           4  os_var.o(.data)
    OSTCBHighRdyPtr                          0x20000444   Data           4  os_var.o(.data)
    OS_CPU_ExceptStkBase                     0x20000448   Data           4  os_cpu_c.o(.data)
    mallco_dev                               0x2000048c   Data          36  malloc.o(.data)
    odometry_data                            0x200004b0   Data          64  main.o(.bss)
    Sencond_1_tmr1                           0x200004f0   Data          52  main.o(.bss)
    MY_SEM                                   0x20000524   Data          40  main.o(.bss)
    Odom_Calculator_tmr2                     0x2000054c   Data          52  main.o(.bss)
    StartTaskTCB                             0x20000580   Data         196  main.o(.bss)
    START_TASK_STK                           0x20000644   Data         512  main.o(.bss)
    Main_TaskTCB                             0x20000844   Data         196  main.o(.bss)
    MAIN_TASK_STK                            0x20000908   Data         512  main.o(.bss)
    Msgdis_TaskTCB                           0x20000b08   Data         196  main.o(.bss)
    MSGDIS_TASK_STK                          0x20000bcc   Data         512  main.o(.bss)
    SPEED_TRANSFORM_TaskTCB                  0x20000dcc   Data         196  main.o(.bss)
    SPEED_TRANSFORM_TASK_STK                 0x20000e90   Data         512  main.o(.bss)
    UART1_ANALYZE_TaskTCB                    0x20001090   Data         196  main.o(.bss)
    UART1_ANALYZE_TASK_STK                   0x20001154   Data         512  main.o(.bss)
    AUTO_CHARGE_TaskTCB                      0x20001354   Data         196  main.o(.bss)
    AUTO_CHARGE_TASK_STK                     0x20001418   Data         512  main.o(.bss)
    REMOTE_CONTROL_TaskTCB                   0x20001618   Data         196  main.o(.bss)
    REMOTE_CONTROL_TASK_STK                  0x200016dc   Data         512  main.o(.bss)
    lcddev                                   0x200018dc   Data          14  lcd.o(.bss)
    SendBuff                                 0x200018ea   Data         256  usart.o(.bss)
    USART_RX_BUF                             0x200019ea   Data         200  usart.o(.bss)
    UART3_RX_BUF                             0x20001ab2   Data         200  usart.o(.bss)
    CPU_Name                                 0x20001b7a   Data          16  cpu_core.o(.bss)
    Mem_PoolHeap                             0x20001b8c   Data          72  lib_mem.o(.bss)
    Mem_Heap                                 0x20001bd4   Data          10  lib_mem.o(.bss)
    OSCfg_IdleTaskStk                        0x20001be0   Data         512  os_cfg_app.o(.bss)
    OSCfg_IntQ                               0x20001de0   Data         320  os_cfg_app.o(.bss)
    OSCfg_IntQTaskStk                        0x20001f20   Data         512  os_cfg_app.o(.bss)
    OSCfg_ISRStk                             0x20002120   Data         512  os_cfg_app.o(.bss)
    OSCfg_MsgPool                            0x20002320   Data        1600  os_cfg_app.o(.bss)
    OSCfg_StatTaskStk                        0x20002960   Data         512  os_cfg_app.o(.bss)
    OSCfg_TickTaskStk                        0x20002b60   Data         512  os_cfg_app.o(.bss)
    OSCfg_TickWheel                          0x20002d60   Data         136  os_cfg_app.o(.bss)
    OSCfg_TmrTaskStk                         0x20002de8   Data         512  os_cfg_app.o(.bss)
    OSCfg_TmrWheel                           0x20002fe8   Data         136  os_cfg_app.o(.bss)
    OSIdleTaskTCB                            0x20003070   Data         196  os_var.o(.bss)
    OSIntQTaskTCB                            0x20003134   Data         196  os_var.o(.bss)
    OSMsgPool                                0x200031f8   Data          12  os_var.o(.bss)
    OSRdyList                                0x20003204   Data         768  os_var.o(.bss)
    OSStatTaskTCB                            0x20003504   Data         196  os_var.o(.bss)
    OSTickTaskTCB                            0x200035c8   Data         196  os_var.o(.bss)
    OSTmrTaskTCB                             0x2000368c   Data         196  os_var.o(.bss)
    mem1base                                 0x20003760   Data       102400  malloc.o(.bss)
    mem1mapbase                              0x2001c760   Data        6400  malloc.o(.bss)
    __libspace_start                         0x2001e060   Data          96  libspace.o(.bss)
    __temporary_stack_top$libspace           0x2001e0c0   Data           0  libspace.o(.bss)
    mem2base                                 0x68000000   Data       983040  malloc.o(.ARM.__AT_0x68000000)
    mem2mapbase                              0x680f0000   Data       61440  malloc.o(.ARM.__AT_0x680F0000)



==============================================================================

Memory Map of the image

  Image Entry point : 0x08000189

  Load Region LR_IROM1 (Base: 0x08000000, Size: 0x00017ec8, Max: 0x00100000, ABSOLUTE, COMPRESSED[0x00017b04])

    Execution Region ER_IROM1 (Base: 0x08000000, Size: 0x00017a18, Max: 0x00100000, ABSOLUTE)

    Base Addr    Size         Type   Attr      Idx    E Section Name        Object

    0x08000000   0x00000188   Data   RO          677    RESET               startup_stm32f40_41xxx.o
    0x08000188   0x00000008   Code   RO         1540  * !!!main             c_w.l(__main.o)
    0x08000190   0x00000034   Code   RO         1832    !!!scatter          c_w.l(__scatter.o)
    0x080001c4   0x0000005a   Code   RO         1830    !!dczerorl2         c_w.l(__dczerorl2.o)
    0x0800021e   0x00000002   PAD
    0x08000220   0x0000001c   Code   RO         1834    !!handler_zi        c_w.l(__scatter_zi.o)
    0x0800023c   0x00000000   Code   RO         1535    .ARM.Collect$$_printf_percent$$00000000  c_w.l(_printf_percent.o)
    0x0800023c   0x00000006   Code   RO         1534    .ARM.Collect$$_printf_percent$$0000000C  c_w.l(_printf_x.o)
    0x08000242   0x00000004   Code   RO         1599    .ARM.Collect$$_printf_percent$$00000017  c_w.l(_printf_percent_end.o)
    0x08000246   0x00000002   Code   RO         1707    .ARM.Collect$$libinit$$00000000  c_w.l(libinit.o)
    0x08000248   0x00000004   Code   RO         1716    .ARM.Collect$$libinit$$00000001  c_w.l(libinit2.o)
    0x0800024c   0x00000000   Code   RO         1719    .ARM.Collect$$libinit$$00000004  c_w.l(libinit2.o)
    0x0800024c   0x00000000   Code   RO         1722    .ARM.Collect$$libinit$$0000000A  c_w.l(libinit2.o)
    0x0800024c   0x00000000   Code   RO         1724    .ARM.Collect$$libinit$$0000000C  c_w.l(libinit2.o)
    0x0800024c   0x00000000   Code   RO         1726    .ARM.Collect$$libinit$$0000000E  c_w.l(libinit2.o)
    0x0800024c   0x00000000   Code   RO         1729    .ARM.Collect$$libinit$$00000011  c_w.l(libinit2.o)
    0x0800024c   0x00000000   Code   RO         1731    .ARM.Collect$$libinit$$00000013  c_w.l(libinit2.o)
    0x0800024c   0x00000000   Code   RO         1733    .ARM.Collect$$libinit$$00000015  c_w.l(libinit2.o)
    0x0800024c   0x00000000   Code   RO         1735    .ARM.Collect$$libinit$$00000017  c_w.l(libinit2.o)
    0x0800024c   0x00000000   Code   RO         1737    .ARM.Collect$$libinit$$00000019  c_w.l(libinit2.o)
    0x0800024c   0x00000000   Code   RO         1739    .ARM.Collect$$libinit$$0000001B  c_w.l(libinit2.o)
    0x0800024c   0x00000000   Code   RO         1741    .ARM.Collect$$libinit$$0000001D  c_w.l(libinit2.o)
    0x0800024c   0x00000000   Code   RO         1743    .ARM.Collect$$libinit$$0000001F  c_w.l(libinit2.o)
    0x0800024c   0x00000000   Code   RO         1745    .ARM.Collect$$libinit$$00000021  c_w.l(libinit2.o)
    0x0800024c   0x00000000   Code   RO         1747    .ARM.Collect$$libinit$$00000023  c_w.l(libinit2.o)
    0x0800024c   0x00000000   Code   RO         1749    .ARM.Collect$$libinit$$00000025  c_w.l(libinit2.o)
    0x0800024c   0x00000000   Code   RO         1753    .ARM.Collect$$libinit$$0000002C  c_w.l(libinit2.o)
    0x0800024c   0x00000000   Code   RO         1755    .ARM.Collect$$libinit$$0000002E  c_w.l(libinit2.o)
    0x0800024c   0x00000000   Code   RO         1757    .ARM.Collect$$libinit$$00000030  c_w.l(libinit2.o)
    0x0800024c   0x00000000   Code   RO         1759    .ARM.Collect$$libinit$$00000032  c_w.l(libinit2.o)
    0x0800024c   0x00000002   Code   RO         1760    .ARM.Collect$$libinit$$00000033  c_w.l(libinit2.o)
    0x0800024e   0x00000002   Code   RO         1786    .ARM.Collect$$libshutdown$$00000000  c_w.l(libshutdown.o)
    0x08000250   0x00000000   Code   RO         1813    .ARM.Collect$$libshutdown$$00000002  c_w.l(libshutdown2.o)
    0x08000250   0x00000000   Code   RO         1815    .ARM.Collect$$libshutdown$$00000004  c_w.l(libshutdown2.o)
    0x08000250   0x00000000   Code   RO         1818    .ARM.Collect$$libshutdown$$00000007  c_w.l(libshutdown2.o)
    0x08000250   0x00000000   Code   RO         1821    .ARM.Collect$$libshutdown$$0000000A  c_w.l(libshutdown2.o)
    0x08000250   0x00000000   Code   RO         1823    .ARM.Collect$$libshutdown$$0000000C  c_w.l(libshutdown2.o)
    0x08000250   0x00000000   Code   RO         1826    .ARM.Collect$$libshutdown$$0000000F  c_w.l(libshutdown2.o)
    0x08000250   0x00000002   Code   RO         1827    .ARM.Collect$$libshutdown$$00000010  c_w.l(libshutdown2.o)
    0x08000252   0x00000000   Code   RO         1588    .ARM.Collect$$rtentry$$00000000  c_w.l(__rtentry.o)
    0x08000252   0x00000000   Code   RO         1642    .ARM.Collect$$rtentry$$00000002  c_w.l(__rtentry2.o)
    0x08000252   0x00000006   Code   RO         1654    .ARM.Collect$$rtentry$$00000004  c_w.l(__rtentry4.o)
    0x08000258   0x00000000   Code   RO         1644    .ARM.Collect$$rtentry$$00000009  c_w.l(__rtentry2.o)
    0x08000258   0x00000004   Code   RO         1645    .ARM.Collect$$rtentry$$0000000A  c_w.l(__rtentry2.o)
    0x0800025c   0x00000000   Code   RO         1647    .ARM.Collect$$rtentry$$0000000C  c_w.l(__rtentry2.o)
    0x0800025c   0x00000008   Code   RO         1648    .ARM.Collect$$rtentry$$0000000D  c_w.l(__rtentry2.o)
    0x08000264   0x00000002   Code   RO         1708    .ARM.Collect$$rtexit$$00000000  c_w.l(rtexit.o)
    0x08000266   0x00000000   Code   RO         1762    .ARM.Collect$$rtexit$$00000002  c_w.l(rtexit2.o)
    0x08000266   0x00000004   Code   RO         1763    .ARM.Collect$$rtexit$$00000003  c_w.l(rtexit2.o)
    0x0800026a   0x00000006   Code   RO         1764    .ARM.Collect$$rtexit$$00000004  c_w.l(rtexit2.o)
    0x08000270   0x00000016   Code   RO            3    .text               stm32f4xx_it.o
    0x08000286   0x00000002   PAD
    0x08000288   0x00000210   Code   RO          133    .text               system_stm32f4xx.o
    0x08000498   0x00000180   Code   RO          159    .text               contact.o
    0x08000618   0x00000184   Code   RO          211    .text               encoder.o
    0x0800079c   0x0000026c   Code   RO          240    .text               odometry.o
    0x08000a08   0x00000d8c   Code   RO          269    .text               main.o
    0x08001794   0x00000150   Code   RO          408    .text               user.o
    0x080018e4   0x0000007c   Code   RO          431    .text               motor.o
    0x08001960   0x00000040   Code   RO          453    .text               led.o
    0x080019a0   0x00004ca8   Code   RO          473    .text               lcd.o
    0x08006648   0x00000120   Code   RO          508    .text               key.o
    0x08006768   0x000000a0   Code   RO          529    .text               beep.o
    0x08006808   0x000000b0   Code   RO          549    .text               dma.o
    0x080068b8   0x00000118   Code   RO          569    .text               timer.o
    0x080069d0   0x00000184   Code   RO          591    .text               can.o
    0x08006b54   0x000000e0   Code   RO          611    .text               adc.o
    0x08006c34   0x000002e0   Code   RO          631    .text               remote.o
    0x08006f14   0x0000002c   Code   RO          657    .text               iwdg.o
    0x08006f40   0x00000040   Code   RO          678    .text               startup_stm32f40_41xxx.o
    0x08006f80   0x000000e0   Code   RO          684    .text               misc.o
    0x08007060   0x00000464   Code   RO          704    .text               stm32f4xx_adc.o
    0x080074c4   0x00000294   Code   RO          724    .text               stm32f4xx_gpio.o
    0x08007758   0x000005c8   Code   RO          744    .text               stm32f4xx_fsmc.o
    0x08007d20   0x0000065c   Code   RO          767    .text               stm32f4xx_rcc.o
    0x0800837c   0x00000454   Code   RO          789    .text               stm32f4xx_usart.o
    0x080087d0   0x00000ca2   Code   RO          809    .text               stm32f4xx_tim.o
    0x08009472   0x00000002   PAD
    0x08009474   0x000003a8   Code   RO          829    .text               stm32f4xx_dma.o
    0x0800981c   0x0000016c   Code   RO          849    .text               stm32f4xx_pwr.o
    0x08009988   0x00000110   Code   RO          869    .text               stm32f4xx_exti.o
    0x08009a98   0x000009f0   Code   RO          889    .text               stm32f4xx_can.o
    0x0800a488   0x00000040   Code   RO          929    .text               stm32f4xx_iwdg.o
    0x0800a4c8   0x00000148   Code   RO          969    .text               delay.o
    0x0800a610   0x00000470   Code   RO         1009    .text               usart.o
    0x0800aa80   0x00000084   Code   RO         1038    .text               bsp.o
    0x0800ab04   0x000002a8   Code   RO         1071    .text               cpu_core.o
    0x0800adac   0x00000034   Code   RO         1097    .text               cpu_a.o
    0x0800ade0   0x00000256   Code   RO         1100    .text               lib_ascii.o
    0x0800b036   0x00000002   PAD
    0x0800b038   0x000009c6   Code   RO         1133    .text               lib_mem.o
    0x0800b9fe   0x00000002   PAD
    0x0800ba00   0x0000092c   Code   RO         1152    .text               lib_str.o
    0x0800c32c   0x00000220   Code   RO         1169    .text               lib_mem_a.o
    0x0800c54c   0x000000fc   Code   RO         1172    .text               os_cfg_app.o
    0x0800c648   0x00000df0   Code   RO         1195    .text               os_core.o
    0x0800d438   0x000001b0   Code   RO         1207    .text               os_dbg.o
    0x0800d5e8   0x00000e28   Code   RO         1222    .text               os_flag.o
    0x0800e410   0x00000444   Code   RO         1234    .text               os_int.o
    0x0800e854   0x00000238   Code   RO         1246    .text               os_mem.o
    0x0800ea8c   0x0000022c   Code   RO         1258    .text               os_msg.o
    0x0800ecb8   0x00000ad4   Code   RO         1270    .text               os_mutex.o
    0x0800f78c   0x0000007c   Code   RO         1288    .text               os_prio.o
    0x0800f808   0x000008d8   Code   RO         1307    .text               os_q.o
    0x080100e0   0x00000830   Code   RO         1319    .text               os_sem.o
    0x08010910   0x00000638   Code   RO         1331    .text               os_stat.o
    0x08010f48   0x00001bb4   Code   RO         1343    .text               os_task.o
    0x08012afc   0x000004fc   Code   RO         1355    .text               os_tick.o
    0x08012ff8   0x00000564   Code   RO         1367    .text               os_time.o
    0x0801355c   0x00000818   Code   RO         1379    .text               os_tmr.o
    0x08013d74   0x000003f8   Code   RO         1407    .text               os_cpu_c.o
    0x0801416c   0x0000022c   Code   RO         1451    .text               malloc.o
    0x08014398   0x00000002   Code   RO         1483    .text               c_w.l(use_no_semi_2.o)
    0x0801439a   0x000000ee   Code   RO         1485    .text               c_w.l(lludivv7m.o)
    0x08014488   0x00000018   Code   RO         1489    .text               c_w.l(noretval__2printf.o)
    0x080144a0   0x00000068   Code   RO         1491    .text               c_w.l(__printf.o)
    0x08014508   0x00000058   Code   RO         1496    .text               c_w.l(_printf_hex_int.o)
    0x08014560   0x0000008a   Code   RO         1536    .text               c_w.l(rt_memcpy_v6.o)
    0x080145ea   0x00000006   Code   RO         1538    .text               c_w.l(heapauxi.o)
    0x080145f0   0x00000002   Code   RO         1586    .text               c_w.l(use_no_semi.o)
    0x080145f2   0x00000016   Code   RO         1593    .text               c_w.l(_rserrno.o)
    0x08014608   0x000000b2   Code   RO         1595    .text               c_w.l(_printf_intcommon.o)
    0x080146ba   0x00000002   PAD
    0x080146bc   0x00000024   Code   RO         1597    .text               c_w.l(_printf_char_file.o)
    0x080146e0   0x00000064   Code   RO         1600    .text               c_w.l(rt_memcpy_w.o)
    0x08014744   0x00000008   Code   RO         1661    .text               c_w.l(rt_errno_addr_intlibspace.o)
    0x0801474c   0x00000030   Code   RO         1663    .text               c_w.l(_printf_char_common.o)
    0x0801477c   0x00000008   Code   RO         1665    .text               c_w.l(ferror.o)
    0x08014784   0x00000008   Code   RO         1689    .text               c_w.l(libspace.o)
    0x0801478c   0x0000004a   Code   RO         1692    .text               c_w.l(sys_stackheap_outer.o)
    0x080147d6   0x00000012   Code   RO         1696    .text               c_w.l(exit.o)
    0x080147e8   0x000000ac   Code   RO         1431    CODE                os_cpu_a.o
    0x08014894   0x00000030   Code   RO         1685    i.__ARM_fpclassify  m_wm.l(fpclassify.o)
    0x080148c4   0x00000004   PAD
    0x080148c8   0x000000c8   Code   RO         1562    i.__hardfp_cos      m_wm.l(cos.o)
    0x08014990   0x000000c8   Code   RO         1574    i.__hardfp_sin      m_wm.l(sin.o)
    0x08014a58   0x00000438   Code   RO         1630    i.__ieee754_rem_pio2  m_wm.l(rred.o)
    0x08014e90   0x00000170   Code   RO         1613    i.__kernel_cos      m_wm.l(cos_i.o)
    0x08015000   0x000000f8   Code   RO         1687    i.__kernel_poly     m_wm.l(poly.o)
    0x080150f8   0x00000130   Code   RO         1635    i.__kernel_sin      m_wm.l(sin_i.o)
    0x08015228   0x00000014   Code   RO         1617    i.__mathlib_dbl_infnan  m_wm.l(dunder.o)
    0x0801523c   0x00000004   PAD
    0x08015240   0x00000020   Code   RO         1619    i.__mathlib_dbl_invalid  m_wm.l(dunder.o)
    0x08015260   0x00000020   Code   RO         1622    i.__mathlib_dbl_underflow  m_wm.l(dunder.o)
    0x08015280   0x00000018   Code   RO         1681    i.fabs              m_wm.l(fabs.o)
    0x08015298   0x00000018   Code   RO         1602    x$fpl$basic         fz_wm.l(basic.o)
    0x080152b0   0x00000062   Code   RO         1542    x$fpl$d2f           fz_wm.l(d2f.o)
    0x08015312   0x00000002   PAD
    0x08015314   0x00000150   Code   RO         1669    x$fpl$dadd          fz_wm.l(daddsub_clz.o)
    0x08015464   0x000002b0   Code   RO         1676    x$fpl$ddiv          fz_wm.l(ddiv.o)
    0x08015714   0x0000005e   Code   RO         1544    x$fpl$dfix          fz_wm.l(dfix.o)
    0x08015772   0x00000002   PAD
    0x08015774   0x0000005a   Code   RO         1548    x$fpl$dfixu         fz_wm.l(dfixu.o)
    0x080157ce   0x0000002e   Code   RO         1553    x$fpl$dflt          fz_wm.l(dflt_clz.o)
    0x080157fc   0x00000026   Code   RO         1552    x$fpl$dfltu         fz_wm.l(dflt_clz.o)
    0x08015822   0x00000002   PAD
    0x08015824   0x00000154   Code   RO         1558    x$fpl$dmul          fz_wm.l(dmul.o)
    0x08015978   0x0000009c   Code   RO         1604    x$fpl$dnaninf       fz_wm.l(dnaninf.o)
    0x08015a14   0x0000000c   Code   RO         1606    x$fpl$dretinf       fz_wm.l(dretinf.o)
    0x08015a20   0x00000016   Code   RO         1670    x$fpl$drsb          fz_wm.l(daddsub_clz.o)
    0x08015a36   0x00000002   PAD
    0x08015a38   0x000001d4   Code   RO         1671    x$fpl$dsub          fz_wm.l(daddsub_clz.o)
    0x08015c0c   0x00000056   Code   RO         1560    x$fpl$f2d           fz_wm.l(f2d.o)
    0x08015c62   0x0000008c   Code   RO         1608    x$fpl$fnaninf       fz_wm.l(fnaninf.o)
    0x08015cee   0x0000000a   Code   RO         1774    x$fpl$fpinit        fz_wm.l(fpinit.o)
    0x08015cf8   0x0000000a   Code   RO         1610    x$fpl$fretinf       fz_wm.l(fretinf.o)
    0x08015d02   0x00000000   Code   RO         1612    x$fpl$usenofp       fz_wm.l(usenofp.o)
    0x08015d02   0x000017c0   Data   RO          475    .constdata          lcd.o
    0x080174c2   0x00000002   PAD
    0x080174c4   0x0000001c   Data   RO          745    .constdata          stm32f4xx_fsmc.o
    0x080174e0   0x00000104   Data   RO         1073    .constdata          cpu_core.o
    0x080175e4   0x00000094   Data   RO         1153    .constdata          lib_str.o
    0x08017678   0x000000a4   Data   RO         1174    .constdata          os_cfg_app.o
    0x0801771c   0x0000016c   Data   RO         1208    .constdata          os_dbg.o
    0x08017888   0x00000024   Data   RO         1457    .constdata          malloc.o
    0x080178ac   0x00000028   Data   RO         1497    .constdata          c_w.l(_printf_hex_int.o)
    0x080178d4   0x00000004   PAD
    0x080178d8   0x00000030   Data   RO         1614    .constdata          m_wm.l(cos_i.o)
    0x08017908   0x000000c8   Data   RO         1632    .constdata          m_wm.l(rred.o)
    0x080179d0   0x00000028   Data   RO         1636    .constdata          m_wm.l(sin_i.o)
    0x080179f8   0x00000020   Data   RO         1828    Region$$Table       anon$$obj.o


    Execution Region RW_IRAM1 (Base: 0x20000000, Size: 0x0001e6c0, Max: 0x00020000, ABSOLUTE, COMPRESSED[0x000000ec])

    Base Addr    Size         Type   Attr      Idx    E Section Name        Object

    0x20000000   0x00000014   Data   RW          134    .data               system_stm32f4xx.o
    0x20000014   0x0000004c   Data   RW          160    .data               contact.o
    0x20000060   0x00000069   Data   RW          241    .data               odometry.o
    0x200000c9   0x00000003   PAD
    0x200000cc   0x0000007c   Data   RW          272    .data               main.o
    0x20000148   0x00000039   Data   RW          409    .data               user.o
    0x20000181   0x00000038   Data   RW          432    .data               motor.o
    0x200001b9   0x00000001   PAD
    0x200001ba   0x00000004   Data   RW          476    .data               lcd.o
    0x200001be   0x00000001   Data   RW          509    .data               key.o
    0x200001bf   0x00000001   PAD
    0x200001c0   0x00000008   Data   RW          570    .data               timer.o
    0x200001c8   0x00000009   Data   RW          632    .data               remote.o
    0x200001d1   0x00000010   Data   RW          768    .data               stm32f4xx_rcc.o
    0x200001e1   0x00000003   PAD
    0x200001e4   0x00000044   Data   RW          970    .data               delay.o
    0x20000228   0x00000148   Data   RW         1011    .data               usart.o
    0x20000370   0x00000004   Data   RW         1074    .data               cpu_core.o
    0x20000374   0x00000004   Data   RW         1135    .data               lib_mem.o
    0x20000378   0x00000008   Data   RW         1289    .data               os_prio.o
    0x20000380   0x000000c8   Data   RW         1392    .data               os_var.o
    0x20000448   0x00000044   Data   RW         1408    .data               os_cpu_c.o
    0x2000048c   0x00000024   Data   RW         1458    .data               malloc.o
    0x200004b0   0x0000142c   Zero   RW          270    .bss                main.o
    0x200018dc   0x0000000e   Zero   RW          474    .bss                lcd.o
    0x200018ea   0x00000290   Zero   RW         1010    .bss                usart.o
    0x20001b7a   0x00000010   Zero   RW         1072    .bss                cpu_core.o
    0x20001b8a   0x00000002   PAD
    0x20001b8c   0x00000052   Zero   RW         1134    .bss                lib_mem.o
    0x20001bde   0x00000002   PAD
    0x20001be0   0x00001490   Zero   RW         1173    .bss                os_cfg_app.o
    0x20003070   0x000006e0   Zero   RW         1391    .bss                os_var.o
    0x20003750   0x00000010   PAD
    0x20003760   0x0001a900   Zero   RW         1456    .bss                malloc.o
    0x2001e060   0x00000060   Zero   RW         1690    .bss                c_w.l(libspace.o)
    0x2001e0c0   0x00000200   Zero   RW          676    HEAP                startup_stm32f40_41xxx.o
    0x2001e2c0   0x00000400   Zero   RW          675    STACK               startup_stm32f40_41xxx.o



  Load Region LR$$.ARM.__AT_0x10000000 (Base: 0x10000000, Size: 0x00000000, Max: 0x0000f000, ABSOLUTE)

    Execution Region ER$$.ARM.__AT_0x10000000 (Base: 0x10000000, Size: 0x0000f000, Max: 0x0000f000, ABSOLUTE, UNINIT)

    Base Addr    Size         Type   Attr      Idx    E Section Name        Object

    0x10000000   0x0000f000   Zero   RW         1452    .ARM.__AT_0x10000000  malloc.o



  Load Region LR$$.ARM.__AT_0x1000F000 (Base: 0x1000f000, Size: 0x00000000, Max: 0x00000f00, ABSOLUTE)

    Execution Region ER$$.ARM.__AT_0x1000F000 (Base: 0x1000f000, Size: 0x00000f00, Max: 0x00000f00, ABSOLUTE, UNINIT)

    Base Addr    Size         Type   Attr      Idx    E Section Name        Object

    0x1000f000   0x00000f00   Zero   RW         1453    .ARM.__AT_0x1000F000  malloc.o



  Load Region LR$$.ARM.__AT_0x68000000 (Base: 0x68000000, Size: 0x00000000, Max: 0x000f0000, ABSOLUTE)

    Execution Region ER$$.ARM.__AT_0x68000000 (Base: 0x68000000, Size: 0x000f0000, Max: 0x000f0000, ABSOLUTE, UNINIT)

    Base Addr    Size         Type   Attr      Idx    E Section Name        Object

    0x68000000   0x000f0000   Zero   RW         1454    .ARM.__AT_0x68000000  malloc.o



  Load Region LR$$.ARM.__AT_0x680F0000 (Base: 0x680f0000, Size: 0x00000000, Max: 0x0000f000, ABSOLUTE)

    Execution Region ER$$.ARM.__AT_0x680F0000 (Base: 0x680f0000, Size: 0x0000f000, Max: 0x0000f000, ABSOLUTE, UNINIT)

    Base Addr    Size         Type   Attr      Idx    E Section Name        Object

    0x680f0000   0x0000f000   Zero   RW         1455    .ARM.__AT_0x680F0000  malloc.o


==============================================================================

Image component sizes


      Code (inc. data)   RO Data    RW Data    ZI Data      Debug   Object Name

       224         10          0          0          0       1179   adc.o
       160          8          0          0          0        741   beep.o
       132         14          0          0          0       1227   bsp.o
       388          8          0          0          0       2256   can.o
       384         44          0         76          0       2738   contact.o
        52          0          0          0          0        340   cpu_a.o
       680         14        260          4         16      14775   cpu_core.o
       328         24          0         68          0       2181   delay.o
       176          6          0          0          0       1392   dma.o
       388         16          0          0          0       1039   encoder.o
        44          0          0          0          0        706   iwdg.o
       288         14          0          1          0        912   key.o
     19624        168       6080          4         14      22874   lcd.o
        64          6          0          0          0        535   led.o
       598          0          0          0          0       3976   lib_ascii.o
      2502         34          0          4         82      22396   lib_mem.o
       544          0          0          0          0        484   lib_mem_a.o
      2348          6        148          0          0      13918   lib_str.o
      3468        434          0        124       5164      76592   main.o
       556         18         36         36    1218560       5029   malloc.o
       224         20          0          0          0       1973   misc.o
       124         16          0         56          0        906   motor.o
       620         88          0        105          0       1988   odometry.o
       252        166        164          0       5264      20938   os_cfg_app.o
      3568        284          0          0          0      12645   os_core.o
       172         32          0          0          0        404   os_cpu_a.o
      1016         64          0         68          0       4369   os_cpu_c.o
       432        286        364          0          0       4785   os_dbg.o
      3624        110          0          0          0       8275   os_flag.o
      1092        146          0          0          0       2384   os_int.o
       568         20          0          0          0       2904   os_mem.o
       556         12          0          0          0       2895   os_msg.o
      2772        114          0          0          0       5814   os_mutex.o
       124          4          0          8          0       1936   os_prio.o
      2264         76          0          0          0       6576   os_q.o
      2096         70          0          0          0       6592   os_sem.o
      1592        180          0          0          0       2865   os_stat.o
      7092        270          0          0          0      14418   os_task.o
      1276         90          0          0          0       3481   os_tick.o
      1380         46          0          0          0       3337   os_time.o
      2072        140          0          0          0       6718   os_tmr.o
         0          0          0        200       1760      19349   os_var.o
       736         28          0          9          0       1890   remote.o
        64         26        392          0       1536        844   startup_stm32f40_41xxx.o
      1124         24          0          0          0      10842   stm32f4xx_adc.o
      2544         38          0          0          0       8300   stm32f4xx_can.o
       936         32          0          0          0       6553   stm32f4xx_dma.o
       272         10          0          0          0       2443   stm32f4xx_exti.o
      1480         18         28          0          0       5834   stm32f4xx_fsmc.o
       660         44          0          0          0       4313   stm32f4xx_gpio.o
        22          0          0          0          0     328063   stm32f4xx_it.o
        64          6          0          0          0       1405   stm32f4xx_iwdg.o
       364         12          0          0          0       3851   stm32f4xx_pwr.o
      1628         52          0         16          0      13220   stm32f4xx_rcc.o
      3234         60          0          0          0      23168   stm32f4xx_tim.o
      1108         34          0          0          0       8040   stm32f4xx_usart.o
       528         46          0         20          0       1855   system_stm32f4xx.o
       280         22          0          8          0       1522   timer.o
      1136         66          0        328        656       5726   usart.o
       336         26          0         57          0       1616   user.o

    ----------------------------------------------------------------------
     82388       3602       7506       1200    1233072     740327   Object Totals
         0          0         32          0          0          0   (incl. Generated)
         8          0          2          8         20          0   (incl. Padding)

    ----------------------------------------------------------------------

      Code (inc. data)   RO Data    RW Data    ZI Data      Debug   Library Member Name

        90          0          0          0          0          0   __dczerorl2.o
         8          0          0          0          0         68   __main.o
       104          0          0          0          0         84   __printf.o
         0          0          0          0          0          0   __rtentry.o
        12          0          0          0          0          0   __rtentry2.o
         6          0          0          0          0          0   __rtentry4.o
        52          8          0          0          0          0   __scatter.o
        28          0          0          0          0          0   __scatter_zi.o
        48          6          0          0          0         96   _printf_char_common.o
        36          4          0          0          0         80   _printf_char_file.o
        88          4         40          0          0         88   _printf_hex_int.o
       178          0          0          0          0         88   _printf_intcommon.o
         0          0          0          0          0          0   _printf_percent.o
         4          0          0          0          0          0   _printf_percent_end.o
         6          0          0          0          0          0   _printf_x.o
        22          0          0          0          0        100   _rserrno.o
        18          0          0          0          0         80   exit.o
         8          0          0          0          0         68   ferror.o
         6          0          0          0          0        152   heapauxi.o
         2          0          0          0          0          0   libinit.o
         6          0          0          0          0          0   libinit2.o
         2          0          0          0          0          0   libshutdown.o
         2          0          0          0          0          0   libshutdown2.o
         8          4          0          0         96         68   libspace.o
       238          0          0          0          0        100   lludivv7m.o
        24          4          0          0          0         84   noretval__2printf.o
         8          4          0          0          0         68   rt_errno_addr_intlibspace.o
       138          0          0          0          0         68   rt_memcpy_v6.o
       100          0          0          0          0         80   rt_memcpy_w.o
         2          0          0          0          0          0   rtexit.o
        10          0          0          0          0          0   rtexit2.o
        74          0          0          0          0         80   sys_stackheap_outer.o
         2          0          0          0          0         68   use_no_semi.o
         2          0          0          0          0         68   use_no_semi_2.o
        24          0          0          0          0        164   basic.o
        98          4          0          0          0        140   d2f.o
       826         16          0          0          0        492   daddsub_clz.o
       688        140          0          0          0        256   ddiv.o
        94          4          0          0          0        140   dfix.o
        90          4          0          0          0        140   dfixu.o
        84          0          0          0          0        232   dflt_clz.o
       340         12          0          0          0        152   dmul.o
       156          4          0          0          0        140   dnaninf.o
        12          0          0          0          0        116   dretinf.o
        86          4          0          0          0        132   f2d.o
       140          4          0          0          0        132   fnaninf.o
        10          0          0          0          0        116   fpinit.o
        10          0          0          0          0        116   fretinf.o
         0          0          0          0          0          0   usenofp.o
       200         20          0          0          0        164   cos.o
       368         46         48          0          0        200   cos_i.o
        84         16          0          0          0        372   dunder.o
        24          0          0          0          0        124   fabs.o
        48          0          0          0          0        124   fpclassify.o
       248          0          0          0          0        152   poly.o
      1080        142        200          0          0        188   rred.o
       200         20          0          0          0        164   sin.o
       304         24         40          0          0        208   sin_i.o

    ----------------------------------------------------------------------
      6566        494        332          0         96       5752   Library Totals
        20          0          4          0          0          0   (incl. Padding)

    ----------------------------------------------------------------------

      Code (inc. data)   RO Data    RW Data    ZI Data      Debug   Library Name

      1332         34         40          0         96       1588   c_w.l
      2658        192          0          0          0       2468   fz_wm.l
      2556        268        288          0          0       1696   m_wm.l

    ----------------------------------------------------------------------
      6566        494        332          0         96       5752   Library Totals

    ----------------------------------------------------------------------

==============================================================================


      Code (inc. data)   RO Data    RW Data    ZI Data      Debug   

     88954       4096       7838       1200    1233168     729999   Grand Totals
     88954       4096       7838        236    1233168     729999   ELF Image Totals (compressed)
     88954       4096       7838        236          0          0   ROM Totals

==============================================================================

    Total RO  Size (Code + RO Data)                96792 (  94.52kB)
    Total RW  Size (RW Data + ZI Data)           1234368 (1205.44kB)
    Total ROM Size (Code + RO Data + RW Data)      97028 (  94.75kB)

==============================================================================

