Component: ARM Compiler 5.06 update 3 (build 300) Tool: armlink [4d35c9]

==============================================================================

Section Cross References

    main.o(.text) refers to hw_config.o(.text) for USB_USART_SendData
    main.o(.text) refers to delay.o(.text) for delay_init
    main.o(.text) refers to misc.o(.text) for NVIC_PriorityGroupConfig
    main.o(.text) refers to timer.o(.text) for TIM3_Int_Init
    main.o(.text) refers to stm32f10x_tim.o(.text) for TIM_Cmd
    main.o(.text) refers to usart.o(.text) for uart_init
    main.o(.text) refers to usart2.o(.text) for uart2_init
    main.o(.text) refers to adc.o(.text) for Adc_Init
    main.o(.text) refers to am2320.o(.text) for AM2320_Init
    main.o(.text) refers to led.o(.text) for LED_Init
    main.o(.text) refers to usb_init.o(.text) for USB_Init
    main.o(.text) refers to fflt_clz.o(x$fpl$ffltu) for __aeabi_ui2f
    main.o(.text) refers to fdiv.o(x$fpl$fdiv) for __aeabi_fdiv
    main.o(.text) refers to dflt_clz.o(x$fpl$dflt) for __aeabi_i2d
    main.o(.text) refers to ddiv.o(x$fpl$ddiv) for __aeabi_ddiv
    main.o(.text) refers to d2f.o(x$fpl$d2f) for __aeabi_d2f
    main.o(.text) refers to f2d.o(x$fpl$f2d) for __aeabi_f2d
    main.o(.text) refers to dmul.o(x$fpl$dmul) for __aeabi_dmul
    main.o(.text) refers to fleqf.o(x$fpl$fleqf) for __aeabi_cfcmple
    main.o(.text) refers to faddsub_clz.o(x$fpl$fsub) for __aeabi_fsub
    main.o(.text) refers to pow.o(i.pow) for pow
    main.o(.text) refers to daddsub_clz.o(x$fpl$dsub) for __aeabi_dsub
    main.o(.text) refers to daddsub_clz.o(x$fpl$dadd) for __aeabi_dadd
    main.o(.text) refers to dflt_clz.o(x$fpl$dfltu) for __aeabi_ui2d
    main.o(.text) refers to fflt_clz.o(x$fpl$fflt) for __aeabi_i2f
    main.o(.text) refers to main.o(.bss) for SendBuff
    main.o(.text) refers to usb_pwr.o(.data) for bDeviceState
    main.o(.text) refers to am2320.o(.data) for temperature_u16
    main.o(.text) refers to main.o(.data) for temperature
    system_stm32f10x.o(.text) refers to system_stm32f10x.o(.data) for SystemCoreClock
    led.o(.text) refers to stm32f10x_rcc.o(.text) for RCC_APB2PeriphClockCmd
    led.o(.text) refers to stm32f10x_gpio.o(.text) for GPIO_Init
    key.o(.text) refers to stm32f10x_rcc.o(.text) for RCC_APB2PeriphClockCmd
    key.o(.text) refers to stm32f10x_gpio.o(.text) for GPIO_Init
    key.o(.text) refers to delay.o(.text) for delay_ms
    key.o(.text) refers to key.o(.data) for key_up
    am2320.o(.text) refers to delay.o(.text) for delay_us
    am2320.o(.text) refers to stm32f10x_rcc.o(.text) for RCC_APB2PeriphClockCmd
    am2320.o(.text) refers to stm32f10x_gpio.o(.text) for GPIO_Init
    am2320.o(.text) refers to am2320.o(.data) for humidity_u16
    usart2.o(.text) refers to stm32f10x_rcc.o(.text) for RCC_APB2PeriphClockCmd
    usart2.o(.text) refers to stm32f10x_usart.o(.text) for USART_DeInit
    usart2.o(.text) refers to stm32f10x_gpio.o(.text) for GPIO_Init
    usart2.o(.text) refers to misc.o(.text) for NVIC_Init
    usart2.o(.text) refers to usart2.o(.data) for UART3_RX_LEN
    usart2.o(.text) refers to usart2.o(.bss) for UART3_RX_BUF
    adc.o(.text) refers to stm32f10x_rcc.o(.text) for RCC_APB2PeriphClockCmd
    adc.o(.text) refers to stm32f10x_gpio.o(.text) for GPIO_Init
    adc.o(.text) refers to stm32f10x_adc.o(.text) for ADC_DeInit
    adc.o(.text) refers to delay.o(.text) for delay_ms
    timer.o(.text) refers to stm32f10x_rcc.o(.text) for RCC_APB1PeriphClockCmd
    timer.o(.text) refers to stm32f10x_tim.o(.text) for TIM_TimeBaseInit
    delay.o(.text) refers to misc.o(.text) for SysTick_CLKSourceConfig
    delay.o(.text) refers to system_stm32f10x.o(.data) for SystemCoreClock
    delay.o(.text) refers to delay.o(.data) for fac_us
    usart.o(.text) refers (Special) to use_no_semi_2.o(.text) for __use_no_semihosting
    usart.o(.text) refers to stm32f10x_rcc.o(.text) for RCC_APB2PeriphClockCmd
    usart.o(.text) refers to stm32f10x_gpio.o(.text) for GPIO_Init
    usart.o(.text) refers to misc.o(.text) for NVIC_Init
    usart.o(.text) refers to stm32f10x_usart.o(.text) for USART_Init
    usart.o(.text) refers to usart.o(.data) for USART_RX_STA
    usart.o(.text) refers to usart.o(.bss) for USART_RX_BUF
    usart.o(.bss) refers (Special) to use_no_semi_2.o(.text) for __use_no_semihosting
    usart.o(.data) refers (Special) to use_no_semi_2.o(.text) for __use_no_semihosting
    startup_stm32f10x_hd.o(STACK) refers (Special) to heapauxi.o(.text) for __use_two_region_memory
    startup_stm32f10x_hd.o(HEAP) refers (Special) to heapauxi.o(.text) for __use_two_region_memory
    startup_stm32f10x_hd.o(RESET) refers (Special) to heapauxi.o(.text) for __use_two_region_memory
    startup_stm32f10x_hd.o(RESET) refers to startup_stm32f10x_hd.o(STACK) for __initial_sp
    startup_stm32f10x_hd.o(RESET) refers to startup_stm32f10x_hd.o(.text) for Reset_Handler
    startup_stm32f10x_hd.o(RESET) refers to stm32f10x_it.o(.text) for NMI_Handler
[...]
    delay_us                                 0x08000ff3   Thumb Code    72  delay.o(.text)
    delay_ms                                 0x0800103b   Thumb Code    72  delay.o(.text)
    _sys_exit                                0x08001095   Thumb Code     6  usart.o(.text)
    fputc                                    0x0800109b   Thumb Code    24  usart.o(.text)
    uart_init                                0x080010b3   Thumb Code   152  usart.o(.text)
    USART1_IRQHandler                        0x0800114b   Thumb Code   122  usart.o(.text)
    Reset_Handler                            0x080011d5   Thumb Code     8  startup_stm32f10x_hd.o(.text)
    ADC1_2_IRQHandler                        0x080011ef   Thumb Code     0  startup_stm32f10x_hd.o(.text)
    ADC3_IRQHandler                          0x080011ef   Thumb Code     0  startup_stm32f10x_hd.o(.text)
    CAN1_RX1_IRQHandler                      0x080011ef   Thumb Code     0  startup_stm32f10x_hd.o(.text)
    CAN1_SCE_IRQHandler                      0x080011ef   Thumb Code     0  startup_stm32f10x_hd.o(.text)
    DMA1_Channel1_IRQHandler                 0x080011ef   Thumb Code     0  startup_stm32f10x_hd.o(.text)
    DMA1_Channel2_IRQHandler                 0x080011ef   Thumb Code     0  startup_stm32f10x_hd.o(.text)
    DMA1_Channel3_IRQHandler                 0x080011ef   Thumb Code     0  startup_stm32f10x_hd.o(.text)
    DMA1_Channel4_IRQHandler                 0x080011ef   Thumb Code     0  startup_stm32f10x_hd.o(.text)
    DMA1_Channel5_IRQHandler                 0x080011ef   Thumb Code     0  startup_stm32f10x_hd.o(.text)
    DMA1_Channel6_IRQHandler                 0x080011ef   Thumb Code     0  startup_stm32f10x_hd.o(.text)
    DMA1_Channel7_IRQHandler                 0x080011ef   Thumb Code     0  startup_stm32f10x_hd.o(.text)
    DMA2_Channel1_IRQHandler                 0x080011ef   Thumb Code     0  startup_stm32f10x_hd.o(.text)
    DMA2_Channel2_IRQHandler                 0x080011ef   Thumb Code     0  startup_stm32f10x_hd.o(.text)
    DMA2_Channel3_IRQHandler                 0x080011ef   Thumb Code     0  startup_stm32f10x_hd.o(.text)
    DMA2_Channel4_5_IRQHandler               0x080011ef   Thumb Code     0  startup_stm32f10x_hd.o(.text)
    EXTI0_IRQHandler                         0x080011ef   Thumb Code     0  startup_stm32f10x_hd.o(.text)
    EXTI15_10_IRQHandler                     0x080011ef   Thumb Code     0  startup_stm32f10x_hd.o(.text)
    EXTI1_IRQHandler                         0x080011ef   Thumb Code     0  startup_stm32f10x_hd.o(.text)
    EXTI2_IRQHandler                         0x080011ef   Thumb Code     0  startup_stm32f10x_hd.o(.text)
    EXTI3_IRQHandler                         0x080011ef   Thumb Code     0  startup_stm32f10x_hd.o(.text)
    EXTI4_IRQHandler                         0x080011ef   Thumb Code     0  startup_stm32f10x_hd.o(.text)
    EXTI9_5_IRQHandler                       0x080011ef   Thumb Code     0  startup_stm32f10x_hd.o(.text)
    FLASH_IRQHandler                         0x080011ef   Thumb Code     0  startup_stm32f10x_hd.o(.text)
    FSMC_IRQHandler                          0x080011ef   Thumb Code     0  startup_stm32f10x_hd.o(.text)
    I2C1_ER_IRQHandler                       0x080011ef   Thumb Code     0  startup_stm32f10x_hd.o(.text)
    I2C1_EV_IRQHandler                       0x080011ef   Thumb Code     0  startup_stm32f10x_hd.o(.text)
    I2C2_ER_IRQHandler                       0x080011ef   Thumb Code     0  startup_stm32f10x_hd.o(.text)
    I2C2_EV_IRQHandler                       0x080011ef   Thumb Code     0  startup_stm32f10x_hd.o(.text)
    PVD_IRQHandler                           0x080011ef   Thumb Code     0  startup_stm32f10x_hd.o(.text)
    RCC_IRQHandler                           0x080011ef   Thumb Code     0  startup_stm32f10x_hd.o(.text)
    RTCAlarm_IRQHandler                      0x080011ef   Thumb Code     0  startup_stm32f10x_hd.o(.text)
    RTC_IRQHandler                           0x080011ef   Thumb Code     0  startup_stm32f10x_hd.o(.text)
    SDIO_IRQHandler                          0x080011ef   Thumb Code     0  startup_stm32f10x_hd.o(.text)
    SPI1_IRQHandler                          0x080011ef   Thumb Code     0  startup_stm32f10x_hd.o(.text)
    SPI2_IRQHandler                          0x080011ef   Thumb Code     0  startup_stm32f10x_hd.o(.text)
    SPI3_IRQHandler                          0x080011ef   Thumb Code     0  startup_stm32f10x_hd.o(.text)
    TAMPER_IRQHandler                        0x080011ef   Thumb Code     0  startup_stm32f10x_hd.o(.text)
    TIM1_BRK_IRQHandler                      0x080011ef   Thumb Code     0  startup_stm32f10x_hd.o(.text)
    TIM1_CC_IRQHandler                       0x080011ef   Thumb Code     0  startup_stm32f10x_hd.o(.text)
    TIM1_TRG_COM_IRQHandler                  0x080011ef   Thumb Code     0  startup_stm32f10x_hd.o(.text)
    TIM1_UP_IRQHandler                       0x080011ef   Thumb Code     0  startup_stm32f10x_hd.o(.text)
    TIM2_IRQHandler                          0x080011ef   Thumb Code     0  startup_stm32f10x_hd.o(.text)
    TIM4_IRQHandler                          0x080011ef   Thumb Code     0  startup_stm32f10x_hd.o(.text)
    TIM5_IRQHandler                          0x080011ef   Thumb Code     0  startup_stm32f10x_hd.o(.text)
    TIM6_IRQHandler                          0x080011ef   Thumb Code     0  startup_stm32f10x_hd.o(.text)
    TIM7_IRQHandler                          0x080011ef   Thumb Code     0  startup_stm32f10x_hd.o(.text)
    TIM8_BRK_IRQHandler                      0x080011ef   Thumb Code     0  startup_stm32f10x_hd.o(.text)
    TIM8_CC_IRQHandler                       0x080011ef   Thumb Code     0  startup_stm32f10x_hd.o(.text)
    TIM8_TRG_COM_IRQHandler                  0x080011ef   Thumb Code     0  startup_stm32f10x_hd.o(.text)
    TIM8_UP_IRQHandler                       0x080011ef   Thumb Code     0  startup_stm32f10x_hd.o(.text)
    UART4_IRQHandler                         0x080011ef   Thumb Code     0  startup_stm32f10x_hd.o(.text)
    UART5_IRQHandler                         0x080011ef   Thumb Code     0  startup_stm32f10x_hd.o(.text)
    USB_HP_CAN1_TX_IRQHandler                0x080011ef   Thumb Code     0  startup_stm32f10x_hd.o(.text)
    WWDG_IRQHandler                          0x080011ef   Thumb Code     0  startup_stm32f10x_hd.o(.text)
    __user_initial_stackheap                 0x080011f1   Thumb Code     0  startup_stm32f10x_hd.o(.text)
    NVIC_PriorityGroupConfig                 0x08001215   Thumb Code    10  misc.o(.text)
    NVIC_Init                                0x0800121f   Thumb Code   100  misc.o(.text)
    NVIC_SetVectorTable                      0x08001283   Thumb Code    14  misc.o(.text)
    NVIC_SystemLPConfig                      0x08001291   Thumb Code    34  misc.o(.text)
    SysTick_CLKSourceConfig                  0x080012b3   Thumb Code    40  misc.o(.text)
    GPIO_DeInit                              0x080012f1   Thumb Code   172  stm32f10x_gpio.o(.text)
    GPIO_AFIODeInit                          0x0800139d   Thumb Code    20  stm32f10x_gpio.o(.text)
    GPIO_Init                                0x080013b1   Thumb Code   278  stm32f10x_gpio.o(.text)
    GPIO_StructInit                          0x080014c7   Thumb Code    16  stm32f10x_gpio.o(.text)
    GPIO_ReadInputDataBit                    0x080014d7   Thumb Code    18  stm32f10x_gpio.o(.text)
    GPIO_ReadInputData                       0x080014e9   Thumb Code     8  stm32f10x_gpio.o(.text)
    GPIO_ReadOutputDataBit                   0x080014f1   Thumb Code    18  stm32f10x_gpio.o(.text)
    GPIO_ReadOutputData                      0x08001503   Thumb Code     8  stm32f10x_gpio.o(.text)
    GPIO_SetBits                             0x0800150b   Thumb Code     4  stm32f10x_gpio.o(.text)
    GPIO_ResetBits                           0x0800150f   Thumb Code     4  stm32f10x_gpio.o(.text)
    GPIO_WriteBit                            0x08001513   Thumb Code    10  stm32f10x_gpio.o(.text)
    GPIO_Write                               0x0800151d   Thumb Code     4  stm32f10x_gpio.o(.text)
    GPIO_PinLockConfig                       0x08001521   Thumb Code    18  stm32f10x_gpio.o(.text)
    GPIO_EventOutputConfig                   0x08001533   Thumb Code    26  stm32f10x_gpio.o(.text)
    GPIO_EventOutputCmd                      0x0800154d   Thumb Code     6  stm32f10x_gpio.o(.text)
    GPIO_PinRemapConfig                      0x08001553   Thumb Code   138  stm32f10x_gpio.o(.text)
    GPIO_EXTILineConfig                      0x080015dd   Thumb Code    66  stm32f10x_gpio.o(.text)
    GPIO_ETH_MediaInterfaceConfig            0x0800161f   Thumb Code     8  stm32f10x_gpio.o(.text)
    RCC_DeInit                               0x0800164d   Thumb Code    64  stm32f10x_rcc.o(.text)
    RCC_HSEConfig                            0x0800168d   Thumb Code    70  stm32f10x_rcc.o(.text)
    RCC_GetFlagStatus                        0x080016d3   Thumb Code    56  stm32f10x_rcc.o(.text)
    RCC_WaitForHSEStartUp                    0x0800170b   Thumb Code    56  stm32f10x_rcc.o(.text)
    RCC_AdjustHSICalibrationValue            0x08001743   Thumb Code    20  stm32f10x_rcc.o(.text)
    RCC_HSICmd                               0x08001757   Thumb Code     6  stm32f10x_rcc.o(.text)
    RCC_PLLConfig                            0x0800175d   Thumb Code    24  stm32f10x_rcc.o(.text)
    RCC_PLLCmd                               0x08001775   Thumb Code     6  stm32f10x_rcc.o(.text)
    RCC_SYSCLKConfig                         0x0800177b   Thumb Code    18  stm32f10x_rcc.o(.text)
    RCC_GetSYSCLKSource                      0x0800178d   Thumb Code    10  stm32f10x_rcc.o(.text)
    RCC_HCLKConfig                           0x08001797   Thumb Code    18  stm32f10x_rcc.o(.text)
    RCC_PCLK1Config                          0x080017a9   Thumb Code    18  stm32f10x_rcc.o(.text)
    RCC_PCLK2Config                          0x080017bb   Thumb Code    20  stm32f10x_rcc.o(.text)
    RCC_ITConfig                             0x080017cf   Thumb Code    26  stm32f10x_rcc.o(.text)
    RCC_USBCLKConfig                         0x080017e9   Thumb Code     8  stm32f10x_rcc.o(.text)
    RCC_ADCCLKConfig                         0x080017f1   Thumb Code    18  stm32f10x_rcc.o(.text)
    RCC_LSEConfig                            0x08001803   Thumb Code    50  stm32f10x_rcc.o(.text)
    RCC_LSICmd                               0x08001835   Thumb Code     6  stm32f10x_rcc.o(.text)
    RCC_RTCCLKConfig                         0x0800183b   Thumb Code    12  stm32f10x_rcc.o(.text)
    RCC_RTCCLKCmd                            0x08001847   Thumb Code     8  stm32f10x_rcc.o(.text)
    RCC_GetClocksFreq                        0x0800184f   Thumb Code   192  stm32f10x_rcc.o(.text)
    RCC_AHBPeriphClockCmd                    0x0800190f   Thumb Code    26  stm32f10x_rcc.o(.text)
    RCC_APB2PeriphClockCmd                   0x08001929   Thumb Code    26  stm32f10x_rcc.o(.text)
    RCC_APB1PeriphClockCmd                   0x08001943   Thumb Code    26  stm32f10x_rcc.o(.text)
    RCC_APB2PeriphResetCmd                   0x0800195d   Thumb Code    26  stm32f10x_rcc.o(.text)
    RCC_APB1PeriphResetCmd                   0x08001977   Thumb Code    26  stm32f10x_rcc.o(.text)
    RCC_BackupResetCmd                       0x08001991   Thumb Code     8  stm32f10x_rcc.o(.text)
    RCC_ClockSecuritySystemCmd               0x08001999   Thumb Code     6  stm32f10x_rcc.o(.text)
    RCC_MCOConfig                            0x0800199f   Thumb Code     6  stm32f10x_rcc.o(.text)
    RCC_ClearFlag                            0x080019a5   Thumb Code    14  stm32f10x_rcc.o(.text)
    RCC_GetITStatus                          0x080019b3   Thumb Code    20  stm32f10x_rcc.o(.text)
    RCC_ClearITPendingBit                    0x080019c7   Thumb Code     6  stm32f10x_rcc.o(.text)
    USART_DeInit                             0x080019f1   Thumb Code   134  stm32f10x_usart.o(.text)
    USART_Init                               0x08001a77   Thumb Code   210  stm32f10x_usart.o(.text)
    USART_StructInit                         0x08001b49   Thumb Code    24  stm32f10x_usart.o(.text)
    USART_ClockInit                          0x08001b61   Thumb Code    34  stm32f10x_usart.o(.text)
    USART_ClockStructInit                    0x08001b83   Thumb Code    12  stm32f10x_usart.o(.text)
    USART_Cmd                                0x08001b8f   Thumb Code    24  stm32f10x_usart.o(.text)
    USART_ITConfig                           0x08001ba7   Thumb Code    74  stm32f10x_usart.o(.text)
    USART_DMACmd                             0x08001bf1   Thumb Code    18  stm32f10x_usart.o(.text)
    USART_SetAddress                         0x08001c03   Thumb Code    18  stm32f10x_usart.o(.text)
    USART_WakeUpConfig                       0x08001c15   Thumb Code    18  stm32f10x_usart.o(.text)
    USART_ReceiverWakeUpCmd                  0x08001c27   Thumb Code    24  stm32f10x_usart.o(.text)
    USART_LINBreakDetectLengthConfig         0x08001c3f   Thumb Code    18  stm32f10x_usart.o(.text)
    USART_LINCmd                             0x08001c51   Thumb Code    24  stm32f10x_usart.o(.text)
    USART_SendData                           0x08001c69   Thumb Code     8  stm32f10x_usart.o(.text)
    USART_ReceiveData                        0x08001c71   Thumb Code    10  stm32f10x_usart.o(.text)
    USART_SendBreak                          0x08001c7b   Thumb Code    10  stm32f10x_usart.o(.text)
    USART_SetGuardTime                       0x08001c85   Thumb Code    16  stm32f10x_usart.o(.text)
    USART_SetPrescaler                       0x08001c95   Thumb Code    16  stm32f10x_usart.o(.text)
    USART_SmartCardCmd                       0x08001ca5   Thumb Code    24  stm32f10x_usart.o(.text)
    USART_SmartCardNACKCmd                   0x08001cbd   Thumb Code    24  stm32f10x_usart.o(.text)
    USART_HalfDuplexCmd                      0x08001cd5   Thumb Code    24  stm32f10x_usart.o(.text)
    USART_OverSampling8Cmd                   0x08001ced   Thumb Code    22  stm32f10x_usart.o(.text)
    USART_OneBitMethodCmd                    0x08001d03   Thumb Code    24  stm32f10x_usart.o(.text)
    USART_IrDAConfig                         0x08001d1b   Thumb Code    18  stm32f10x_usart.o(.text)
    USART_IrDACmd                            0x08001d2d   Thumb Code    24  stm32f10x_usart.o(.text)
    USART_GetFlagStatus                      0x08001d45   Thumb Code    26  stm32f10x_usart.o(.text)
    USART_ClearFlag                          0x08001d5f   Thumb Code    18  stm32f10x_usart.o(.text)
    USART_GetITStatus                        0x08001d71   Thumb Code    84  stm32f10x_usart.o(.text)
    USART_ClearITPendingBit                  0x08001dc5   Thumb Code    52  stm32f10x_usart.o(.text)
    EXTI_DeInit                              0x08001df9   Thumb Code    28  stm32f10x_exti.o(.text)
    EXTI_Init                                0x08001e15   Thumb Code   142  stm32f10x_exti.o(.text)
    EXTI_StructInit                          0x08001ea3   Thumb Code    16  stm32f10x_exti.o(.text)
    EXTI_GenerateSWInterrupt                 0x08001eb3   Thumb Code    16  stm32f10x_exti.o(.text)
    EXTI_GetFlagStatus                       0x08001ec3   Thumb Code    22  stm32f10x_exti.o(.text)
    EXTI_ClearFlag                           0x08001ed9   Thumb Code     8  stm32f10x_exti.o(.text)
    EXTI_GetITStatus                         0x08001ee1   Thumb Code    34  stm32f10x_exti.o(.text)
    EXTI_ClearITPendingBit                   0x08001f03   Thumb Code     8  stm32f10x_exti.o(.text)
    ADC_DeInit                               0x08001f15   Thumb Code    78  stm32f10x_adc.o(.text)
    ADC_Init                                 0x08001f63   Thumb Code    70  stm32f10x_adc.o(.text)
    ADC_StructInit                           0x08001fa9   Thumb Code    18  stm32f10x_adc.o(.text)
    ADC_Cmd                                  0x08001fbb   Thumb Code    22  stm32f10x_adc.o(.text)
    ADC_DMACmd                               0x08001fd1   Thumb Code    22  stm32f10x_adc.o(.text)
    ADC_ITConfig                             0x08001fe7   Thumb Code    24  stm32f10x_adc.o(.text)
    ADC_ResetCalibration                     0x08001fff   Thumb Code    10  stm32f10x_adc.o(.text)
    ADC_GetResetCalibrationStatus            0x08002009   Thumb Code    20  stm32f10x_adc.o(.text)
    ADC_StartCalibration                     0x0800201d   Thumb Code    10  stm32f10x_adc.o(.text)
    ADC_GetCalibrationStatus                 0x08002027   Thumb Code    20  stm32f10x_adc.o(.text)
    ADC_SoftwareStartConvCmd                 0x0800203b   Thumb Code    22  stm32f10x_adc.o(.text)
    ADC_GetSoftwareStartConvStatus           0x08002051   Thumb Code    20  stm32f10x_adc.o(.text)
    ADC_DiscModeChannelCountConfig           0x08002065   Thumb Code    24  stm32f10x_adc.o(.text)
    ADC_DiscModeCmd                          0x0800207d   Thumb Code    22  stm32f10x_adc.o(.text)
    ADC_RegularChannelConfig                 0x08002093   Thumb Code   184  stm32f10x_adc.o(.text)
    ADC_ExternalTrigConvCmd                  0x0800214b   Thumb Code    22  stm32f10x_adc.o(.text)
    ADC_GetConversionValue                   0x08002161   Thumb Code     8  stm32f10x_adc.o(.text)
    ADC_GetDualModeConversionValue           0x08002169   Thumb Code     8  stm32f10x_adc.o(.text)
    ADC_AutoInjectedConvCmd                  0x08002171   Thumb Code    22  stm32f10x_adc.o(.text)
    ADC_InjectedDiscModeCmd                  0x08002187   Thumb Code    22  stm32f10x_adc.o(.text)
    ADC_ExternalTrigInjectedConvConfig       0x0800219d   Thumb Code    16  stm32f10x_adc.o(.text)
    ADC_ExternalTrigInjectedConvCmd          0x080021ad   Thumb Code    22  stm32f10x_adc.o(.text)
    ADC_SoftwareStartInjectedConvCmd         0x080021c3   Thumb Code    22  stm32f10x_adc.o(.text)
    ADC_GetSoftwareStartInjectedConvCmdStatus 0x080021d9   Thumb Code    20  stm32f10x_adc.o(.text)
    ADC_InjectedChannelConfig                0x080021ed   Thumb Code   130  stm32f10x_adc.o(.text)
    ADC_InjectedSequencerLengthConfig        0x0800226f   Thumb Code    24  stm32f10x_adc.o(.text)
    ADC_SetInjectedOffset                    0x08002287   Thumb Code    20  stm32f10x_adc.o(.text)
    ADC_GetInjectedConversionValue           0x0800229b   Thumb Code    28  stm32f10x_adc.o(.text)
    ADC_AnalogWatchdogCmd                    0x080022b7   Thumb Code    16  stm32f10x_adc.o(.text)
    ADC_AnalogWatchdogThresholdsConfig       0x080022c7   Thumb Code     6  stm32f10x_adc.o(.text)
    ADC_AnalogWatchdogSingleChannelConfig    0x080022cd   Thumb Code    16  stm32f10x_adc.o(.text)
    ADC_TempSensorVrefintCmd                 0x080022dd   Thumb Code    64  stm32f10x_adc.o(.text)
    ADC_GetFlagStatus                        0x0800231d   Thumb Code    18  stm32f10x_adc.o(.text)
    ADC_ClearFlag                            0x0800232f   Thumb Code     6  stm32f10x_adc.o(.text)
    ADC_GetITStatus                          0x08002335   Thumb Code    36  stm32f10x_adc.o(.text)
    ADC_ClearITPendingBit                    0x08002359   Thumb Code    10  stm32f10x_adc.o(.text)
    TIM_DeInit                               0x08002365   Thumb Code   424  stm32f10x_tim.o(.text)
    TIM_TimeBaseInit                         0x0800250d   Thumb Code   122  stm32f10x_tim.o(.text)
    TIM_OC1Init                              0x08002587   Thumb Code   132  stm32f10x_tim.o(.text)
    TIM_OC2Init                              0x0800260b   Thumb Code   154  stm32f10x_tim.o(.text)
    TIM_OC3Init                              0x080026a5   Thumb Code   150  stm32f10x_tim.o(.text)
    TIM_OC4Init                              0x0800273b   Thumb Code   182  stm32f10x_tim.o(.text)
    TIM_SetIC4Prescaler                      0x080027f1   Thumb Code    26  stm32f10x_tim.o(.text)
    TIM_SetIC3Prescaler                      0x0800288d   Thumb Code    18  stm32f10x_tim.o(.text)
    TIM_SetIC2Prescaler                      0x08002919   Thumb Code    26  stm32f10x_tim.o(.text)
    TIM_SetIC1Prescaler                      0x080029b5   Thumb Code    18  stm32f10x_tim.o(.text)
    TIM_ICInit                               0x08002a33   Thumb Code   150  stm32f10x_tim.o(.text)
    TIM_PWMIConfig                           0x08002ac9   Thumb Code   124  stm32f10x_tim.o(.text)
    TIM_BDTRConfig                           0x08002b45   Thumb Code    32  stm32f10x_tim.o(.text)
    TIM_TimeBaseStructInit                   0x08002b65   Thumb Code    18  stm32f10x_tim.o(.text)
    TIM_OCStructInit                         0x08002b77   Thumb Code    20  stm32f10x_tim.o(.text)
    TIM_ICStructInit                         0x08002b8b   Thumb Code    18  stm32f10x_tim.o(.text)
    TIM_BDTRStructInit                       0x08002b9d   Thumb Code    40  stm32f10x_tim.o(.text)
    TIM_Cmd                                  0x08002bc5   Thumb Code    24  stm32f10x_tim.o(.text)
    TIM_CtrlPWMOutputs                       0x08002bdd   Thumb Code    30  stm32f10x_tim.o(.text)
    TIM_ITConfig                             0x08002bfb   Thumb Code    18  stm32f10x_tim.o(.text)
    TIM_GenerateEvent                        0x08002c0d   Thumb Code     4  stm32f10x_tim.o(.text)
    TIM_DMAConfig                            0x08002c11   Thumb Code    10  stm32f10x_tim.o(.text)
    TIM_DMACmd                               0x08002c1b   Thumb Code    18  stm32f10x_tim.o(.text)
    TIM_InternalClockConfig                  0x08002c2d   Thumb Code    12  stm32f10x_tim.o(.text)
    TIM_SelectInputTrigger                   0x08002c39   Thumb Code    18  stm32f10x_tim.o(.text)
    TIM_ITRxExternalClockConfig              0x08002c4b   Thumb Code    24  stm32f10x_tim.o(.text)
    TIM_TIxExternalClockConfig               0x08002c63   Thumb Code    62  stm32f10x_tim.o(.text)
    TIM_ETRConfig                            0x08002ca1   Thumb Code    28  stm32f10x_tim.o(.text)
    TIM_ETRClockMode1Config                  0x08002cbd   Thumb Code    54  stm32f10x_tim.o(.text)
    TIM_ETRClockMode2Config                  0x08002cf3   Thumb Code    32  stm32f10x_tim.o(.text)
    TIM_PrescalerConfig                      0x08002d13   Thumb Code     6  stm32f10x_tim.o(.text)
    TIM_CounterModeConfig                    0x08002d19   Thumb Code    18  stm32f10x_tim.o(.text)
    TIM_EncoderInterfaceConfig               0x08002d2b   Thumb Code    66  stm32f10x_tim.o(.text)
    TIM_ForcedOC1Config                      0x08002d6d   Thumb Code    18  stm32f10x_tim.o(.text)
    TIM_ForcedOC2Config                      0x08002d7f   Thumb Code    26  stm32f10x_tim.o(.text)
    TIM_ForcedOC3Config                      0x08002d99   Thumb Code    18  stm32f10x_tim.o(.text)
    TIM_ForcedOC4Config                      0x08002dab   Thumb Code    26  stm32f10x_tim.o(.text)
    TIM_ARRPreloadConfig                     0x08002dc5   Thumb Code    24  stm32f10x_tim.o(.text)
    TIM_SelectCOM                            0x08002ddd   Thumb Code    24  stm32f10x_tim.o(.text)
    TIM_SelectCCDMA                          0x08002df5   Thumb Code    24  stm32f10x_tim.o(.text)
    TIM_CCPreloadControl                     0x08002e0d   Thumb Code    24  stm32f10x_tim.o(.text)
    TIM_OC1PreloadConfig                     0x08002e25   Thumb Code    18  stm32f10x_tim.o(.text)
    TIM_OC2PreloadConfig                     0x08002e37   Thumb Code    26  stm32f10x_tim.o(.text)
    TIM_OC3PreloadConfig                     0x08002e51   Thumb Code    18  stm32f10x_tim.o(.text)
    TIM_OC4PreloadConfig                     0x08002e63   Thumb Code    26  stm32f10x_tim.o(.text)
    TIM_OC1FastConfig                        0x08002e7d   Thumb Code    18  stm32f10x_tim.o(.text)
    TIM_OC2FastConfig                        0x08002e8f   Thumb Code    26  stm32f10x_tim.o(.text)
    TIM_OC3FastConfig                        0x08002ea9   Thumb Code    18  stm32f10x_tim.o(.text)
    TIM_OC4FastConfig                        0x08002ebb   Thumb Code    26  stm32f10x_tim.o(.text)
    TIM_ClearOC1Ref                          0x08002ed5   Thumb Code    18  stm32f10x_tim.o(.text)
    TIM_ClearOC2Ref                          0x08002ee7   Thumb Code    24  stm32f10x_tim.o(.text)
    TIM_ClearOC3Ref                          0x08002eff   Thumb Code    18  stm32f10x_tim.o(.text)
    TIM_ClearOC4Ref                          0x08002f11   Thumb Code    24  stm32f10x_tim.o(.text)
    TIM_OC1PolarityConfig                    0x08002f29   Thumb Code    18  stm32f10x_tim.o(.text)
    TIM_OC1NPolarityConfig                   0x08002f3b   Thumb Code    18  stm32f10x_tim.o(.text)
    TIM_OC2PolarityConfig                    0x08002f4d   Thumb Code    26  stm32f10x_tim.o(.text)
    TIM_OC2NPolarityConfig                   0x08002f67   Thumb Code    26  stm32f10x_tim.o(.text)
    TIM_OC3PolarityConfig                    0x08002f81   Thumb Code    26  stm32f10x_tim.o(.text)
    TIM_OC3NPolarityConfig                   0x08002f9b   Thumb Code    26  stm32f10x_tim.o(.text)
    TIM_OC4PolarityConfig                    0x08002fb5   Thumb Code    26  stm32f10x_tim.o(.text)
    TIM_CCxCmd                               0x08002fcf   Thumb Code    30  stm32f10x_tim.o(.text)
    TIM_CCxNCmd                              0x08002fed   Thumb Code    30  stm32f10x_tim.o(.text)
    TIM_SelectOCxM                           0x0800300b   Thumb Code    82  stm32f10x_tim.o(.text)
    TIM_UpdateDisableConfig                  0x0800305d   Thumb Code    24  stm32f10x_tim.o(.text)
    TIM_UpdateRequestConfig                  0x08003075   Thumb Code    24  stm32f10x_tim.o(.text)
    TIM_SelectHallSensor                     0x0800308d   Thumb Code    24  stm32f10x_tim.o(.text)
    TIM_SelectOnePulseMode                   0x080030a5   Thumb Code    18  stm32f10x_tim.o(.text)
    TIM_SelectOutputTrigger                  0x080030b7   Thumb Code    18  stm32f10x_tim.o(.text)
    TIM_SelectSlaveMode                      0x080030c9   Thumb Code    18  stm32f10x_tim.o(.text)
    TIM_SelectMasterSlaveMode                0x080030db   Thumb Code    18  stm32f10x_tim.o(.text)
    TIM_SetCounter                           0x080030ed   Thumb Code     4  stm32f10x_tim.o(.text)
    TIM_SetAutoreload                        0x080030f1   Thumb Code     4  stm32f10x_tim.o(.text)
    TIM_SetCompare1                          0x080030f5   Thumb Code     4  stm32f10x_tim.o(.text)
    TIM_SetCompare2                          0x080030f9   Thumb Code     4  stm32f10x_tim.o(.text)
    TIM_SetCompare3                          0x080030fd   Thumb Code     4  stm32f10x_tim.o(.text)
    TIM_SetCompare4                          0x08003101   Thumb Code     6  stm32f10x_tim.o(.text)
    TIM_SetClockDivision                     0x08003107   Thumb Code    18  stm32f10x_tim.o(.text)
    TIM_GetCapture1                          0x08003119   Thumb Code     6  stm32f10x_tim.o(.text)
    TIM_GetCapture2                          0x0800311f   Thumb Code     6  stm32f10x_tim.o(.text)
    TIM_GetCapture3                          0x08003125   Thumb Code     6  stm32f10x_tim.o(.text)
    TIM_GetCapture4                          0x0800312b   Thumb Code     8  stm32f10x_tim.o(.text)
    TIM_GetCounter                           0x08003133   Thumb Code     6  stm32f10x_tim.o(.text)
    TIM_GetPrescaler                         0x08003139   Thumb Code     6  stm32f10x_tim.o(.text)
    TIM_GetFlagStatus                        0x0800313f   Thumb Code    18  stm32f10x_tim.o(.text)
    TIM_ClearFlag                            0x08003151   Thumb Code     6  stm32f10x_tim.o(.text)
    TIM_GetITStatus                          0x08003157   Thumb Code    34  stm32f10x_tim.o(.text)
    TIM_ClearITPendingBit                    0x08003179   Thumb Code     6  stm32f10x_tim.o(.text)
    Standard_GetConfiguration                0x08003181   Thumb Code    34  usb_core.o(.text)
    Standard_SetConfiguration                0x080031a3   Thumb Code    60  usb_core.o(.text)
    Standard_GetInterface                    0x080031df   Thumb Code    34  usb_core.o(.text)
    Standard_SetInterface                    0x08003201   Thumb Code    96  usb_core.o(.text)
    Standard_GetStatus                       0x08003261   Thumb Code   238  usb_core.o(.text)
    Standard_ClearFeature                    0x0800334f   Thumb Code   342  usb_core.o(.text)
    Standard_SetEndPointFeature              0x080034a5   Thumb Code   220  usb_core.o(.text)
    Standard_SetDeviceFeature                0x08003581   Thumb Code    30  usb_core.o(.text)
    Standard_GetDescriptorData               0x0800359f   Thumb Code    32  usb_core.o(.text)
    Post0_Process                            0x08003ad3   Thumb Code    54  usb_core.o(.text)
    Setup0_Process                           0x08003b09   Thumb Code   170  usb_core.o(.text)
    SetDeviceAddress                         0x08003bb3   Thumb Code    70  usb_core.o(.text)
    In0_Process                              0x08003bf9   Thumb Code    98  usb_core.o(.text)
    Out0_Process                             0x08003c5b   Thumb Code    70  usb_core.o(.text)
    NOP_Process                              0x08003ca1   Thumb Code     2  usb_core.o(.text)
    USB_Init                                 0x08003cd1   Thumb Code    36  usb_init.o(.text)
    CTR_LP                                   0x08003d0d   Thumb Code   616  usb_int.o(.text)
    CTR_HP                                   0x08003f75   Thumb Code   178  usb_int.o(.text)
    UserToPMABufferCopy                      0x08004049   Thumb Code    52  usb_mem.o(.text)
    PMAToUserBufferCopy                      0x0800407d   Thumb Code    34  usb_mem.o(.text)
    SetCNTR                                  0x080040a5   Thumb Code     6  usb_regs.o(.text)
    GetCNTR                                  0x080040ab   Thumb Code     8  usb_regs.o(.text)
    SetISTR                                  0x080040b3   Thumb Code     8  usb_regs.o(.text)
    GetISTR                                  0x080040bb   Thumb Code    10  usb_regs.o(.text)
    GetFNR                                   0x080040c5   Thumb Code    10  usb_regs.o(.text)
    SetDADDR                                 0x080040cf   Thumb Code     8  usb_regs.o(.text)
    GetDADDR                                 0x080040d7   Thumb Code    10  usb_regs.o(.text)
    SetBTABLE                                0x080040e1   Thumb Code    14  usb_regs.o(.text)
    GetBTABLE                                0x080040ef   Thumb Code    10  usb_regs.o(.text)
    SetENDPOINT                              0x080040f9   Thumb Code    12  usb_regs.o(.text)
    GetENDPOINT                              0x08004105   Thumb Code    16  usb_regs.o(.text)
    SetEPType                                0x08004115   Thumb Code    32  usb_regs.o(.text)
    GetEPType                                0x08004135   Thumb Code    18  usb_regs.o(.text)
    SetEPTxStatus                            0x08004147   Thumb Code    60  usb_regs.o(.text)
    SetEPRxStatus                            0x08004183   Thumb Code    60  usb_regs.o(.text)
    SetDouBleBuffEPStall                     0x080041bf   Thumb Code    54  usb_regs.o(.text)
    GetEPTxStatus                            0x080041f5   Thumb Code    18  usb_regs.o(.text)
    GetEPRxStatus                            0x08004207   Thumb Code    18  usb_regs.o(.text)
    SetEPTxValid                             0x08004219   Thumb Code    48  usb_regs.o(.text)
    SetEPRxValid                             0x08004249   Thumb Code    48  usb_regs.o(.text)
    SetEP_KIND                               0x08004279   Thumb Code    38  usb_regs.o(.text)
    ClearEP_KIND                             0x0800429f   Thumb Code    34  usb_regs.o(.text)
    Clear_Status_Out                         0x080042c1   Thumb Code    34  usb_regs.o(.text)
    Set_Status_Out                           0x080042e3   Thumb Code    38  usb_regs.o(.text)
    SetEPDoubleBuff                          0x08004309   Thumb Code    38  usb_regs.o(.text)
    ClearEPDoubleBuff                        0x0800432f   Thumb Code    34  usb_regs.o(.text)
    GetTxStallStatus                         0x08004351   Thumb Code    28  usb_regs.o(.text)
    GetRxStallStatus                         0x0800436d   Thumb Code    30  usb_regs.o(.text)
    ClearEP_CTR_RX                           0x0800438b   Thumb Code    32  usb_regs.o(.text)
    ClearEP_CTR_TX                           0x080043ab   Thumb Code    28  usb_regs.o(.text)
    ToggleDTOG_RX                            0x080043c7   Thumb Code    34  usb_regs.o(.text)
    ToggleDTOG_TX                            0x080043e9   Thumb Code    34  usb_regs.o(.text)
    ClearDTOG_RX                             0x0800440b   Thumb Code    48  usb_regs.o(.text)
    ClearDTOG_TX                             0x0800443b   Thumb Code    48  usb_regs.o(.text)
    SetEPAddress                             0x0800446b   Thumb Code    46  usb_regs.o(.text)
    GetEPAddress                             0x08004499   Thumb Code    18  usb_regs.o(.text)
    SetEPTxAddr                              0x080044ab   Thumb Code    24  usb_regs.o(.text)
    SetEPRxAddr                              0x080044c3   Thumb Code    26  usb_regs.o(.text)
    GetEPTxAddr                              0x080044dd   Thumb Code    22  usb_regs.o(.text)
    GetEPRxAddr                              0x080044f3   Thumb Code    24  usb_regs.o(.text)
    SetEPTxCount                             0x0800450b   Thumb Code    20  usb_regs.o(.text)
    SetEPCountRxReg                          0x0800451f   Thumb Code    48  usb_regs.o(.text)
    SetEPRxCount                             0x0800454f   Thumb Code    68  usb_regs.o(.text)
    GetEPTxCount                             0x08004593   Thumb Code    26  usb_regs.o(.text)
    GetEPRxCount                             0x080045ad   Thumb Code    26  usb_regs.o(.text)
    SetEPDblBuffAddr                         0x080045c7   Thumb Code    44  usb_regs.o(.text)
    SetEPDblBuf0Addr                         0x080045f3   Thumb Code    24  usb_regs.o(.text)
    SetEPDblBuf1Addr                         0x0800460b   Thumb Code    26  usb_regs.o(.text)
    GetEPDblBuf0Addr                         0x08004625   Thumb Code    22  usb_regs.o(.text)
    GetEPDblBuf1Addr                         0x0800463b   Thumb Code    24  usb_regs.o(.text)
    SetEPDblBuffCount                        0x08004653   Thumb Code   186  usb_regs.o(.text)
    SetEPDblBuf0Count                        0x0800470d   Thumb Code    96  usb_regs.o(.text)
    SetEPDblBuf1Count                        0x0800476d   Thumb Code    96  usb_regs.o(.text)
    GetEPDblBuf0Count                        0x080047cd   Thumb Code    26  usb_regs.o(.text)
    GetEPDblBuf1Count                        0x080047e7   Thumb Code    26  usb_regs.o(.text)
    GetEPDblBufDir                           0x08004801   Thumb Code    62  usb_regs.o(.text)
    FreeUserBuffer                           0x0800483f   Thumb Code    90  usb_regs.o(.text)
    ToWord                                   0x08004899   Thumb Code     8  usb_regs.o(.text)
    ByteSwap                                 0x080048a1   Thumb Code    12  usb_regs.o(.text)
    USB_SIL_Init                             0x080048ad   Thumb Code    28  usb_sil.o(.text)
    USB_SIL_Write                            0x080048c9   Thumb Code    46  usb_sil.o(.text)
    USB_SIL_Read                             0x080048f7   Thumb Code    46  usb_sil.o(.text)
    USBWakeUp_IRQHandler                     0x0800492d   Thumb Code    12  hw_config.o(.text)
    USB_LP_CAN1_RX0_IRQHandler               0x08004939   Thumb Code     8  hw_config.o(.text)
    Set_USBClock                             0x08004941   Thumb Code    18  hw_config.o(.text)
    Enter_LowPowerMode                       0x08004953   Thumb Code    16  hw_config.o(.text)
    Leave_LowPowerMode                       0x08004963   Thumb Code    30  hw_config.o(.text)
    USB_Interrupts_Config                    0x08004981   Thumb Code    84  hw_config.o(.text)
    USB_Cable_Config                         0x080049d5   Thumb Code    22  hw_config.o(.text)
    USB_Port_Set                             0x080049eb   Thumb Code    74  hw_config.o(.text)
    IntToUnicode                             0x08004a35   Thumb Code    62  hw_config.o(.text)
    Get_SerialNum                            0x08004a73   Thumb Code    42  hw_config.o(.text)
    USART_Config                             0x08004a9d   Thumb Code    62  hw_config.o(.text)
    USB_To_USART_Send_Data                   0x08004adb   Thumb Code   120  hw_config.o(.text)
    USB_USART_SendData                       0x08004b53   Thumb Code    42  hw_config.o(.text)
    usb_printf                               0x08004b7d   Thumb Code    56  hw_config.o(.text)
    EP1_IN_Callback                          0x08004cb1   Thumb Code   138  usb_endp.o(.text)
    EP3_OUT_Callback                         0x08004d3b   Thumb Code    28  usb_endp.o(.text)
    SOF_Callback                             0x08004d57   Thumb Code    38  usb_endp.o(.text)
    USB_Istr                                 0x08004d8d   Thumb Code   426  usb_istr.o(.text)
    Virtual_Com_Port_init                    0x08004f5d   Thumb Code    30  usb_prop.o(.text)
    Virtual_Com_Port_Reset                   0x08004f7b   Thumb Code   216  usb_prop.o(.text)
    Virtual_Com_Port_SetConfiguration        0x08005053   Thumb Code    14  usb_prop.o(.text)
    Virtual_Com_Port_SetDeviceAddress        0x08005061   Thumb Code     8  usb_prop.o(.text)
    Virtual_Com_Port_Status_In               0x08005069   Thumb Code    22  usb_prop.o(.text)
    Virtual_Com_Port_Status_Out              0x0800507f   Thumb Code     2  usb_prop.o(.text)
    Virtual_Com_Port_SetLineCoding           0x08005081   Thumb Code    20  usb_prop.o(.text)
    Virtual_Com_Port_GetLineCoding           0x08005095   Thumb Code    20  usb_prop.o(.text)
    Virtual_Com_Port_Data_Setup              0x080050a9   Thumb Code    86  usb_prop.o(.text)
    Virtual_Com_Port_NoData_Setup            0x080050ff   Thumb Code    36  usb_prop.o(.text)
    Virtual_Com_Port_GetDeviceDescriptor     0x08005123   Thumb Code    14  usb_prop.o(.text)
    Virtual_Com_Port_GetConfigDescriptor     0x08005131   Thumb Code    14  usb_prop.o(.text)
    Virtual_Com_Port_GetStringDescriptor     0x0800513f   Thumb Code    32  usb_prop.o(.text)
    Virtual_Com_Port_Get_Interface_Setting   0x0800515f   Thumb Code    22  usb_prop.o(.text)
    PowerOn                                  0x0800519d   Thumb Code    54  usb_pwr.o(.text)
    PowerOff                                 0x080051d3   Thumb Code    28  usb_pwr.o(.text)
    Suspend                                  0x080051ef   Thumb Code   142  usb_pwr.o(.text)
    Resume_Init                              0x0800527d   Thumb Code    30  usb_pwr.o(.text)
    Resume                                   0x0800529b   Thumb Code   194  usb_pwr.o(.text)
    __use_no_semihosting                     0x08005375   Thumb Code     2  use_no_semi_2.o(.text)
    __c89vsprintf                            0x08005379   Thumb Code    32  c89vsprintf.o(.text)
    __2printf                                0x0800539d   Thumb Code    20  __2printf.o(.text)
    _printf_int_dec                          0x080053b5   Thumb Code   104  _printf_dec.o(.text)
    __printf                                 0x0800542d   Thumb Code   388  __printf_flags_ss_wp.o(.text)
    strlen                                   0x080055b5   Thumb Code    62  strlen.o(.text)
    __use_two_region_memory                  0x080055f3   Thumb Code     2  heapauxi.o(.text)
    __rt_heap_escrow$2region                 0x080055f5   Thumb Code     2  heapauxi.o(.text)
    __rt_heap_expand$2region                 0x080055f7   Thumb Code     2  heapauxi.o(.text)
    __I$use$semihosting                      0x080055f9   Thumb Code     0  use_no_semi.o(.text)
    __use_no_semihosting_swi                 0x080055f9   Thumb Code     2  use_no_semi.o(.text)
    __read_errno                             0x080055fb   Thumb Code    10  _rserrno.o(.text)
    __set_errno                              0x08005605   Thumb Code    12  _rserrno.o(.text)
    _printf_pre_padding                      0x08005611   Thumb Code    44  _printf_pad.o(.text)
    _printf_post_padding                     0x0800563d   Thumb Code    34  _printf_pad.o(.text)
    _printf_truncate_signed                  0x0800565f   Thumb Code    18  _printf_truncate.o(.text)
    _printf_truncate_unsigned                0x08005671   Thumb Code    18  _printf_truncate.o(.text)
    _printf_str                              0x08005683   Thumb Code    82  _printf_str.o(.text)
    _printf_int_common                       0x080056d5   Thumb Code   178  _printf_intcommon.o(.text)
    _printf_charcount                        0x08005787   Thumb Code    40  _printf_charcount.o(.text)
    _printf_char_common                      0x080057bb   Thumb Code    32  _printf_char_common.o(.text)
    _sputc                                   0x080057e1   Thumb Code    10  _sputc.o(.text)
    _printf_char_file                        0x080057ed   Thumb Code    32  _printf_char_file.o(.text)
    _printf_wctomb                           0x08005811   Thumb Code   182  _printf_wctomb.o(.text)
    _printf_longlong_dec                     0x080058cd   Thumb Code   108  _printf_longlong_dec.o(.text)
    _printf_longlong_oct                     0x08005949   Thumb Code    68  _printf_oct_int_ll.o(.text)
    _printf_int_oct                          0x0800598d   Thumb Code    24  _printf_oct_int_ll.o(.text)
    _printf_ll_oct                           0x080059a5   Thumb Code    12  _printf_oct_int_ll.o(.text)
    _printf_longlong_hex                     0x080059b9   Thumb Code    86  _printf_hex_int_ll_ptr.o(.text)
    _printf_int_hex                          0x08005a0f   Thumb Code    28  _printf_hex_int_ll_ptr.o(.text)
    _printf_ll_hex                           0x08005a2b   Thumb Code    12  _printf_hex_int_ll_ptr.o(.text)
    _printf_hex_ptr                          0x08005a37   Thumb Code    18  _printf_hex_int_ll_ptr.o(.text)
    __aeabi_errno_addr                       0x08005a4d   Thumb Code     8  rt_errno_addr_intlibspace.o(.text)
    __errno$intlibspace                      0x08005a4d   Thumb Code     0  rt_errno_addr_intlibspace.o(.text)
    __rt_errno_addr$intlibspace              0x08005a4d   Thumb Code     0  rt_errno_addr_intlibspace.o(.text)
    _ll_udiv10                               0x08005a55   Thumb Code   138  lludiv10.o(.text)
    __lib_sel_fp_printf                      0x08005adf   Thumb Code     2  _printf_fp_dec.o(.text)
    _printf_fp_dec_real                      0x08005c8d   Thumb Code   620  _printf_fp_dec.o(.text)
    _printf_cs_common                        0x08005ef9   Thumb Code    20  _printf_char.o(.text)
    _printf_char                             0x08005f0d   Thumb Code    16  _printf_char.o(.text)
    _printf_string                           0x08005f1d   Thumb Code     8  _printf_char.o(.text)
    _printf_lcs_common                       0x08005f25   Thumb Code    20  _printf_wchar.o(.text)
    _printf_wchar                            0x08005f39   Thumb Code    16  _printf_wchar.o(.text)
    _printf_wstring                          0x08005f49   Thumb Code     8  _printf_wchar.o(.text)
    ferror                                   0x08005f51   Thumb Code     8  ferror.o(.text)
    _wcrtomb                                 0x08005f59   Thumb Code    64  _wcrtomb.o(.text)
    __user_libspace                          0x08005f99   Thumb Code     8  libspace.o(.text)
    __user_perproc_libspace                  0x08005f99   Thumb Code     0  libspace.o(.text)
    __user_perthread_libspace                0x08005f99   Thumb Code     0  libspace.o(.text)
    __user_setup_stackheap                   0x08005fa1   Thumb Code    74  sys_stackheap_outer.o(.text)
    __rt_ctype_table                         0x08005fed   Thumb Code    16  rt_ctype_table.o(.text)
    __rt_locale                              0x08005ffd   Thumb Code     8  rt_locale_intlibspace.o(.text)
    _printf_fp_infnan                        0x08006005   Thumb Code   112  _printf_fp_infnan.o(.text)
    _btod_etento                             0x08006085   Thumb Code   216  bigflt0.o(.text)
    exit                                     0x08006161   Thumb Code    18  exit.o(.text)
    strcmp                                   0x08006175   Thumb Code   128  strcmpv7m.o(.text)
    _btod_d2e                                0x080061f5   Thumb Code    62  btod.o(CL$$btod_d2e)
    _d2e_denorm_low                          0x08006233   Thumb Code    70  btod.o(CL$$btod_d2e_denorm_low)
    _d2e_norm_op1                            0x08006279   Thumb Code    96  btod.o(CL$$btod_d2e_norm_op1)
    __btod_div_common                        0x080062d9   Thumb Code   696  btod.o(CL$$btod_div_common)
    _e2e                                     0x08006611   Thumb Code   198  btod.o(CL$$btod_e2e)
    _btod_ediv                               0x080066d7   Thumb Code    40  btod.o(CL$$btod_ediv)
    _btod_emul                               0x080066ff   Thumb Code    40  btod.o(CL$$btod_emul)
    __btod_mult_common                       0x08006727   Thumb Code   580  btod.o(CL$$btod_mult_common)
    __ARM_fpclassify                         0x0800696b   Thumb Code    40  fpclassify.o(i.__ARM_fpclassify)
    __kernel_poly                            0x08006993   Thumb Code   170  poly.o(i.__kernel_poly)
    __mathlib_dbl_divzero                    0x08006a3d   Thumb Code    12  dunder.o(i.__mathlib_dbl_divzero)
    __mathlib_dbl_infnan2                    0x08006a4d   Thumb Code     4  dunder.o(i.__mathlib_dbl_infnan2)
    __mathlib_dbl_invalid                    0x08006a51   Thumb Code    12  dunder.o(i.__mathlib_dbl_invalid)
    __mathlib_dbl_overflow                   0x08006a5d   Thumb Code    14  dunder.o(i.__mathlib_dbl_overflow)
    __mathlib_dbl_underflow                  0x08006a6d   Thumb Code    10  dunder.o(i.__mathlib_dbl_underflow)
    _is_digit                                0x08006a7d   Thumb Code    14  __printf_wp.o(i._is_digit)
    pow                                      0x08006a8d   Thumb Code  2512  pow.o(i.pow)
    sqrt                                     0x08007465   Thumb Code    76  sqrt.o(i.sqrt)
    _get_lc_numeric                          0x080074b1   Thumb Code    44  lc_numeric_c.o(locale$$code)
    _get_lc_ctype                            0x080074dd   Thumb Code    44  lc_ctype_c.o(locale$$code)
    __aeabi_d2f                              0x08007509   Thumb Code     0  d2f.o(x$fpl$d2f)
    _d2f                                     0x08007509   Thumb Code    98  d2f.o(x$fpl$d2f)
    __aeabi_dadd                             0x0800756d   Thumb Code     0  daddsub_clz.o(x$fpl$dadd)
    _dadd                                    0x0800756d   Thumb Code   332  daddsub_clz.o(x$fpl$dadd)
    __fpl_dcheck_NaN1                        0x080076bd   Thumb Code    10  dcheck1.o(x$fpl$dcheck1)
    __fpl_dcmp_Inf                           0x080076cd   Thumb Code    24  dcmpi.o(x$fpl$dcmpinf)
    __aeabi_ddiv                             0x080076e5   Thumb Code     0  ddiv.o(x$fpl$ddiv)
    _ddiv                                    0x080076e5   Thumb Code   552  ddiv.o(x$fpl$ddiv)
    __aeabi_i2d                              0x08007995   Thumb Code     0  dflt_clz.o(x$fpl$dflt)
    _dflt                                    0x08007995   Thumb Code    46  dflt_clz.o(x$fpl$dflt)
    __aeabi_ui2d                             0x080079c3   Thumb Code     0  dflt_clz.o(x$fpl$dfltu)
    _dfltu                                   0x080079c3   Thumb Code    38  dflt_clz.o(x$fpl$dfltu)
    __aeabi_cdcmple                          0x080079e9   Thumb Code     0  dleqf.o(x$fpl$dleqf)
    _dcmple                                  0x080079e9   Thumb Code   120  dleqf.o(x$fpl$dleqf)
    __fpl_dcmple_InfNaN                      0x08007a4b   Thumb Code     0  dleqf.o(x$fpl$dleqf)
    __aeabi_dmul                             0x08007a61   Thumb Code     0  dmul.o(x$fpl$dmul)
    _dmul                                    0x08007a61   Thumb Code   332  dmul.o(x$fpl$dmul)
    __fpl_dnaninf                            0x08007bb5   Thumb Code   156  dnaninf.o(x$fpl$dnaninf)
    __fpl_dretinf                            0x08007c51   Thumb Code    12  dretinf.o(x$fpl$dretinf)
    __aeabi_cdrcmple                         0x08007c5d   Thumb Code     0  drleqf.o(x$fpl$drleqf)
    _drcmple                                 0x08007c5d   Thumb Code   108  drleqf.o(x$fpl$drleqf)
    __aeabi_drsub                            0x08007cc9   Thumb Code     0  daddsub_clz.o(x$fpl$drsb)
    _drsb                                    0x08007cc9   Thumb Code    22  daddsub_clz.o(x$fpl$drsb)
    _dsqrt                                   0x08007ce1   Thumb Code   456  dsqrt_noumaal.o(x$fpl$dsqrt)
    __aeabi_dsub                             0x08007ead   Thumb Code     0  daddsub_clz.o(x$fpl$dsub)
    _dsub                                    0x08007ead   Thumb Code   464  daddsub_clz.o(x$fpl$dsub)
    __aeabi_f2d                              0x08008081   Thumb Code     0  f2d.o(x$fpl$f2d)
    _f2d                                     0x08008081   Thumb Code    86  f2d.o(x$fpl$f2d)
    __aeabi_fadd                             0x080080d9   Thumb Code     0  faddsub_clz.o(x$fpl$fadd)
    _fadd                                    0x080080d9   Thumb Code   196  faddsub_clz.o(x$fpl$fadd)
    __fpl_fcmp_Inf                           0x0800819d   Thumb Code    24  fcmpi.o(x$fpl$fcmpinf)
    __aeabi_fdiv                             0x080081b5   Thumb Code     0  fdiv.o(x$fpl$fdiv)
    _fdiv                                    0x080081b5   Thumb Code   384  fdiv.o(x$fpl$fdiv)
    __aeabi_i2f                              0x08008339   Thumb Code     0  fflt_clz.o(x$fpl$fflt)
    _fflt                                    0x08008339   Thumb Code    48  fflt_clz.o(x$fpl$fflt)
    __aeabi_ui2f                             0x08008369   Thumb Code     0  fflt_clz.o(x$fpl$ffltu)
    _ffltu                                   0x08008369   Thumb Code    38  fflt_clz.o(x$fpl$ffltu)
    __aeabi_cfcmple                          0x08008391   Thumb Code     0  fleqf.o(x$fpl$fleqf)
    _fcmple                                  0x08008391   Thumb Code   104  fleqf.o(x$fpl$fleqf)
    __fpl_fcmple_InfNaN                      0x080083e3   Thumb Code     0  fleqf.o(x$fpl$fleqf)
    __fpl_fnaninf                            0x080083f9   Thumb Code   140  fnaninf.o(x$fpl$fnaninf)
    __fpl_fretinf                            0x08008485   Thumb Code    10  fretinf.o(x$fpl$fretinf)
    __aeabi_fsub                             0x08008491   Thumb Code     0  faddsub_clz.o(x$fpl$fsub)
    _fsub                                    0x08008491   Thumb Code   234  faddsub_clz.o(x$fpl$fsub)
    _printf_fp_dec                           0x0800857b   Thumb Code     4  printf1.o(x$fpl$printf1)
    __fpl_return_NaN                         0x0800857f   Thumb Code   100  retnan.o(x$fpl$retnan)
    __ARM_scalbn                             0x080085e3   Thumb Code    92  scalbn.o(x$fpl$scalbn)
    __fpl_cmpreturn                          0x0800863f   Thumb Code    48  trapv.o(x$fpl$trapveneer)
    Virtual_Com_Port_DeviceDescriptor        0x0800866e   Data          18  usb_desc.o(.constdata)
    __I$use$fp                               0x0800866e   Number         0  usenofp.o(x$fpl$usenofp)
    Virtual_Com_Port_ConfigDescriptor        0x08008680   Data          67  usb_desc.o(.constdata)
    Virtual_Com_Port_StringLangID            0x080086c3   Data           4  usb_desc.o(.constdata)
    Virtual_Com_Port_StringVendor            0x080086c7   Data          38  usb_desc.o(.constdata)
    Virtual_Com_Port_StringProduct           0x080086ed   Data          50  usb_desc.o(.constdata)
    __mathlib_zero                           0x080087e8   Data           8  qnan.o(.constdata)
    Region$$Table$$Base                      0x08008884   Number         0  anon$$obj.o(Region$$Table)
    Region$$Table$$Limit                     0x080088a4   Number         0  anon$$obj.o(Region$$Table)
    __ctype                                  0x080088cd   Data           0  lc_ctype_c.o(locale$$data)
    temperature                              0x20000000   Data           4  main.o(.data)
    humidity                                 0x20000004   Data           4  main.o(.data)
    air_velocity                             0x20000008   Data           4  main.o(.data)
    air_quality                              0x2000000c   Data           4  main.o(.data)
    voice                                    0x20000010   Data           4  main.o(.data)
    h2_value                                 0x20000014   Data           4  main.o(.data)
    pm1_0                                    0x20000018   Data           4  main.o(.data)
    pm2_5                                    0x2000001c   Data           4  main.o(.data)
    pm10                                     0x20000020   Data           4  main.o(.data)
    SystemCoreClock                          0x20000024   Data           4  system_stm32f10x.o(.data)
    AHBPrescTable                            0x20000028   Data          16  system_stm32f10x.o(.data)
    iii                                      0x20000038   Data           1  am2320.o(.data)
    temperature_u16                          0x2000003a   Data           2  am2320.o(.data)
    humidity_u16                             0x2000003c   Data           2  am2320.o(.data)
    UART3_RX_LEN                             0x20000040   Data           2  usart2.o(.data)
    UART2_RX_LEN                             0x20000048   Data           2  usart2.o(.data)
    __stdout                                 0x20000050   Data           4  usart.o(.data)
    USART_RX_STA                             0x20000054   Data           2  usart.o(.data)
    StatusInfo                               0x2000006a   Data           2  usb_core.o(.data)
    Data_Mul_MaxPacketSize                   0x2000006c   Data           1  usb_core.o(.data)
    EPindex                                  0x20000070   Data           1  usb_init.o(.data)
    pInformation                             0x20000074   Data           4  usb_init.o(.data)
    pProperty                                0x20000078   Data           4  usb_init.o(.data)
    SaveState                                0x2000007c   Data           2  usb_init.o(.data)
    wInterrupt_Mask                          0x2000007e   Data           2  usb_init.o(.data)
    pUser_Standard_Requests                  0x20000080   Data           4  usb_init.o(.data)
    SaveRState                               0x20000084   Data           2  usb_int.o(.data)
    SaveTState                               0x20000086   Data           2  usb_int.o(.data)
    USB_USART_RX_STA                         0x20000088   Data           2  hw_config.o(.data)
    Virtual_Com_Port_StringSerial            0x2000008a   Data          26  usb_desc.o(.data)
    wIstr                                    0x200000a8   Data           2  usb_istr.o(.data)
    bIntPackSOF                              0x200000aa   Data           1  usb_istr.o(.data)
    esof_counter                             0x200000ac   Data           4  usb_istr.o(.data)
    wCNTR                                    0x200000b0   Data           4  usb_istr.o(.data)
    pEpInt_IN                                0x200000b4   Data          28  usb_istr.o(.data)
    pEpInt_OUT                               0x200000d0   Data          28  usb_istr.o(.data)
    Request                                  0x200000ec   Data           1  usb_prop.o(.data)
    linecoding                               0x200000f0   Data           8  usb_prop.o(.data)
    Device_Table                             0x200000f8   Data           2  usb_prop.o(.data)
    Device_Property                          0x200000fc   Data          48  usb_prop.o(.data)
    User_Standard_Requests                   0x2000012c   Data          36  usb_prop.o(.data)
    Device_Descriptor                        0x20000150   Data           8  usb_prop.o(.data)
    Config_Descriptor                        0x20000158   Data           8  usb_prop.o(.data)
    String_Descriptor                        0x20000160   Data          32  usb_prop.o(.data)
    bDeviceState                             0x20000180   Data           4  usb_pwr.o(.data)
    fSuspendEnabled                          0x20000184   Data           1  usb_pwr.o(.data)
    ResumeS                                  0x20000185   Data           2  usb_pwr.o(.data)
    remotewakeupon                           0x20000188   Data           4  usb_pwr.o(.data)
    SendBuff                                 0x2000018c   Data         128  main.o(.bss)
    UART3_RX_BUF                             0x2000020c   Data         100  usart2.o(.bss)
    UART2_RX_BUF                             0x20000270   Data         100  usart2.o(.bss)
    USART_RX_BUF                             0x200002d4   Data         200  usart.o(.bss)
    Device_Info                              0x2000039c   Data          28  usb_init.o(.bss)
    uu_txfifo                                0x200003b8   Data        1028  hw_config.o(.bss)
    USART_PRINTF_Buffer                      0x200007bc   Data         200  hw_config.o(.bss)
    USB_USART_RX_BUF                         0x20000884   Data         200  hw_config.o(.bss)
    USB_Rx_Buffer                            0x2000094c   Data          64  usb_endp.o(.bss)
    EP                                       0x2000098c   Data          32  usb_pwr.o(.bss)
    __libspace_start                         0x200009ac   Data          96  libspace.o(.bss)
    __temporary_stack_top$libspace           0x20000a0c   Data           0  libspace.o(.bss)



==============================================================================

Memory Map of the image

  Image Entry point : 0x08000131

  Load Region LR_IROM1 (Base: 0x08000000, Size: 0x00008b5c, Max: 0x00080000, ABSOLUTE, COMPRESSED[0x00008a60])

    Execution Region ER_IROM1 (Base: 0x08000000, Size: 0x000089d0, Max: 0x00080000, ABSOLUTE)

    Base Addr    Size         Type   Attr      Idx    E Section Name        Object

    0x08000000   0x00000130   Data   RO          394    RESET               startup_stm32f10x_hd.o
    0x08000130   0x00000008   Code   RO          771  * !!!main             c_w.l(__main.o)
    0x08000138   0x00000034   Code   RO         1171    !!!scatter          c_w.l(__scatter.o)
    0x0800016c   0x0000005a   Code   RO         1169    !!dczerorl2         c_w.l(__dczerorl2.o)
    0x080001c6   0x00000002   PAD
    0x080001c8   0x0000001c   Code   RO         1173    !!handler_zi        c_w.l(__scatter_zi.o)
    0x080001e4   0x00000000   Code   RO          766    .ARM.Collect$$_printf_percent$$00000000  c_w.l(_printf_percent.o)
    0x080001e4   0x00000006   Code   RO          878    .ARM.Collect$$_printf_percent$$00000001  c_w.l(_printf_n.o)
    0x080001ea   0x00000006   Code   RO          880    .ARM.Collect$$_printf_percent$$00000002  c_w.l(_printf_p.o)
    0x080001f0   0x00000006   Code   RO          884    .ARM.Collect$$_printf_percent$$00000003  c_w.l(_printf_f.o)
    0x080001f6   0x00000006   Code   RO          885    .ARM.Collect$$_printf_percent$$00000004  c_w.l(_printf_e.o)
    0x080001fc   0x00000006   Code   RO          886    .ARM.Collect$$_printf_percent$$00000005  c_w.l(_printf_g.o)
    0x08000202   0x00000006   Code   RO          887    .ARM.Collect$$_printf_percent$$00000006  c_w.l(_printf_a.o)
    0x08000208   0x0000000a   Code   RO          892    .ARM.Collect$$_printf_percent$$00000007  c_w.l(_printf_ll.o)
    0x08000212   0x00000006   Code   RO          882    .ARM.Collect$$_printf_percent$$00000008  c_w.l(_printf_i.o)
    0x08000218   0x00000006   Code   RO          765    .ARM.Collect$$_printf_percent$$00000009  c_w.l(_printf_d.o)
    0x0800021e   0x00000006   Code   RO          883    .ARM.Collect$$_printf_percent$$0000000A  c_w.l(_printf_u.o)
    0x08000224   0x00000006   Code   RO          881    .ARM.Collect$$_printf_percent$$0000000B  c_w.l(_printf_o.o)
    0x0800022a   0x00000006   Code   RO          879    .ARM.Collect$$_printf_percent$$0000000C  c_w.l(_printf_x.o)
    0x08000230   0x00000006   Code   RO          889    .ARM.Collect$$_printf_percent$$0000000D  c_w.l(_printf_lli.o)
    0x08000236   0x00000006   Code   RO          890    .ARM.Collect$$_printf_percent$$0000000E  c_w.l(_printf_lld.o)
    0x0800023c   0x00000006   Code   RO          891    .ARM.Collect$$_printf_percent$$0000000F  c_w.l(_printf_llu.o)
    0x08000242   0x00000006   Code   RO          896    .ARM.Collect$$_printf_percent$$00000010  c_w.l(_printf_llo.o)
    0x08000248   0x00000006   Code   RO          897    .ARM.Collect$$_printf_percent$$00000011  c_w.l(_printf_llx.o)
    0x0800024e   0x0000000a   Code   RO          893    .ARM.Collect$$_printf_percent$$00000012  c_w.l(_printf_l.o)
    0x08000258   0x00000006   Code   RO          876    .ARM.Collect$$_printf_percent$$00000013  c_w.l(_printf_c.o)
    0x0800025e   0x00000006   Code   RO          877    .ARM.Collect$$_printf_percent$$00000014  c_w.l(_printf_s.o)
    0x08000264   0x00000006   Code   RO          894    .ARM.Collect$$_printf_percent$$00000015  c_w.l(_printf_lc.o)
    0x0800026a   0x00000006   Code   RO          895    .ARM.Collect$$_printf_percent$$00000016  c_w.l(_printf_ls.o)
    0x08000270   0x00000004   Code   RO          888    .ARM.Collect$$_printf_percent$$00000017  c_w.l(_printf_percent_end.o)
    0x08000274   0x00000002   Code   RO         1033    .ARM.Collect$$libinit$$00000000  c_w.l(libinit.o)
    0x08000276   0x00000000   Code   RO         1048    .ARM.Collect$$libinit$$00000002  c_w.l(libinit2.o)
    0x08000276   0x00000000   Code   RO         1050    .ARM.Collect$$libinit$$00000004  c_w.l(libinit2.o)
    0x08000276   0x00000000   Code   RO         1053    .ARM.Collect$$libinit$$0000000A  c_w.l(libinit2.o)
    0x08000276   0x00000000   Code   RO         1055    .ARM.Collect$$libinit$$0000000C  c_w.l(libinit2.o)
    0x08000276   0x00000000   Code   RO         1057    .ARM.Collect$$libinit$$0000000E  c_w.l(libinit2.o)
    0x08000276   0x00000006   Code   RO         1058    .ARM.Collect$$libinit$$0000000F  c_w.l(libinit2.o)
    0x0800027c   0x00000000   Code   RO         1060    .ARM.Collect$$libinit$$00000011  c_w.l(libinit2.o)
    0x0800027c   0x0000000c   Code   RO         1061    .ARM.Collect$$libinit$$00000012  c_w.l(libinit2.o)
    0x08000288   0x00000000   Code   RO         1062    .ARM.Collect$$libinit$$00000013  c_w.l(libinit2.o)
    0x08000288   0x00000000   Code   RO         1064    .ARM.Collect$$libinit$$00000015  c_w.l(libinit2.o)
    0x08000288   0x0000000a   Code   RO         1065    .ARM.Collect$$libinit$$00000016  c_w.l(libinit2.o)
    0x08000292   0x00000000   Code   RO         1066    .ARM.Collect$$libinit$$00000017  c_w.l(libinit2.o)
    0x08000292   0x00000000   Code   RO         1068    .ARM.Collect$$libinit$$00000019  c_w.l(libinit2.o)
    0x08000292   0x00000000   Code   RO         1070    .ARM.Collect$$libinit$$0000001B  c_w.l(libinit2.o)
    0x08000292   0x00000000   Code   RO         1072    .ARM.Collect$$libinit$$0000001D  c_w.l(libinit2.o)
    0x08000292   0x00000000   Code   RO         1074    .ARM.Collect$$libinit$$0000001F  c_w.l(libinit2.o)
    0x08000292   0x00000000   Code   RO         1076    .ARM.Collect$$libinit$$00000021  c_w.l(libinit2.o)
    0x08000292   0x00000000   Code   RO         1078    .ARM.Collect$$libinit$$00000023  c_w.l(libinit2.o)
    0x08000292   0x00000000   Code   RO         1080    .ARM.Collect$$libinit$$00000025  c_w.l(libinit2.o)
    0x08000292   0x00000000   Code   RO         1084    .ARM.Collect$$libinit$$0000002C  c_w.l(libinit2.o)
    0x08000292   0x00000000   Code   RO         1086    .ARM.Collect$$libinit$$0000002E  c_w.l(libinit2.o)
    0x08000292   0x00000000   Code   RO         1088    .ARM.Collect$$libinit$$00000030  c_w.l(libinit2.o)
    0x08000292   0x00000000   Code   RO         1090    .ARM.Collect$$libinit$$00000032  c_w.l(libinit2.o)
    0x08000292   0x00000002   Code   RO         1091    .ARM.Collect$$libinit$$00000033  c_w.l(libinit2.o)
    0x08000294   0x00000002   Code   RO         1111    .ARM.Collect$$libshutdown$$00000000  c_w.l(libshutdown.o)
    0x08000296   0x00000000   Code   RO         1121    .ARM.Collect$$libshutdown$$00000002  c_w.l(libshutdown2.o)
    0x08000296   0x00000000   Code   RO         1123    .ARM.Collect$$libshutdown$$00000004  c_w.l(libshutdown2.o)
    0x08000296   0x00000000   Code   RO         1126    .ARM.Collect$$libshutdown$$00000007  c_w.l(libshutdown2.o)
    0x08000296   0x00000000   Code   RO         1129    .ARM.Collect$$libshutdown$$0000000A  c_w.l(libshutdown2.o)
    0x08000296   0x00000000   Code   RO         1131    .ARM.Collect$$libshutdown$$0000000C  c_w.l(libshutdown2.o)
    0x08000296   0x00000000   Code   RO         1134    .ARM.Collect$$libshutdown$$0000000F  c_w.l(libshutdown2.o)
    0x08000296   0x00000002   Code   RO         1135    .ARM.Collect$$libshutdown$$00000010  c_w.l(libshutdown2.o)
    0x08000298   0x00000000   Code   RO          825    .ARM.Collect$$rtentry$$00000000  c_w.l(__rtentry.o)
    0x08000298   0x00000000   Code   RO          943    .ARM.Collect$$rtentry$$00000002  c_w.l(__rtentry2.o)
    0x08000298   0x00000006   Code   RO          955    .ARM.Collect$$rtentry$$00000004  c_w.l(__rtentry4.o)
    0x0800029e   0x00000000   Code   RO          945    .ARM.Collect$$rtentry$$00000009  c_w.l(__rtentry2.o)
    0x0800029e   0x00000004   Code   RO          946    .ARM.Collect$$rtentry$$0000000A  c_w.l(__rtentry2.o)
    0x080002a2   0x00000000   Code   RO          948    .ARM.Collect$$rtentry$$0000000C  c_w.l(__rtentry2.o)
    0x080002a2   0x00000008   Code   RO          949    .ARM.Collect$$rtentry$$0000000D  c_w.l(__rtentry2.o)
    0x080002aa   0x00000002   Code   RO         1040    .ARM.Collect$$rtexit$$00000000  c_w.l(rtexit.o)
    0x080002ac   0x00000000   Code   RO         1095    .ARM.Collect$$rtexit$$00000002  c_w.l(rtexit2.o)
    0x080002ac   0x00000004   Code   RO         1096    .ARM.Collect$$rtexit$$00000003  c_w.l(rtexit2.o)
    0x080002b0   0x00000006   Code   RO         1097    .ARM.Collect$$rtexit$$00000004  c_w.l(rtexit2.o)
    0x080002b6   0x00000002   PAD
    0x080002b8   0x0000042c   Code   RO            1    .text               main.o
    0x080006e4   0x0000001a   Code   RO          183    .text               stm32f10x_it.o
    0x080006fe   0x00000002   PAD
    0x08000700   0x000001e0   Code   RO          224    .text               system_stm32f10x.o
    0x080008e0   0x00000038   Code   RO          242    .text               led.o
    0x08000918   0x00000218   Code   RO          270    .text               am2320.o
    0x08000b30   0x00000354   Code   RO          288    .text               usart2.o
    0x08000e84   0x000000e8   Code   RO          304    .text               adc.o
    0x08000f6c   0x00000054   Code   RO          316    .text               timer.o
    0x08000fc0   0x000000d4   Code   RO          328    .text               delay.o
    0x08001094   0x00000140   Code   RO          359    .text               usart.o
    0x080011d4   0x00000040   Code   RO          395    .text               startup_stm32f10x_hd.o
    0x08001214   0x000000dc   Code   RO          399    .text               misc.o
    0x080012f0   0x0000035c   Code   RO          423    .text               stm32f10x_gpio.o
    0x0800164c   0x000003a4   Code   RO          435    .text               stm32f10x_rcc.o
    0x080019f0   0x00000408   Code   RO          449    .text               stm32f10x_usart.o
    0x08001df8   0x0000011c   Code   RO          461    .text               stm32f10x_exti.o
    0x08001f14   0x0000044e   Code   RO          473    .text               stm32f10x_adc.o
    0x08002362   0x00000002   PAD
    0x08002364   0x00000e1a   Code   RO          485    .text               stm32f10x_tim.o
    0x0800317e   0x00000002   PAD
    0x08003180   0x00000b50   Code   RO          497    .text               usb_core.o
    0x08003cd0   0x0000003c   Code   RO          515    .text               usb_init.o
    0x08003d0c   0x0000033c   Code   RO          538    .text               usb_int.o
    0x08004048   0x0000005c   Code   RO          562    .text               usb_mem.o
    0x080040a4   0x00000808   Code   RO          574    .text               usb_regs.o
    0x080048ac   0x00000080   Code   RO          586    .text               usb_sil.o
    0x0800492c   0x00000384   Code   RO          598    .text               hw_config.o
    0x08004cb0   0x000000dc   Code   RO          655    .text               usb_endp.o
    0x08004d8c   0x000001d0   Code   RO          671    .text               usb_istr.o
    0x08004f5c   0x00000240   Code   RO          689    .text               usb_prop.o
    0x0800519c   0x000001d8   Code   RO          712    .text               usb_pwr.o
    0x08005374   0x00000002   Code   RO          733    .text               c_w.l(use_no_semi_2.o)
    0x08005376   0x00000002   PAD
    0x08005378   0x00000024   Code   RO          735    .text               c_w.l(c89vsprintf.o)
    0x0800539c   0x00000018   Code   RO          737    .text               c_w.l(__2printf.o)
    0x080053b4   0x00000078   Code   RO          743    .text               c_w.l(_printf_dec.o)
    0x0800542c   0x00000188   Code   RO          762    .text               c_w.l(__printf_flags_ss_wp.o)
    0x080055b4   0x0000003e   Code   RO          767    .text               c_w.l(strlen.o)
    0x080055f2   0x00000006   Code   RO          769    .text               c_w.l(heapauxi.o)
    0x080055f8   0x00000002   Code   RO          823    .text               c_w.l(use_no_semi.o)
    0x080055fa   0x00000016   Code   RO          826    .text               c_w.l(_rserrno.o)
    0x08005610   0x0000004e   Code   RO          828    .text               c_w.l(_printf_pad.o)
    0x0800565e   0x00000024   Code   RO          830    .text               c_w.l(_printf_truncate.o)
    0x08005682   0x00000052   Code   RO          832    .text               c_w.l(_printf_str.o)
    0x080056d4   0x000000b2   Code   RO          834    .text               c_w.l(_printf_intcommon.o)
    0x08005786   0x00000028   Code   RO          836    .text               c_w.l(_printf_charcount.o)
    0x080057ae   0x00000002   PAD
    0x080057b0   0x00000030   Code   RO          838    .text               c_w.l(_printf_char_common.o)
    0x080057e0   0x0000000a   Code   RO          840    .text               c_w.l(_sputc.o)
    0x080057ea   0x00000002   PAD
    0x080057ec   0x00000024   Code   RO          842    .text               c_w.l(_printf_char_file.o)
    0x08005810   0x000000bc   Code   RO          844    .text               c_w.l(_printf_wctomb.o)
    0x080058cc   0x0000007c   Code   RO          847    .text               c_w.l(_printf_longlong_dec.o)
    0x08005948   0x00000070   Code   RO          853    .text               c_w.l(_printf_oct_int_ll.o)
    0x080059b8   0x00000094   Code   RO          873    .text               c_w.l(_printf_hex_int_ll_ptr.o)
    0x08005a4c   0x00000008   Code   RO          960    .text               c_w.l(rt_errno_addr_intlibspace.o)
    0x08005a54   0x0000008a   Code   RO          962    .text               c_w.l(lludiv10.o)
    0x08005ade   0x0000041a   Code   RO          964    .text               c_w.l(_printf_fp_dec.o)
    0x08005ef8   0x0000002c   Code   RO          968    .text               c_w.l(_printf_char.o)
    0x08005f24   0x0000002c   Code   RO          970    .text               c_w.l(_printf_wchar.o)
    0x08005f50   0x00000008   Code   RO          972    .text               c_w.l(ferror.o)
    0x08005f58   0x00000040   Code   RO          976    .text               c_w.l(_wcrtomb.o)
    0x08005f98   0x00000008   Code   RO          984    .text               c_w.l(libspace.o)
    0x08005fa0   0x0000004a   Code   RO          987    .text               c_w.l(sys_stackheap_outer.o)
    0x08005fea   0x00000002   PAD
    0x08005fec   0x00000010   Code   RO          989    .text               c_w.l(rt_ctype_table.o)
    0x08005ffc   0x00000008   Code   RO          994    .text               c_w.l(rt_locale_intlibspace.o)
    0x08006004   0x00000080   Code   RO          996    .text               c_w.l(_printf_fp_infnan.o)
    0x08006084   0x000000dc   Code   RO          998    .text               c_w.l(bigflt0.o)
    0x08006160   0x00000012   Code   RO         1026    .text               c_w.l(exit.o)
    0x08006172   0x00000002   PAD
    0x08006174   0x00000080   Code   RO         1045    .text               c_w.l(strcmpv7m.o)
    0x080061f4   0x0000003e   Code   RO         1001    CL$$btod_d2e        c_w.l(btod.o)
    0x08006232   0x00000046   Code   RO         1003    CL$$btod_d2e_denorm_low  c_w.l(btod.o)
    0x08006278   0x00000060   Code   RO         1002    CL$$btod_d2e_norm_op1  c_w.l(btod.o)
    0x080062d8   0x00000338   Code   RO         1011    CL$$btod_div_common  c_w.l(btod.o)
    0x08006610   0x000000c6   Code   RO         1008    CL$$btod_e2e        c_w.l(btod.o)
    0x080066d6   0x00000028   Code   RO         1005    CL$$btod_ediv       c_w.l(btod.o)
    0x080066fe   0x00000028   Code   RO         1004    CL$$btod_emul       c_w.l(btod.o)
    0x08006726   0x00000244   Code   RO         1010    CL$$btod_mult_common  c_w.l(btod.o)
    0x0800696a   0x00000028   Code   RO          929    i.__ARM_fpclassify  m_ws.l(fpclassify.o)
    0x08006992   0x000000aa   Code   RO          931    i.__kernel_poly     m_ws.l(poly.o)
    0x08006a3c   0x00000010   Code   RO          915    i.__mathlib_dbl_divzero  m_ws.l(dunder.o)
    0x08006a4c   0x00000004   Code   RO          917    i.__mathlib_dbl_infnan2  m_ws.l(dunder.o)
    0x08006a50   0x0000000c   Code   RO          918    i.__mathlib_dbl_invalid  m_ws.l(dunder.o)
    0x08006a5c   0x0000000e   Code   RO          919    i.__mathlib_dbl_overflow  m_ws.l(dunder.o)
    0x08006a6a   0x00000002   PAD
    0x08006a6c   0x00000010   Code   RO          921    i.__mathlib_dbl_underflow  m_ws.l(dunder.o)
    0x08006a7c   0x0000000e   Code   RO          755    i._is_digit         c_w.l(__printf_wp.o)
    0x08006a8a   0x00000002   PAD
    0x08006a8c   0x000009d8   Code   RO          814    i.pow               m_ws.l(pow.o)
    0x08007464   0x0000004c   Code   RO          935    i.sqrt              m_ws.l(sqrt.o)
    0x080074b0   0x0000002c   Code   RO         1024    locale$$code        c_w.l(lc_numeric_c.o)
    0x080074dc   0x0000002c   Code   RO         1043    locale$$code        c_w.l(lc_ctype_c.o)
    0x08007508   0x00000062   Code   RO          773    x$fpl$d2f           fz_ws.l(d2f.o)
    0x0800756a   0x00000002   PAD
    0x0800756c   0x00000150   Code   RO          775    x$fpl$dadd          fz_ws.l(daddsub_clz.o)
    0x080076bc   0x00000010   Code   RO          978    x$fpl$dcheck1       fz_ws.l(dcheck1.o)
    0x080076cc   0x00000018   Code   RO         1034    x$fpl$dcmpinf       fz_ws.l(dcmpi.o)
    0x080076e4   0x000002b0   Code   RO          782    x$fpl$ddiv          fz_ws.l(ddiv.o)
    0x08007994   0x0000002e   Code   RO          786    x$fpl$dflt          fz_ws.l(dflt_clz.o)
    0x080079c2   0x00000026   Code   RO          785    x$fpl$dfltu         fz_ws.l(dflt_clz.o)
    0x080079e8   0x00000078   Code   RO          980    x$fpl$dleqf         fz_ws.l(dleqf.o)
    0x08007a60   0x00000154   Code   RO          791    x$fpl$dmul          fz_ws.l(dmul.o)
    0x08007bb4   0x0000009c   Code   RO          898    x$fpl$dnaninf       fz_ws.l(dnaninf.o)
    0x08007c50   0x0000000c   Code   RO          900    x$fpl$dretinf       fz_ws.l(dretinf.o)
    0x08007c5c   0x0000006c   Code   RO          902    x$fpl$drleqf        fz_ws.l(drleqf.o)
    0x08007cc8   0x00000016   Code   RO          776    x$fpl$drsb          fz_ws.l(daddsub_clz.o)
    0x08007cde   0x00000002   PAD
    0x08007ce0   0x000001cc   Code   RO          982    x$fpl$dsqrt         fz_ws.l(dsqrt_noumaal.o)
    0x08007eac   0x000001d4   Code   RO          777    x$fpl$dsub          fz_ws.l(daddsub_clz.o)
    0x08008080   0x00000056   Code   RO          793    x$fpl$f2d           fz_ws.l(f2d.o)
    0x080080d6   0x00000002   PAD
    0x080080d8   0x000000c4   Code   RO          795    x$fpl$fadd          fz_ws.l(faddsub_clz.o)
    0x0800819c   0x00000018   Code   RO          904    x$fpl$fcmpinf       fz_ws.l(fcmpi.o)
    0x080081b4   0x00000184   Code   RO          802    x$fpl$fdiv          fz_ws.l(fdiv.o)
    0x08008338   0x00000030   Code   RO          806    x$fpl$fflt          fz_ws.l(fflt_clz.o)
    0x08008368   0x00000026   Code   RO          805    x$fpl$ffltu         fz_ws.l(fflt_clz.o)
    0x0800838e   0x00000002   PAD
    0x08008390   0x00000068   Code   RO          811    x$fpl$fleqf         fz_ws.l(fleqf.o)
    0x080083f8   0x0000008c   Code   RO          906    x$fpl$fnaninf       fz_ws.l(fnaninf.o)
    0x08008484   0x0000000a   Code   RO          908    x$fpl$fretinf       fz_ws.l(fretinf.o)
    0x0800848e   0x00000002   PAD
    0x08008490   0x000000ea   Code   RO          797    x$fpl$fsub          fz_ws.l(faddsub_clz.o)
    0x0800857a   0x00000004   Code   RO          910    x$fpl$printf1       fz_ws.l(printf1.o)
    0x0800857e   0x00000064   Code   RO         1038    x$fpl$retnan        fz_ws.l(retnan.o)
    0x080085e2   0x0000005c   Code   RO          912    x$fpl$scalbn        fz_ws.l(scalbn.o)
    0x0800863e   0x00000030   Code   RO         1092    x$fpl$trapveneer    fz_ws.l(trapv.o)
    0x0800866e   0x00000000   Code   RO          914    x$fpl$usenofp       fz_ws.l(usenofp.o)
    0x0800866e   0x000000b1   Data   RO          642    .constdata          usb_desc.o
    0x0800871f   0x00000011   Data   RO          763    .constdata          c_w.l(__printf_flags_ss_wp.o)
    0x08008730   0x00000088   Data   RO          815    .constdata          m_ws.l(pow.o)
    0x080087b8   0x00000008   Data   RO          845    .constdata          c_w.l(_printf_wctomb.o)
    0x080087c0   0x00000028   Data   RO          874    .constdata          c_w.l(_printf_hex_int_ll_ptr.o)
    0x080087e8   0x00000008   Data   RO          933    .constdata          m_ws.l(qnan.o)
    0x080087f0   0x00000094   Data   RO          999    .constdata          c_w.l(bigflt0.o)
    0x08008884   0x00000020   Data   RO         1167    Region$$Table       anon$$obj.o
    0x080088a4   0x0000001c   Data   RO         1023    locale$$data        c_w.l(lc_numeric_c.o)
    0x080088c0   0x00000110   Data   RO         1042    locale$$data        c_w.l(lc_ctype_c.o)


    Execution Region RW_IRAM1 (Base: 0x20000000, Size: 0x00001010, Max: 0x00010000, ABSOLUTE, COMPRESSED[0x00000090])

    Base Addr    Size         Type   Attr      Idx    E Section Name        Object

    0x20000000   0x00000024   Data   RW            3    .data               main.o
    0x20000024   0x00000014   Data   RW          225    .data               system_stm32f10x.o
    0x20000038   0x00000006   Data   RW          271    .data               am2320.o
    0x2000003e   0x0000000c   Data   RW          290    .data               usart2.o
    0x2000004a   0x00000004   Data   RW          329    .data               delay.o
    0x2000004e   0x00000002   PAD
    0x20000050   0x00000006   Data   RW          361    .data               usart.o
    0x20000056   0x00000014   Data   RW          436    .data               stm32f10x_rcc.o
    0x2000006a   0x00000003   Data   RW          498    .data               usb_core.o
    0x2000006d   0x00000003   PAD
    0x20000070   0x00000014   Data   RW          517    .data               usb_init.o
    0x20000084   0x00000004   Data   RW          539    .data               usb_int.o
    0x20000088   0x00000002   Data   RW          600    .data               hw_config.o
    0x2000008a   0x0000001a   Data   RW          643    .data               usb_desc.o
    0x200000a4   0x00000004   Data   RW          657    .data               usb_endp.o
    0x200000a8   0x00000044   Data   RW          672    .data               usb_istr.o
    0x200000ec   0x00000094   Data   RW          690    .data               usb_prop.o
    0x20000180   0x0000000c   Data   RW          714    .data               usb_pwr.o
    0x2000018c   0x00000080   Zero   RW            2    .bss                main.o
    0x2000020c   0x000000c8   Zero   RW          289    .bss                usart2.o
    0x200002d4   0x000000c8   Zero   RW          360    .bss                usart.o
    0x2000039c   0x0000001c   Zero   RW          516    .bss                usb_init.o
    0x200003b8   0x00000594   Zero   RW          599    .bss                hw_config.o
    0x2000094c   0x00000040   Zero   RW          656    .bss                usb_endp.o
    0x2000098c   0x00000020   Zero   RW          713    .bss                usb_pwr.o
    0x200009ac   0x00000060   Zero   RW          985    .bss                c_w.l(libspace.o)
    0x20000a0c   0x00000004   PAD
    0x20000a10   0x00000200   Zero   RW          393    HEAP                startup_stm32f10x_hd.o
    0x20000c10   0x00000400   Zero   RW          392    STACK               startup_stm32f10x_hd.o


==============================================================================

Image component sizes


      Code (inc. data)   RO Data    RW Data    ZI Data      Debug   Object Name

       232          8          0          0          0       1071   adc.o
       536         26          0          6          0       1883   am2320.o
       212         18          0          4          0        979   delay.o
       900        252          0          2       1428       6061   hw_config.o
        56          6          0          0          0        451   led.o
      1068        116          0         36        128     278012   main.o
       220         22          0          0          0       1737   misc.o
        64         26        304          0       1536        768   startup_stm32f10x_hd.o
      1102         26          0          0          0      10977   stm32f10x_adc.o
       284         10          0          0          0       2191   stm32f10x_exti.o
       860         38          0          0          0       5669   stm32f10x_gpio.o
        26          0          0          0          0       1146   stm32f10x_it.o
       932         36          0         20          0       8812   stm32f10x_rcc.o
      3610         88          0          0          0      22776   stm32f10x_tim.o
      1032         22          0          0          0       8392   stm32f10x_usart.o
         0          0          0          0          0         32   sys.o
       480         38          0         20          0       1643   system_stm32f10x.o
        84          4          0          0          0        644   timer.o
       320         16          0          6        200       3078   usart.o
       852         48          0         12        200       3025   usart2.o
      2896        114          0          3          0       8451   usb_core.o
         0          0        177         26          0       1015   usb_desc.o
       220         16          0          4         64       1516   usb_endp.o
        60         24          0         20         28       4050   usb_init.o
       828         34          0          4          0       1875   usb_int.o
       464         38          0         68          0       1519   usb_istr.o
        92          6          0          0          0       1390   usb_mem.o
       576         40          0        148          0       7291   usb_prop.o
       472         32          0         12         32       2647   usb_pwr.o
      2056         20          0          0          0      11969   usb_regs.o
       128          8          0          0          0       1454   usb_sil.o

    ----------------------------------------------------------------------
     20668       1132        513        396       3616     402524   Object Totals
         0          0         32          0          0          0   (incl. Generated)
         6          0          0          5          0          0   (incl. Padding)

    ----------------------------------------------------------------------

      Code (inc. data)   RO Data    RW Data    ZI Data      Debug   Library Member Name

        24          4          0          0          0         84   __2printf.o
        90          0          0          0          0          0   __dczerorl2.o
         8          0          0          0          0         68   __main.o
       392          4         17          0          0         92   __printf_flags_ss_wp.o
        14          0          0          0          0         68   __printf_wp.o
         0          0          0          0          0          0   __rtentry.o
        12          0          0          0          0          0   __rtentry2.o
         6          0          0          0          0          0   __rtentry4.o
        52          8          0          0          0          0   __scatter.o
        28          0          0          0          0          0   __scatter_zi.o
         6          0          0          0          0          0   _printf_a.o
         6          0          0          0          0          0   _printf_c.o
        44          0          0          0          0        108   _printf_char.o
        48          6          0          0          0         96   _printf_char_common.o
        36          4          0          0          0         80   _printf_char_file.o
        40          0          0          0          0         68   _printf_charcount.o
         6          0          0          0          0          0   _printf_d.o
       120         16          0          0          0         92   _printf_dec.o
         6          0          0          0          0          0   _printf_e.o
         6          0          0          0          0          0   _printf_f.o
      1050          0          0          0          0        216   _printf_fp_dec.o
       128         16          0          0          0         84   _printf_fp_infnan.o
         6          0          0          0          0          0   _printf_g.o
       148          4         40          0          0        160   _printf_hex_int_ll_ptr.o
         6          0          0          0          0          0   _printf_i.o
       178          0          0          0          0         88   _printf_intcommon.o
        10          0          0          0          0          0   _printf_l.o
         6          0          0          0          0          0   _printf_lc.o
        10          0          0          0          0          0   _printf_ll.o
         6          0          0          0          0          0   _printf_lld.o
         6          0          0          0          0          0   _printf_lli.o
         6          0          0          0          0          0   _printf_llo.o
         6          0          0          0          0          0   _printf_llu.o
         6          0          0          0          0          0   _printf_llx.o
       124         16          0          0          0         92   _printf_longlong_dec.o
         6          0          0          0          0          0   _printf_ls.o
         6          0          0          0          0          0   _printf_n.o
         6          0          0          0          0          0   _printf_o.o
       112          8          0          0          0        124   _printf_oct_int_ll.o
         6          0          0          0          0          0   _printf_p.o
        78          0          0          0          0        108   _printf_pad.o
         0          0          0          0          0          0   _printf_percent.o
         4          0          0          0          0          0   _printf_percent_end.o
         6          0          0          0          0          0   _printf_s.o
        82          0          0          0          0         80   _printf_str.o
        36          0          0          0          0         84   _printf_truncate.o
         6          0          0          0          0          0   _printf_u.o
        44          0          0          0          0        108   _printf_wchar.o
       188          6          8          0          0         92   _printf_wctomb.o
         6          0          0          0          0          0   _printf_x.o
        22          0          0          0          0        100   _rserrno.o
        10          0          0          0          0         68   _sputc.o
        64          0          0          0          0         92   _wcrtomb.o
       220          4        148          0          0         96   bigflt0.o
      1910        128          0          0          0        672   btod.o
        36          4          0          0          0         76   c89vsprintf.o
        18          0          0          0          0         80   exit.o
         8          0          0          0          0         68   ferror.o
         6          0          0          0          0        152   heapauxi.o
        44         10        272          0          0         76   lc_ctype_c.o
        44         10         28          0          0         76   lc_numeric_c.o
         2          0          0          0          0          0   libinit.o
        30          0          0          0          0          0   libinit2.o
         2          0          0          0          0          0   libshutdown.o
         2          0          0          0          0          0   libshutdown2.o
         8          4          0          0         96         68   libspace.o
       138          0          0          0          0         80   lludiv10.o
        16          4          0          0          0         76   rt_ctype_table.o
         8          4          0          0          0         68   rt_errno_addr_intlibspace.o
         8          4          0          0          0         68   rt_locale_intlibspace.o
         2          0          0          0          0          0   rtexit.o
        10          0          0          0          0          0   rtexit2.o
       128          0          0          0          0         68   strcmpv7m.o
        62          0          0          0          0         76   strlen.o
        74          0          0          0          0         80   sys_stackheap_outer.o
         2          0          0          0          0         68   use_no_semi.o
         2          0          0          0          0         68   use_no_semi_2.o
        98          4          0          0          0         92   d2f.o
       826         16          0          0          0        348   daddsub_clz.o
        16          4          0          0          0         68   dcheck1.o
        24          0          0          0          0         68   dcmpi.o
       688        140          0          0          0        208   ddiv.o
        84          0          0          0          0        136   dflt_clz.o
       120          4          0          0          0         92   dleqf.o
       340         12          0          0          0        104   dmul.o
       156          4          0          0          0         92   dnaninf.o
        12          0          0          0          0         68   dretinf.o
       108          0          0          0          0         80   drleqf.o
       460         56          0          0          0        120   dsqrt_noumaal.o
        86          4          0          0          0         84   f2d.o
       430          8          0          0          0        168   faddsub_clz.o
        24          0          0          0          0         68   fcmpi.o
       388         76          0          0          0         96   fdiv.o
        86          0          0          0          0        136   fflt_clz.o
       104          4          0          0          0         84   fleqf.o
       140          4          0          0          0         84   fnaninf.o
        10          0          0          0          0         68   fretinf.o
         4          0          0          0          0         68   printf1.o
       100          0          0          0          0         68   retnan.o
        92          0          0          0          0         68   scalbn.o
        48          0          0          0          0         68   trapv.o
         0          0          0          0          0          0   usenofp.o
        62         10          0          0          0        340   dunder.o
        40          0          0          0          0         68   fpclassify.o
       170          0          0          0          0         96   poly.o
      2520        190        136          0          0        324   pow.o
         0          0          8          0          0          0   qnan.o
        76          0          0          0          0         84   sqrt.o

    ----------------------------------------------------------------------
     13442        800        657          0        100       7716   Library Totals
        28          0          0          0          4          0   (incl. Padding)

    ----------------------------------------------------------------------

      Code (inc. data)   RO Data    RW Data    ZI Data      Debug   Library Name

      6102        264        513          0         96       4268   c_w.l
      4444        336          0          0          0       2536   fz_ws.l
      2868        200        144          0          0        912   m_ws.l

    ----------------------------------------------------------------------
     13442        800        657          0        100       7716   Library Totals

    ----------------------------------------------------------------------

==============================================================================


      Code (inc. data)   RO Data    RW Data    ZI Data      Debug   

     34110       1932       1170        396       3716     403320   Grand Totals
     34110       1932       1170        144       3716     403320   ELF Image Totals (compressed)
     34110       1932       1170        144          0          0   ROM Totals

==============================================================================

    Total RO  Size (Code + RO Data)                35280 (  34.45kB)
    Total RW  Size (RW Data + ZI Data)              4112 (   4.02kB)
    Total ROM Size (Code + RO Data + RW Data)      35424 (  34.59kB)

==============================================================================

