Component: ARM Compiler 5.06 update 3 (build 300) Tool: armlink [4d35c9]

==============================================================================

Section Cross References

    system_stm32f4xx.o(.text) refers to system_stm32f4xx.o(.data) for SystemCoreClock
    contact.o(.text) refers to can.o(.text) for CAN1_Send_Msg
    contact.o(.text) refers to dflt_clz.o(x$fpl$dflt) for __aeabi_i2d
    contact.o(.text) refers to dmul.o(x$fpl$dmul) for __aeabi_dmul
    contact.o(.text) refers to dfix.o(x$fpl$dfix) for __aeabi_d2iz
    contact.o(.text) refers to contact.o(.data) for speed_array
    encoder.o(.text) refers to stm32f4xx_rcc.o(.text) for RCC_APB1PeriphClockCmd
    encoder.o(.text) refers to stm32f4xx_gpio.o(.text) for GPIO_PinAFConfig
    encoder.o(.text) refers to stm32f4xx_tim.o(.text) for TIM_DeInit
    odometry.o(.text) refers to f2d.o(x$fpl$f2d) for __aeabi_f2d
    odometry.o(.text) refers to sin.o(i.__hardfp_sin) for __hardfp_sin
    odometry.o(.text) refers to d2f.o(x$fpl$d2f) for __aeabi_d2f
    odometry.o(.text) refers to cos.o(i.__hardfp_cos) for __hardfp_cos
    odometry.o(.text) refers to odometry.o(.data) for once
    main.o(.text) refers to stm32f4xx_dma.o(.text) for DMA_GetFlagStatus
    main.o(.text) refers to stm32f4xx_usart.o(.text) for USART_DMACmd
    main.o(.text) refers to dma.o(.text) for MYDMA_Enable
    main.o(.text) refers to adc.o(.text) for Get_Adc_Average
    main.o(.text) refers to os_time.o(.text) for OSTimeDlyHMSM
    main.o(.text) refers to can.o(.text) for CAN1_Send_Msg
    main.o(.text) refers to malloc.o(.text) for mymalloc
    main.o(.text) refers to os_task.o(.text) for OSTaskQPend
    main.o(.text) refers to contact.o(.text) for car_control
    main.o(.text) refers to main.o(.bss) for SendBuff
    main.o(.text) refers to main.o(.data) for battery_adc
    main.o(.text) refers to cpu_a.o(.text) for CPU_SR_Save
    main.o(.text) refers to os_core.o(.text) for OS_Sched0
    main.o(.text) refers to delay.o(.text) for delay_ms
    main.o(.text) refers to stm32f4xx_gpio.o(.text) for GPIO_ResetBits
    main.o(.text) refers to odometry.o(.text) for odometry_cal
    main.o(.text) refers to cpu_core.o(.text) for CPU_Init
    main.o(.text) refers to os_stat.o(.text) for OSStatTaskCPUUsageInit
    main.o(.text) refers to os_sem.o(.text) for OSSemCreate
    main.o(.text) refers to os_tmr.o(.text) for OSTmrCreate
    main.o(.text) refers to odometry.o(.data) for position_x
    main.o(.text) refers to os_var.o(.data) for OSSchedLockNestingCtr
    main.o(.text) refers to stm32f4xx_rcc.o(.text) for RCC_APB1PeriphClockCmd
    main.o(.text) refers to misc.o(.text) for NVIC_PriorityGroupConfig
    main.o(.text) refers to stm32f4xx_exti.o(.text) for EXTI_Init
    main.o(.text) refers to stm32f4xx_pwr.o(.text) for PWR_PVDLevelConfig
    main.o(.text) refers to usart.o(.text) for uart_init
    main.o(.text) refers to led.o(.text) for LED_Init
    main.o(.text) refers to key.o(.text) for KEY_Init
    main.o(.text) refers to beep.o(.text) for BEEP_Init
    main.o(.text) refers to encoder.o(.text) for ENC_Init
    main.o(.text) refers to lcd.o(.text) for LCD_ShowString
    main.o(.text) refers to remote.o(.text) for Remote_Scan
    led.o(.text) refers to stm32f4xx_rcc.o(.text) for RCC_AHB1PeriphClockCmd
    led.o(.text) refers to stm32f4xx_gpio.o(.text) for GPIO_Init
    lcd.o(.text) refers to _printf_percent.o(.ARM.Collect$$_printf_percent$$00000000) for _printf_percent
    lcd.o(.text) refers to _printf_x.o(.ARM.Collect$$_printf_percent$$0000000C) for _printf_x
    lcd.o(.text) refers to _printf_hex_int.o(.text) for _printf_longlong_hex
    lcd.o(.text) refers to delay.o(.text) for delay_us
    lcd.o(.text) refers to lcd.o(.bss) for lcddev
    lcd.o(.text) refers to lcd.o(.data) for POINT_COLOR
    lcd.o(.text) refers to dflt_clz.o(x$fpl$dfltu) for __aeabi_ui2d
    lcd.o(.text) refers to dmul.o(x$fpl$dmul) for __aeabi_dmul
    lcd.o(.text) refers to dfixu.o(x$fpl$dfixu) for __aeabi_d2uiz
    lcd.o(.text) refers to stm32f4xx_rcc.o(.text) for RCC_AHB1PeriphClockCmd
    lcd.o(.text) refers to stm32f4xx_gpio.o(.text) for GPIO_Init
    lcd.o(.text) refers to stm32f4xx_fsmc.o(.text) for FSMC_NORSRAMInit
    lcd.o(.text) refers to noretval__2printf.o(.text) for __2printf
    lcd.o(.text) refers to lcd.o(.constdata) for asc2_1206
    key.o(.text) refers to stm32f4xx_rcc.o(.text) for RCC_AHB1PeriphClockCmd
    key.o(.text) refers to stm32f4xx_gpio.o(.text) for GPIO_Init
    key.o(.text) refers to delay.o(.text) for delay_ms
    key.o(.text) refers to key.o(.data) for key_up
    beep.o(.text) refers to stm32f4xx_rcc.o(.text) for RCC_AHB1PeriphClockCmd
    beep.o(.text) refers to stm32f4xx_gpio.o(.text) for GPIO_Init
    dma.o(.text) refers to stm32f4xx_rcc.o(.text) for RCC_AHB1PeriphClockCmd
    dma.o(.text) refers to stm32f4xx_dma.o(.text) for DMA_DeInit
    timer.o(.text) refers to stm32f4xx_rcc.o(.text) for RCC_APB1PeriphClockCmd
[...]
    CAN_GetFlagStatus                        0x0800a127   Thumb Code   120  stm32f4xx_can.o(.text)
    CAN_ClearFlag                            0x0800a19f   Thumb Code    52  stm32f4xx_can.o(.text)
    CAN_GetITStatus                          0x0800a1e5   Thumb Code   310  stm32f4xx_can.o(.text)
    CAN_ClearITPendingBit                    0x0800a31b   Thumb Code   162  stm32f4xx_can.o(.text)
    delay_osschedlock                        0x0800a3c1   Thumb Code    10  delay.o(.text)
    delay_osschedunlock                      0x0800a3cb   Thumb Code    10  delay.o(.text)
    delay_ostimedly                          0x0800a3d5   Thumb Code    16  delay.o(.text)
    SysTick_Handler                          0x0800a3e5   Thumb Code    24  delay.o(.text)
    delay_init                               0x0800a3fd   Thumb Code    94  delay.o(.text)
    delay_us                                 0x0800a45b   Thumb Code    84  delay.o(.text)
    delay_ms                                 0x0800a4af   Thumb Code    66  delay.o(.text)
    _sys_exit                                0x0800a509   Thumb Code     4  usart.o(.text)
    fputc                                    0x0800a50d   Thumb Code    22  usart.o(.text)
    uart1_init                               0x0800a523   Thumb Code   192  usart.o(.text)
    uart_init                                0x0800a5e3   Thumb Code    12  usart.o(.text)
    uart2_init                               0x0800a5ef   Thumb Code   130  usart.o(.text)
    uart3_init                               0x0800a671   Thumb Code   132  usart.o(.text)
    uart4_init                               0x0800a6f5   Thumb Code   178  usart.o(.text)
    uart5_init                               0x0800a7a7   Thumb Code   178  usart.o(.text)
    USART1_IRQHandler                        0x0800a859   Thumb Code   188  usart.o(.text)
    UART4_IRQHandler                         0x0800a915   Thumb Code   220  usart.o(.text)
    UART3_IRQHandler                         0x0800a9f1   Thumb Code   220  usart.o(.text)
    BSP_CPU_ClkFreq                          0x0800aaed   Thumb Code    14  bsp.o(.text)
    CPU_TS_TmrInit                           0x0800aafb   Thumb Code    44  bsp.o(.text)
    CPU_TS_TmrRd                             0x0800ab27   Thumb Code     6  bsp.o(.text)
    CPU_TS32_to_uSec                         0x0800ab2d   Thumb Code    54  bsp.o(.text)
    CPU_NameClr                              0x0800ab71   Thumb Code    42  cpu_core.o(.text)
    CPU_Init                                 0x0800abb1   Thumb Code    12  cpu_core.o(.text)
    CPU_SW_Exception                         0x0800abbd   Thumb Code     4  cpu_core.o(.text)
    CPU_NameGet                              0x0800abc1   Thumb Code    70  cpu_core.o(.text)
    CPU_NameSet                              0x0800ac07   Thumb Code    96  cpu_core.o(.text)
    CPU_TS_Get32                             0x0800ac67   Thumb Code    12  cpu_core.o(.text)
    CPU_TS_Update                            0x0800ac73   Thumb Code     2  cpu_core.o(.text)
    CPU_TS_TmrFreqGet                        0x0800ac75   Thumb Code    30  cpu_core.o(.text)
    CPU_TS_TmrFreqSet                        0x0800ac93   Thumb Code     6  cpu_core.o(.text)
    CPU_CntLeadZeros08                       0x0800ac99   Thumb Code    18  cpu_core.o(.text)
    CPU_CntLeadZeros16                       0x0800acab   Thumb Code    18  cpu_core.o(.text)
    CPU_CntLeadZeros32                       0x0800acbd   Thumb Code    18  cpu_core.o(.text)
    CPU_CntLeadZeros64                       0x0800accf   Thumb Code   188  cpu_core.o(.text)
    CPU_CntTrailZeros08                      0x0800ad8b   Thumb Code    22  cpu_core.o(.text)
    CPU_CntTrailZeros16                      0x0800ada1   Thumb Code    22  cpu_core.o(.text)
    CPU_CntTrailZeros32                      0x0800adb7   Thumb Code    22  cpu_core.o(.text)
    CPU_CntTrailZeros64                      0x0800adcd   Thumb Code    62  cpu_core.o(.text)
    CPU_IntDis                               0x0800ae19   Thumb Code     0  cpu_a.o(.text)
    CPU_IntEn                                0x0800ae1d   Thumb Code     0  cpu_a.o(.text)
    CPU_SR_Save                              0x0800ae21   Thumb Code     0  cpu_a.o(.text)
    CPU_SR_Restore                           0x0800ae29   Thumb Code     0  cpu_a.o(.text)
    CPU_WaitForInt                           0x0800ae2f   Thumb Code     0  cpu_a.o(.text)
    CPU_WaitForExcept                        0x0800ae33   Thumb Code     0  cpu_a.o(.text)
    CPU_CntLeadZeros                         0x0800ae37   Thumb Code     0  cpu_a.o(.text)
    CPU_CntTrailZeros                        0x0800ae3d   Thumb Code     0  cpu_a.o(.text)
    CPU_RevBits                              0x0800ae47   Thumb Code     0  cpu_a.o(.text)
    ASCII_IsAlpha                            0x0800ae4d   Thumb Code    48  lib_ascii.o(.text)
    ASCII_IsAlphaNum                         0x0800ae7d   Thumb Code    76  lib_ascii.o(.text)
    ASCII_IsLower                            0x0800aec9   Thumb Code    20  lib_ascii.o(.text)
    ASCII_IsUpper                            0x0800aedd   Thumb Code    20  lib_ascii.o(.text)
    ASCII_IsDig                              0x0800aef1   Thumb Code    20  lib_ascii.o(.text)
    ASCII_IsDigOct                           0x0800af05   Thumb Code    20  lib_ascii.o(.text)
    ASCII_IsDigHex                           0x0800af19   Thumb Code    36  lib_ascii.o(.text)
    ASCII_IsBlank                            0x0800af3d   Thumb Code    20  lib_ascii.o(.text)
    ASCII_IsSpace                            0x0800af51   Thumb Code    36  lib_ascii.o(.text)
    ASCII_IsPrint                            0x0800af75   Thumb Code    20  lib_ascii.o(.text)
    ASCII_IsGraph                            0x0800af89   Thumb Code    20  lib_ascii.o(.text)
    ASCII_IsPunct                            0x0800af9d   Thumb Code   134  lib_ascii.o(.text)
    ASCII_IsCtrl                             0x0800b023   Thumb Code    26  lib_ascii.o(.text)
    ASCII_ToLower                            0x0800b03d   Thumb Code    32  lib_ascii.o(.text)
    ASCII_ToUpper                            0x0800b05d   Thumb Code    32  lib_ascii.o(.text)
    ASCII_Cmp                                0x0800b07d   Thumb Code    38  lib_ascii.o(.text)
    Mem_Init                                 0x0800b0a5   Thumb Code    52  lib_mem.o(.text)
    Mem_Set                                  0x0800b0d9   Thumb Code    84  lib_mem.o(.text)
    Mem_Clr                                  0x0800b12d   Thumb Code    18  lib_mem.o(.text)
    Mem_Move                                 0x0800b13f   Thumb Code   186  lib_mem.o(.text)
    Mem_Cmp                                  0x0800b1f9   Thumb Code   192  lib_mem.o(.text)
    Mem_HeapAlloc                            0x0800b331   Thumb Code   168  lib_mem.o(.text)
    Mem_SegGetSizeRem                        0x0800b3d9   Thumb Code   108  lib_mem.o(.text)
    Mem_HeapGetSizeRem                       0x0800b445   Thumb Code    22  lib_mem.o(.text)
    Mem_PoolClr                              0x0800b45b   Thumb Code    82  lib_mem.o(.text)
    Mem_PoolCreate                           0x0800b4ad   Thumb Code   838  lib_mem.o(.text)
    Mem_PoolBlkGetNbrAvail                   0x0800b7f3   Thumb Code    52  lib_mem.o(.text)
    Mem_PoolBlkGet                           0x0800b827   Thumb Code   126  lib_mem.o(.text)
    Mem_PoolBlkGetUsedAtIx                   0x0800b8a5   Thumb Code   140  lib_mem.o(.text)
    Mem_PoolBlkFree                          0x0800b931   Thumb Code   152  lib_mem.o(.text)
    Mem_PoolBlkIxGet                         0x0800b9c9   Thumb Code   162  lib_mem.o(.text)
    Str_Len_N                                0x0800ba6d   Thumb Code    28  lib_str.o(.text)
    Str_Len                                  0x0800ba89   Thumb Code    20  lib_str.o(.text)
    Str_Copy_N                               0x0800ba9d   Thumb Code    70  lib_str.o(.text)
    Str_Copy                                 0x0800bae3   Thumb Code    24  lib_str.o(.text)
    Str_Cat_N                                0x0800bafb   Thumb Code    90  lib_str.o(.text)
    Str_Cat                                  0x0800bb55   Thumb Code    24  lib_str.o(.text)
    Str_Cmp_N                                0x0800bb6d   Thumb Code   156  lib_str.o(.text)
    Str_Cmp                                  0x0800bc09   Thumb Code    24  lib_str.o(.text)
    Str_CmpIgnoreCase_N                      0x0800bc21   Thumb Code   264  lib_str.o(.text)
    Str_CmpIgnoreCase                        0x0800bd29   Thumb Code    24  lib_str.o(.text)
    Str_Char_N                               0x0800bd41   Thumb Code    74  lib_str.o(.text)
    Str_Char                                 0x0800bd8b   Thumb Code    24  lib_str.o(.text)
    Str_Char_Last_N                          0x0800bda3   Thumb Code    76  lib_str.o(.text)
    Str_Char_Last                            0x0800bdef   Thumb Code    24  lib_str.o(.text)
    Str_Char_Replace_N                       0x0800be07   Thumb Code    52  lib_str.o(.text)
    Str_Char_Replace                         0x0800be3b   Thumb Code    28  lib_str.o(.text)
    Str_Str_N                                0x0800be57   Thumb Code   182  lib_str.o(.text)
    Str_Str                                  0x0800bf0d   Thumb Code    24  lib_str.o(.text)
    Str_FmtNbr_Int32U                        0x0800c101   Thumb Code    46  lib_str.o(.text)
    Str_FmtNbr_Int32S                        0x0800c12f   Thumb Code    62  lib_str.o(.text)
    Str_ParseNbr_Int32U                      0x0800c32b   Thumb Code    30  lib_str.o(.text)
    Str_ParseNbr_Int32S                      0x0800c349   Thumb Code    74  lib_str.o(.text)
    Mem_Copy                                 0x0800c399   Thumb Code     0  lib_mem_a.o(.text)
    OSCfg_Init                               0x0800c5b9   Thumb Code    86  os_cfg_app.o(.text)
    OS_IdleTask                              0x0800c6b5   Thumb Code    60  os_core.o(.text)
    OS_IdleTaskInit                          0x0800c6f1   Thumb Code    68  os_core.o(.text)
    OS_RdyListInit                           0x0800c735   Thumb Code    32  os_core.o(.text)
    OSInit                                   0x0800c755   Thumb Code   300  os_core.o(.text)
    OSIntEnter                               0x0800c881   Thumb Code    34  os_core.o(.text)
    OSIntExit                                0x0800c8a3   Thumb Code   188  os_core.o(.text)
    OSSched                                  0x0800c95f   Thumb Code   130  os_core.o(.text)
    OS_SchedLockTimeMeasStart                0x0800c9e1   Thumb Code    20  os_core.o(.text)
    OSSchedLock                              0x0800c9f5   Thumb Code   104  os_core.o(.text)
    OS_SchedLockTimeMeasStop                 0x0800ca5d   Thumb Code    44  os_core.o(.text)
    OSSchedUnlock                            0x0800ca89   Thumb Code   286  os_core.o(.text)
    OSSchedRoundRobinCfg                     0x0800cba7   Thumb Code    88  os_core.o(.text)
    OS_RdyListMoveHeadToTail                 0x0800cbff   Thumb Code    68  os_core.o(.text)
    OSSchedRoundRobinYield                   0x0800cc43   Thumb Code   164  os_core.o(.text)
    OSStart                                  0x0800cce7   Thumb Code    78  os_core.o(.text)
    OSVersion                                0x0800cd35   Thumb Code    12  os_core.o(.text)
    OS_PendDbgNameAdd                        0x0800cd41   Thumb Code    66  os_core.o(.text)
    OS_PendListInsertPrio                    0x0800cd83   Thumb Code   102  os_core.o(.text)
    OS_PendDataInit                          0x0800cde9   Thumb Code    38  os_core.o(.text)
    OS_RdyListRemove                         0x0800ce0f   Thumb Code    86  os_core.o(.text)
    OS_TaskBlock                             0x0800ce65   Thumb Code    56  os_core.o(.text)
    OS_Pend                                  0x0800ce9d   Thumb Code    98  os_core.o(.text)
    OS_PendListRemove1                       0x0800ceff   Thumb Code   136  os_core.o(.text)
    OS_PendListRemove                        0x0800cf87   Thumb Code    48  os_core.o(.text)
    OS_PendAbort1                            0x0800cfb7   Thumb Code    36  os_core.o(.text)
    OS_RdyListInsertHead                     0x0800cfdb   Thumb Code    58  os_core.o(.text)
    OS_RdyListInsertTail                     0x0800d015   Thumb Code    56  os_core.o(.text)
    OS_RdyListInsert                         0x0800d04d   Thumb Code    40  os_core.o(.text)
    OS_TaskRdy                               0x0800d075   Thumb Code    28  os_core.o(.text)
    OS_PendAbort                             0x0800d091   Thumb Code   166  os_core.o(.text)
    OS_PendDbgNameRemove                     0x0800d137   Thumb Code    34  os_core.o(.text)
    OS_PendListChangePrio                    0x0800d159   Thumb Code    70  os_core.o(.text)
    OS_PendListInit                          0x0800d19f   Thumb Code    10  os_core.o(.text)
    OS_PendListInsertHead                    0x0800d1a9   Thumb Code    32  os_core.o(.text)
    OS_PendObjDel1                           0x0800d1c9   Thumb Code    36  os_core.o(.text)
    OS_PendObjDel                            0x0800d1ed   Thumb Code   162  os_core.o(.text)
    OS_Post1                                 0x0800d28f   Thumb Code    42  os_core.o(.text)
    OS_Post                                  0x0800d2b9   Thumb Code   192  os_core.o(.text)
    OS_Sched0                                0x0800d379   Thumb Code    68  os_core.o(.text)
    OS_SchedRoundRobin                       0x0800d3bd   Thumb Code   218  os_core.o(.text)
    OS_Dbg_Init                              0x0800d4a5   Thumb Code   146  os_dbg.o(.text)
    OS_FlagDbgListAdd                        0x0800d655   Thumb Code    38  os_flag.o(.text)
    OSFlagCreate                             0x0800d67b   Thumb Code   172  os_flag.o(.text)
    OS_FlagClr                               0x0800d727   Thumb Code    28  os_flag.o(.text)
    OS_FlagDbgListRemove                     0x0800d743   Thumb Code    44  os_flag.o(.text)
    OSFlagDel                                0x0800d76f   Thumb Code   594  os_flag.o(.text)
    OS_FlagBlock                             0x0800d9c1   Thumb Code    58  os_flag.o(.text)
    OSFlagPend                               0x0800d9fb   Thumb Code  1488  os_flag.o(.text)
    OSFlagPendAbort                          0x0800dfcb   Thumb Code   292  os_flag.o(.text)
    OSFlagPendGetFlagsRdy                    0x0800e0ef   Thumb Code    68  os_flag.o(.text)
    OS_FlagTaskRdy                           0x0800e133   Thumb Code    86  os_flag.o(.text)
    OS_FlagPost                              0x0800e189   Thumb Code   570  os_flag.o(.text)
    OSFlagPost                               0x0800e3c3   Thumb Code   146  os_flag.o(.text)
    OS_FlagInit                              0x0800e455   Thumb Code    14  os_flag.o(.text)
    OS_IntQPost                              0x0800e47d   Thumb Code   216  os_int.o(.text)
    OS_IntQRePost                            0x0800e555   Thumb Code   360  os_int.o(.text)
    OS_IntQTask                              0x0800e6bd   Thumb Code   162  os_int.o(.text)
    OS_IntQTaskInit                          0x0800e75f   Thumb Code   208  os_int.o(.text)
    OS_MemDbgListAdd                         0x0800e8c1   Thumb Code    34  os_mem.o(.text)
    OSMemCreate                              0x0800e8e3   Thumb Code   288  os_mem.o(.text)
    OSMemGet                                 0x0800ea03   Thumb Code   100  os_mem.o(.text)
    OSMemPut                                 0x0800ea67   Thumb Code   112  os_mem.o(.text)
    OS_MemInit                               0x0800ead7   Thumb Code    14  os_mem.o(.text)
    OS_MsgPoolCreate                         0x0800eaf9   Thumb Code    54  os_msg.o(.text)
    OS_MsgPoolInit                           0x0800eb2f   Thumb Code    70  os_msg.o(.text)
    OS_MsgQFreeAll                           0x0800eb75   Thumb Code    62  os_msg.o(.text)
    OS_MsgQInit                              0x0800ebb3   Thumb Code    14  os_msg.o(.text)
    OS_MsgQGet                               0x0800ebc1   Thumb Code    98  os_msg.o(.text)
    OS_MsgQPut                               0x0800ec23   Thumb Code   246  os_msg.o(.text)
    OS_MutexDbgListAdd                       0x0800ed25   Thumb Code    38  os_mutex.o(.text)
    OSMutexCreate                            0x0800ed4b   Thumb Code   178  os_mutex.o(.text)
    OS_MutexClr                              0x0800edfd   Thumb Code    38  os_mutex.o(.text)
    OS_MutexDbgListRemove                    0x0800ee23   Thumb Code    44  os_mutex.o(.text)
    OSMutexDel                               0x0800ee4f   Thumb Code   842  os_mutex.o(.text)
    OSMutexPend                              0x0800f199   Thumb Code   706  os_mutex.o(.text)
    OSMutexPendAbort                         0x0800f45b   Thumb Code   314  os_mutex.o(.text)
    OSMutexPost                              0x0800f595   Thumb Code   564  os_mutex.o(.text)
    OS_MutexInit                             0x0800f7c9   Thumb Code    14  os_mutex.o(.text)
    OS_PrioInit                              0x0800f7f9   Thumb Code    20  os_prio.o(.text)
    OS_PrioGetHighest                        0x0800f80d   Thumb Code    36  os_prio.o(.text)
    OS_PrioInsert                            0x0800f831   Thumb Code    32  os_prio.o(.text)
    OS_PrioRemove                            0x0800f851   Thumb Code    32  os_prio.o(.text)
    OS_QDbgListAdd                           0x0800f875   Thumb Code    38  os_q.o(.text)
    OSQCreate                                0x0800f89b   Thumb Code   186  os_q.o(.text)
    OS_QClr                                  0x0800f955   Thumb Code    40  os_q.o(.text)
    OS_QDbgListRemove                        0x0800f97d   Thumb Code    44  os_q.o(.text)
    OSQDel                                   0x0800f9a9   Thumb Code   362  os_q.o(.text)
    OSQFlush                                 0x0800fb13   Thumb Code   210  os_q.o(.text)
    OSQPend                                  0x0800fbe5   Thumb Code   538  os_q.o(.text)
    OSQPendAbort                             0x0800fdff   Thumb Code   292  os_q.o(.text)
    OS_QPost                                 0x0800ff23   Thumb Code   324  os_q.o(.text)
    OSQPost                                  0x08010067   Thumb Code   198  os_q.o(.text)
    OS_QInit                                 0x0801012d   Thumb Code    14  os_q.o(.text)
    OS_SemDbgListAdd                         0x0801014d   Thumb Code    38  os_sem.o(.text)
    OSSemCreate                              0x08010173   Thumb Code   172  os_sem.o(.text)
    OS_SemClr                                0x0801021f   Thumb Code    28  os_sem.o(.text)
    OS_SemDbgListRemove                      0x0801023b   Thumb Code    44  os_sem.o(.text)
    OSSemDel                                 0x08010267   Thumb Code   362  os_sem.o(.text)
    OSSemPend                                0x080103d1   Thumb Code   504  os_sem.o(.text)
    OSSemPendAbort                           0x080105c9   Thumb Code   292  os_sem.o(.text)
    OS_SemPost                               0x080106ed   Thumb Code   350  os_sem.o(.text)
    OSSemPost                                0x0801084b   Thumb Code   144  os_sem.o(.text)
    OSSemSet                                 0x080108db   Thumb Code   138  os_sem.o(.text)
    OS_SemInit                               0x08010965   Thumb Code    14  os_sem.o(.text)
    OSStatReset                              0x0801097d   Thumb Code   270  os_stat.o(.text)
    OSStatTaskCPUUsageInit                   0x08010a8b   Thumb Code   212  os_stat.o(.text)
    OS_StatTask                              0x08010b5f   Thumb Code   888  os_stat.o(.text)
    OS_StatTaskInit                          0x08010ed7   Thumb Code   138  os_stat.o(.text)
    OSTaskChangePrio                         0x08010fb5   Thumb Code   416  os_task.o(.text)
    OS_TaskDbgListAdd                        0x08011155   Thumb Code    42  os_task.o(.text)
    OS_TaskInitTCB                           0x0801117f   Thumb Code   186  os_task.o(.text)
    OSTaskCreate                             0x08011239   Thumb Code   616  os_task.o(.text)
    OS_TaskDbgListRemove                     0x080114a1   Thumb Code    64  os_task.o(.text)
    OSTaskDel                                0x080114e1   Thumb Code   424  os_task.o(.text)
    OSTaskQFlush                             0x08011689   Thumb Code   214  os_task.o(.text)
    OSTaskQPend                              0x0801175f   Thumb Code   554  os_task.o(.text)
    OSTaskQPendAbort                         0x08011989   Thumb Code   242  os_task.o(.text)
    OS_TaskQPost                             0x08011a7b   Thumb Code   526  os_task.o(.text)
    OSTaskQPost                              0x08011c89   Thumb Code   114  os_task.o(.text)
    OSTaskRegGet                             0x08011cfb   Thumb Code    78  os_task.o(.text)
    OSTaskRegGetID                           0x08011d49   Thumb Code    84  os_task.o(.text)
    OSTaskRegSet                             0x08011d9d   Thumb Code    78  os_task.o(.text)
    OS_TaskResume                            0x08011deb   Thumb Code   314  os_task.o(.text)
    OSTaskResume                             0x08011f25   Thumb Code   112  os_task.o(.text)
    OSTaskSemPend                            0x08011f95   Thumb Code   550  os_task.o(.text)
    OSTaskSemPendAbort                       0x080121bb   Thumb Code   270  os_task.o(.text)
    OS_TaskSemPost                           0x080122c9   Thumb Code  1224  os_task.o(.text)
    OSTaskSemPost                            0x08012791   Thumb Code    98  os_task.o(.text)
    OSTaskSemSet                             0x080127f3   Thumb Code    80  os_task.o(.text)
    OSTaskStkChk                             0x08012843   Thumb Code   224  os_task.o(.text)
    OS_TaskSuspend                           0x08012923   Thumb Code   328  os_task.o(.text)
    OSTaskSuspend                            0x08012a6b   Thumb Code    78  os_task.o(.text)
    OSTaskTimeQuantaSet                      0x08012ab9   Thumb Code    96  os_task.o(.text)
    OS_TaskInit                              0x08012b19   Thumb Code    18  os_task.o(.text)
    OS_TaskReturn                            0x08012b2b   Thumb Code    20  os_task.o(.text)
    OS_TickListRemove                        0x08012b69   Thumb Code    56  os_tick.o(.text)
    OS_TickListUpdate                        0x08012ba1   Thumb Code   480  os_tick.o(.text)
    OS_TickTask                              0x08012d81   Thumb Code    38  os_tick.o(.text)
    OS_TickListInit                          0x08012da7   Thumb Code    32  os_tick.o(.text)
    OS_TickTaskInit                          0x08012dc7   Thumb Code   130  os_tick.o(.text)
    OS_TickListInsert                        0x08012e49   Thumb Code   502  os_tick.o(.text)
    OS_TickListResetPeak                     0x0801303f   Thumb Code    28  os_tick.o(.text)
    OSTimeDly                                0x08013065   Thumb Code   266  os_time.o(.text)
    OSTimeDlyHMSM                            0x0801316f   Thumb Code   480  os_time.o(.text)
    OSTimeDlyResume                          0x0801334f   Thumb Code   466  os_time.o(.text)
    OSTimeGet                                0x08013521   Thumb Code    46  os_time.o(.text)
    OSTimeSet                                0x0801354f   Thumb Code    46  os_time.o(.text)
    OSTimeTick                               0x0801357d   Thumb Code    54  os_time.o(.text)
    OS_TmrDbgListAdd                         0x080135c9   Thumb Code    34  os_tmr.o(.text)
    OSTmrCreate                              0x080135eb   Thumb Code   248  os_tmr.o(.text)
    OS_TmrClr                                0x080136e3   Thumb Code    36  os_tmr.o(.text)
    OS_TmrUnlink                             0x08013707   Thumb Code    72  os_tmr.o(.text)
    OS_TmrDbgListRemove                      0x0801374f   Thumb Code    44  os_tmr.o(.text)
    OSTmrDel                                 0x0801377b   Thumb Code   176  os_tmr.o(.text)
    OSTmrRemainGet                           0x0801382b   Thumb Code   184  os_tmr.o(.text)
    OS_TmrLink                               0x080138e3   Thumb Code   196  os_tmr.o(.text)
    OSTmrStart                               0x080139a7   Thumb Code   210  os_tmr.o(.text)
    OSTmrStateGet                            0x08013a79   Thumb Code   134  os_tmr.o(.text)
    OSTmrStop                                0x08013aff   Thumb Code   232  os_tmr.o(.text)
    OS_TmrTask                               0x08013be7   Thumb Code   176  os_tmr.o(.text)
    OS_TmrInit                               0x08013c97   Thumb Code   208  os_tmr.o(.text)
    OS_TmrResetPeak                          0x08013d67   Thumb Code    28  os_tmr.o(.text)
    OSIdleTaskHook                           0x08013de1   Thumb Code    16  os_cpu_c.o(.text)
    OSInitHook                               0x08013df1   Thumb Code    28  os_cpu_c.o(.text)
    OSStatTaskHook                           0x08013e0d   Thumb Code    16  os_cpu_c.o(.text)
    OSTaskCreateHook                         0x08013e1d   Thumb Code    20  os_cpu_c.o(.text)
    OSTaskDelHook                            0x08013e31   Thumb Code    20  os_cpu_c.o(.text)
    OSTaskReturnHook                         0x08013e45   Thumb Code    20  os_cpu_c.o(.text)
    OSTaskStkInit                            0x08013e59   Thumb Code   600  os_cpu_c.o(.text)
    OSTaskSwHook                             0x080140b1   Thumb Code   120  os_cpu_c.o(.text)
    OSTimeTickHook                           0x08014129   Thumb Code    16  os_cpu_c.o(.text)
    OS_CPU_SysTickHandler                    0x08014139   Thumb Code    52  os_cpu_c.o(.text)
    OS_CPU_SysTickInit                       0x0801416d   Thumb Code    44  os_cpu_c.o(.text)
    mymemcpy                                 0x080141d9   Thumb Code    26  malloc.o(.text)
    mymemset                                 0x080141f3   Thumb Code    20  malloc.o(.text)
    my_mem_init                              0x08014207   Thumb Code    54  malloc.o(.text)
    my_mem_perused                           0x0801423d   Thumb Code    54  malloc.o(.text)
    my_mem_malloc                            0x08014273   Thumb Code   154  malloc.o(.text)
    my_mem_free                              0x0801430d   Thumb Code    94  malloc.o(.text)
    myfree                                   0x0801436b   Thumb Code    32  malloc.o(.text)
    mymalloc                                 0x0801438b   Thumb Code    36  malloc.o(.text)
    myrealloc                                0x080143af   Thumb Code    68  malloc.o(.text)
    __use_no_semihosting                     0x08014405   Thumb Code     2  use_no_semi_2.o(.text)
    __aeabi_uldivmod                         0x08014407   Thumb Code     0  lludivv7m.o(.text)
    _ll_udiv                                 0x08014407   Thumb Code   238  lludivv7m.o(.text)
    __2printf                                0x080144f5   Thumb Code    20  noretval__2printf.o(.text)
    __printf                                 0x0801450d   Thumb Code   104  __printf.o(.text)
    _printf_int_hex                          0x08014575   Thumb Code    84  _printf_hex_int.o(.text)
    _printf_longlong_hex                     0x08014575   Thumb Code     0  _printf_hex_int.o(.text)
    __use_two_region_memory                  0x080145cd   Thumb Code     2  heapauxi.o(.text)
    __rt_heap_escrow$2region                 0x080145cf   Thumb Code     2  heapauxi.o(.text)
    __rt_heap_expand$2region                 0x080145d1   Thumb Code     2  heapauxi.o(.text)
    __I$use$semihosting                      0x080145d3   Thumb Code     0  use_no_semi.o(.text)
    __use_no_semihosting_swi                 0x080145d3   Thumb Code     2  use_no_semi.o(.text)
    __read_errno                             0x080145d5   Thumb Code    10  _rserrno.o(.text)
    __set_errno                              0x080145df   Thumb Code    12  _rserrno.o(.text)
    _printf_int_common                       0x080145eb   Thumb Code   178  _printf_intcommon.o(.text)
    _printf_char_file                        0x0801469d   Thumb Code    32  _printf_char_file.o(.text)
    __aeabi_errno_addr                       0x080146c1   Thumb Code     8  rt_errno_addr_intlibspace.o(.text)
    __errno$intlibspace                      0x080146c1   Thumb Code     0  rt_errno_addr_intlibspace.o(.text)
    __rt_errno_addr$intlibspace              0x080146c1   Thumb Code     0  rt_errno_addr_intlibspace.o(.text)
    _printf_char_common                      0x080146d3   Thumb Code    32  _printf_char_common.o(.text)
    ferror                                   0x080146f9   Thumb Code     8  ferror.o(.text)
    __user_libspace                          0x08014701   Thumb Code     8  libspace.o(.text)
    __user_perproc_libspace                  0x08014701   Thumb Code     0  libspace.o(.text)
    __user_perthread_libspace                0x08014701   Thumb Code     0  libspace.o(.text)
    __user_setup_stackheap                   0x08014709   Thumb Code    74  sys_stackheap_outer.o(.text)
    exit                                     0x08014753   Thumb Code    18  exit.o(.text)
    OSStartHighRdy                           0x08014765   Thumb Code     0  os_cpu_a.o(CODE)
    OSCtxSw                                  0x08014787   Thumb Code     0  os_cpu_a.o(CODE)
    OSIntCtxSw                               0x08014791   Thumb Code     0  os_cpu_a.o(CODE)
    PendSV_Handler                           0x0801479b   Thumb Code     0  os_cpu_a.o(CODE)
    __ARM_fpclassify                         0x08014811   Thumb Code    48  fpclassify.o(i.__ARM_fpclassify)
    __hardfp_cos                             0x08014841   Thumb Code   180  cos.o(i.__hardfp_cos)
    __hardfp_sin                             0x08014909   Thumb Code   180  sin.o(i.__hardfp_sin)
    __ieee754_rem_pio2                       0x080149d1   Thumb Code   938  rred.o(i.__ieee754_rem_pio2)
    __kernel_cos                             0x08014e09   Thumb Code   322  cos_i.o(i.__kernel_cos)
    __kernel_poly                            0x08014f79   Thumb Code   248  poly.o(i.__kernel_poly)
    __kernel_sin                             0x08015071   Thumb Code   280  sin_i.o(i.__kernel_sin)
    __mathlib_dbl_infnan                     0x080151a1   Thumb Code    20  dunder.o(i.__mathlib_dbl_infnan)
    __mathlib_dbl_invalid                    0x080151b9   Thumb Code    24  dunder.o(i.__mathlib_dbl_invalid)
    __mathlib_dbl_underflow                  0x080151d9   Thumb Code    24  dunder.o(i.__mathlib_dbl_underflow)
    fabs                                     0x080151f9   Thumb Code    24  fabs.o(i.fabs)
    __aeabi_dneg                             0x08015211   Thumb Code     0  basic.o(x$fpl$basic)
    _dneg                                    0x08015211   Thumb Code     6  basic.o(x$fpl$basic)
    __aeabi_fneg                             0x08015217   Thumb Code     0  basic.o(x$fpl$basic)
    _fneg                                    0x08015217   Thumb Code     6  basic.o(x$fpl$basic)
    _dabs                                    0x0801521d   Thumb Code     6  basic.o(x$fpl$basic)
    _fabs                                    0x08015223   Thumb Code     6  basic.o(x$fpl$basic)
    __aeabi_d2f                              0x08015229   Thumb Code     0  d2f.o(x$fpl$d2f)
    _d2f                                     0x08015229   Thumb Code    98  d2f.o(x$fpl$d2f)
    __aeabi_dadd                             0x0801528d   Thumb Code     0  daddsub_clz.o(x$fpl$dadd)
    _dadd                                    0x0801528d   Thumb Code   332  daddsub_clz.o(x$fpl$dadd)
    __aeabi_ddiv                             0x080153dd   Thumb Code     0  ddiv.o(x$fpl$ddiv)
    _ddiv                                    0x080153dd   Thumb Code   552  ddiv.o(x$fpl$ddiv)
    __aeabi_d2iz                             0x0801568d   Thumb Code     0  dfix.o(x$fpl$dfix)
    _dfix                                    0x0801568d   Thumb Code    94  dfix.o(x$fpl$dfix)
    __aeabi_d2uiz                            0x080156ed   Thumb Code     0  dfixu.o(x$fpl$dfixu)
    _dfixu                                   0x080156ed   Thumb Code    90  dfixu.o(x$fpl$dfixu)
    __aeabi_i2d                              0x08015747   Thumb Code     0  dflt_clz.o(x$fpl$dflt)
    _dflt                                    0x08015747   Thumb Code    46  dflt_clz.o(x$fpl$dflt)
    __aeabi_ui2d                             0x08015775   Thumb Code     0  dflt_clz.o(x$fpl$dfltu)
    _dfltu                                   0x08015775   Thumb Code    38  dflt_clz.o(x$fpl$dfltu)
    __aeabi_dmul                             0x0801579d   Thumb Code     0  dmul.o(x$fpl$dmul)
    _dmul                                    0x0801579d   Thumb Code   332  dmul.o(x$fpl$dmul)
    __fpl_dnaninf                            0x080158f1   Thumb Code   156  dnaninf.o(x$fpl$dnaninf)
    __fpl_dretinf                            0x0801598d   Thumb Code    12  dretinf.o(x$fpl$dretinf)
    __aeabi_drsub                            0x08015999   Thumb Code     0  daddsub_clz.o(x$fpl$drsb)
    _drsb                                    0x08015999   Thumb Code    22  daddsub_clz.o(x$fpl$drsb)
    __aeabi_dsub                             0x080159b1   Thumb Code     0  daddsub_clz.o(x$fpl$dsub)
    _dsub                                    0x080159b1   Thumb Code   464  daddsub_clz.o(x$fpl$dsub)
    __aeabi_f2d                              0x08015b85   Thumb Code     0  f2d.o(x$fpl$f2d)
    _f2d                                     0x08015b85   Thumb Code    86  f2d.o(x$fpl$f2d)
    __fpl_fnaninf                            0x08015bdb   Thumb Code   140  fnaninf.o(x$fpl$fnaninf)
    _fp_init                                 0x08015c67   Thumb Code    10  fpinit.o(x$fpl$fpinit)
    __fplib_config_fpu_vfp                   0x08015c6f   Thumb Code     0  fpinit.o(x$fpl$fpinit)
    __fplib_config_pureend_doubles           0x08015c6f   Thumb Code     0  fpinit.o(x$fpl$fpinit)
    __fpl_fretinf                            0x08015c71   Thumb Code    10  fretinf.o(x$fpl$fretinf)
    __I$use$fp                               0x08015c7a   Number         0  usenofp.o(x$fpl$usenofp)
    asc2_1206                                0x08015c7a   Data        1140  lcd.o(.constdata)
    asc2_1608                                0x080160ee   Data        1520  lcd.o(.constdata)
    asc2_2412                                0x080166de   Data        3420  lcd.o(.constdata)
    FSMC_DefaultTimingStruct                 0x0801743c   Data          28  stm32f4xx_fsmc.o(.constdata)
    CPU_EndiannessTest                       0x08017558   Data           4  cpu_core.o(.constdata)
    OSCfg_IdleTaskStkBasePtr                 0x080175f0   Data           4  os_cfg_app.o(.constdata)
    OSCfg_IdleTaskStkLimit                   0x080175f4   Data           4  os_cfg_app.o(.constdata)
    OSCfg_IdleTaskStkSize                    0x080175f8   Data           4  os_cfg_app.o(.constdata)
    OSCfg_IdleTaskStkSizeRAM                 0x080175fc   Data           4  os_cfg_app.o(.constdata)
    OSCfg_IntQBasePtr                        0x08017600   Data           4  os_cfg_app.o(.constdata)
    OSCfg_IntQSize                           0x08017604   Data           2  os_cfg_app.o(.constdata)
    OSCfg_IntQSizeRAM                        0x08017608   Data           4  os_cfg_app.o(.constdata)
    OSCfg_IntQTaskStkBasePtr                 0x0801760c   Data           4  os_cfg_app.o(.constdata)
    OSCfg_IntQTaskStkLimit                   0x08017610   Data           4  os_cfg_app.o(.constdata)
    OSCfg_IntQTaskStkSize                    0x08017614   Data           4  os_cfg_app.o(.constdata)
    OSCfg_IntQTaskStkSizeRAM                 0x08017618   Data           4  os_cfg_app.o(.constdata)
    OSCfg_ISRStkBasePtr                      0x0801761c   Data           4  os_cfg_app.o(.constdata)
    OSCfg_ISRStkSize                         0x08017620   Data           4  os_cfg_app.o(.constdata)
    OSCfg_ISRStkSizeRAM                      0x08017624   Data           4  os_cfg_app.o(.constdata)
    OSCfg_MsgPoolSize                        0x08017628   Data           2  os_cfg_app.o(.constdata)
    OSCfg_MsgPoolSizeRAM                     0x0801762c   Data           4  os_cfg_app.o(.constdata)
    OSCfg_MsgPoolBasePtr                     0x08017630   Data           4  os_cfg_app.o(.constdata)
    OSCfg_StatTaskPrio                       0x08017634   Data           1  os_cfg_app.o(.constdata)
    OSCfg_StatTaskRate_Hz                    0x08017638   Data           4  os_cfg_app.o(.constdata)
    OSCfg_StatTaskStkBasePtr                 0x0801763c   Data           4  os_cfg_app.o(.constdata)
    OSCfg_StatTaskStkLimit                   0x08017640   Data           4  os_cfg_app.o(.constdata)
    OSCfg_StatTaskStkSize                    0x08017644   Data           4  os_cfg_app.o(.constdata)
    OSCfg_StatTaskStkSizeRAM                 0x08017648   Data           4  os_cfg_app.o(.constdata)
    OSCfg_StkSizeMin                         0x0801764c   Data           4  os_cfg_app.o(.constdata)
    OSCfg_TickRate_Hz                        0x08017650   Data           4  os_cfg_app.o(.constdata)
    OSCfg_TickTaskPrio                       0x08017654   Data           1  os_cfg_app.o(.constdata)
    OSCfg_TickTaskStkBasePtr                 0x08017658   Data           4  os_cfg_app.o(.constdata)
    OSCfg_TickTaskStkLimit                   0x0801765c   Data           4  os_cfg_app.o(.constdata)
    OSCfg_TickTaskStkSize                    0x08017660   Data           4  os_cfg_app.o(.constdata)
    OSCfg_TickTaskStkSizeRAM                 0x08017664   Data           4  os_cfg_app.o(.constdata)
    OSCfg_TickWheelSize                      0x08017668   Data           2  os_cfg_app.o(.constdata)
    OSCfg_TickWheelSizeRAM                   0x0801766c   Data           4  os_cfg_app.o(.constdata)
    OSCfg_TmrTaskPrio                        0x08017670   Data           1  os_cfg_app.o(.constdata)
    OSCfg_TmrTaskRate_Hz                     0x08017674   Data           4  os_cfg_app.o(.constdata)
    OSCfg_TmrTaskStkBasePtr                  0x08017678   Data           4  os_cfg_app.o(.constdata)
    OSCfg_TmrTaskStkLimit                    0x0801767c   Data           4  os_cfg_app.o(.constdata)
    OSCfg_TmrTaskStkSize                     0x08017680   Data           4  os_cfg_app.o(.constdata)
    OSCfg_TmrTaskStkSizeRAM                  0x08017684   Data           4  os_cfg_app.o(.constdata)
    OSCfg_TmrWheelSize                       0x08017688   Data           2  os_cfg_app.o(.constdata)
    OSCfg_TmrWheelSizeRAM                    0x0801768c   Data           4  os_cfg_app.o(.constdata)
    OSCfg_DataSizeRAM                        0x08017690   Data           4  os_cfg_app.o(.constdata)
    OSDbg_DbgEn                              0x08017694   Data           2  os_dbg.o(.constdata)
    OSDbg_ArgChkEn                           0x08017696   Data           1  os_dbg.o(.constdata)
    OSDbg_AppHooksEn                         0x08017697   Data           1  os_dbg.o(.constdata)
    OSDbg_EndiannessTest                     0x08017698   Data           4  os_dbg.o(.constdata)
    OSDbg_CalledFromISRChkEn                 0x0801769c   Data           1  os_dbg.o(.constdata)
    OSDbg_FlagEn                             0x0801769d   Data           1  os_dbg.o(.constdata)
    OSDbg_FlagGrp                            0x080176a0   Data          40  os_dbg.o(.constdata)
    OSDbg_FlagDelEn                          0x080176c8   Data           1  os_dbg.o(.constdata)
    OSDbg_FlagModeClrEn                      0x080176c9   Data           1  os_dbg.o(.constdata)
    OSDbg_FlagPendAbortEn                    0x080176ca   Data           1  os_dbg.o(.constdata)
    OSDbg_FlagGrpSize                        0x080176cc   Data           2  os_dbg.o(.constdata)
    OSDbg_FlagWidth                          0x080176ce   Data           2  os_dbg.o(.constdata)
    OSDbg_IntQ                               0x080176d0   Data           2  os_dbg.o(.constdata)
    OSDbg_ISRPostDeferredEn                  0x080176d2   Data           1  os_dbg.o(.constdata)
    OSDbg_Mem                                0x080176d4   Data          32  os_dbg.o(.constdata)
    OSDbg_MemEn                              0x080176f4   Data           1  os_dbg.o(.constdata)
    OSDbg_MemSize                            0x080176f6   Data           2  os_dbg.o(.constdata)
    OSDbg_MsgEn                              0x080176f8   Data           1  os_dbg.o(.constdata)
    OSDbg_MsgSize                            0x080176fa   Data           2  os_dbg.o(.constdata)
    OSDbg_MsgPoolSize                        0x080176fc   Data           2  os_dbg.o(.constdata)
    OSDbg_MsgQSize                           0x080176fe   Data           2  os_dbg.o(.constdata)
    OSDbg_Mutex                              0x08017700   Data          44  os_dbg.o(.constdata)
    OSDbg_MutexEn                            0x0801772c   Data           1  os_dbg.o(.constdata)
    OSDbg_MutexDelEn                         0x0801772d   Data           1  os_dbg.o(.constdata)
    OSDbg_MutexPendAbortEn                   0x0801772e   Data           1  os_dbg.o(.constdata)
    OSDbg_MutexSize                          0x08017730   Data           2  os_dbg.o(.constdata)
    OSDbg_ObjTypeChkEn                       0x08017732   Data           1  os_dbg.o(.constdata)
    OSDbg_PendMultiEn                        0x08017733   Data           1  os_dbg.o(.constdata)
    OSDbg_PendDataSize                       0x08017734   Data           2  os_dbg.o(.constdata)
    OSDbg_PendListSize                       0x08017736   Data           2  os_dbg.o(.constdata)
    OSDbg_PendObjSize                        0x08017738   Data           2  os_dbg.o(.constdata)
    OSDbg_PrioMax                            0x0801773a   Data           2  os_dbg.o(.constdata)
    OSDbg_PrioTblSize                        0x0801773c   Data           2  os_dbg.o(.constdata)
    OSDbg_PtrSize                            0x0801773e   Data           2  os_dbg.o(.constdata)
    OSDbg_Q                                  0x08017740   Data          48  os_dbg.o(.constdata)
    OSDbg_QEn                                0x08017770   Data           1  os_dbg.o(.constdata)
    OSDbg_QDelEn                             0x08017771   Data           1  os_dbg.o(.constdata)
    OSDbg_QFlushEn                           0x08017772   Data           1  os_dbg.o(.constdata)
    OSDbg_QPendAbortEn                       0x08017773   Data           1  os_dbg.o(.constdata)
    OSDbg_QSize                              0x08017774   Data           2  os_dbg.o(.constdata)
    OSDbg_SchedRoundRobinEn                  0x08017776   Data           1  os_dbg.o(.constdata)
    OSDbg_Sem                                0x08017778   Data          40  os_dbg.o(.constdata)
    OSDbg_SemEn                              0x080177a0   Data           1  os_dbg.o(.constdata)
    OSDbg_SemDelEn                           0x080177a1   Data           1  os_dbg.o(.constdata)
    OSDbg_SemPendAbortEn                     0x080177a2   Data           1  os_dbg.o(.constdata)
    OSDbg_SemSetEn                           0x080177a3   Data           1  os_dbg.o(.constdata)
    OSDbg_SemSize                            0x080177a4   Data           2  os_dbg.o(.constdata)
    OSDbg_RdyList                            0x080177a6   Data           2  os_dbg.o(.constdata)
    OSDbg_RdyListSize                        0x080177a8   Data           4  os_dbg.o(.constdata)
    OSDbg_StkWidth                           0x080177ac   Data           1  os_dbg.o(.constdata)
    OSDbg_StatTaskEn                         0x080177ad   Data           1  os_dbg.o(.constdata)
    OSDbg_StatTaskStkChkEn                   0x080177ae   Data           1  os_dbg.o(.constdata)
    OSDbg_TaskChangePrioEn                   0x080177af   Data           1  os_dbg.o(.constdata)
    OSDbg_TaskDelEn                          0x080177b0   Data           1  os_dbg.o(.constdata)
    OSDbg_TaskQEn                            0x080177b1   Data           1  os_dbg.o(.constdata)
    OSDbg_TaskQPendAbortEn                   0x080177b2   Data           1  os_dbg.o(.constdata)
    OSDbg_TaskProfileEn                      0x080177b3   Data           1  os_dbg.o(.constdata)
    OSDbg_TaskRegTblSize                     0x080177b4   Data           2  os_dbg.o(.constdata)
    OSDbg_TaskSemPendAbortEn                 0x080177b6   Data           1  os_dbg.o(.constdata)
    OSDbg_TaskSuspendEn                      0x080177b7   Data           1  os_dbg.o(.constdata)
    OSDbg_TCBSize                            0x080177b8   Data           2  os_dbg.o(.constdata)
    OSDbg_TickSpokeSize                      0x080177ba   Data           2  os_dbg.o(.constdata)
    OSDbg_TimeDlyHMSMEn                      0x080177bc   Data           1  os_dbg.o(.constdata)
    OSDbg_TimeDlyResumeEn                    0x080177bd   Data           1  os_dbg.o(.constdata)
    OSDbg_TLS_TblSize                        0x080177be   Data           2  os_dbg.o(.constdata)
    OSDbg_Tmr                                0x080177c0   Data          52  os_dbg.o(.constdata)
    OSDbg_TmrEn                              0x080177f4   Data           1  os_dbg.o(.constdata)
    OSDbg_TmrDelEn                           0x080177f5   Data           1  os_dbg.o(.constdata)
    OSDbg_TmrSize                            0x080177f6   Data           2  os_dbg.o(.constdata)
    OSDbg_TmrSpokeSize                       0x080177f8   Data           2  os_dbg.o(.constdata)
    OSDbg_VersionNbr                         0x080177fa   Data           2  os_dbg.o(.constdata)
    OSDbg_DataSize                           0x080177fc   Data           4  os_dbg.o(.constdata)
    memtblsize                               0x08017800   Data          12  malloc.o(.constdata)
    memblksize                               0x0801780c   Data          12  malloc.o(.constdata)
    memsize                                  0x08017818   Data          12  malloc.o(.constdata)
    Region$$Table$$Base                      0x08017970   Number         0  anon$$obj.o(Region$$Table)
    Region$$Table$$Limit                     0x08017990   Number         0  anon$$obj.o(Region$$Table)
    mem3base                                 0x10000000   Data       61440  malloc.o(.ARM.__AT_0x10000000)
    mem3mapbase                              0x1000f000   Data        3840  malloc.o(.ARM.__AT_0x1000F000)
    SystemCoreClock                          0x20000000   Data           4  system_stm32f4xx.o(.data)
    AHBPrescTable                            0x20000004   Data          16  system_stm32f4xx.o(.data)
    right_speed                              0x2000004c   Data           4  contact.o(.data)
    left_speed                               0x20000050   Data           4  contact.o(.data)
    speed_array                              0x20000054   Data           4  contact.o(.data)
    speed_array2                             0x20000058   Data           4  contact.o(.data)
    Can_Speed_Head                           0x2000005c   Data           4  contact.o(.data)
    position_x                               0x20000060   Data           4  odometry.o(.data)
    position_y                               0x20000064   Data           4  odometry.o(.data)
    oriention                                0x20000068   Data           4  odometry.o(.data)
    velocity_linear                          0x2000006c   Data           4  odometry.o(.data)
    velocity_angular                         0x20000070   Data           4  odometry.o(.data)
    Milemeter_L_Motor                        0x20000074   Data           4  odometry.o(.data)
    Milemeter_R_Motor                        0x20000078   Data           4  odometry.o(.data)
    wheel_interval                           0x2000007c   Data           4  odometry.o(.data)
    wheel_diameter                           0x20000080   Data           4  odometry.o(.data)
    dt                                       0x20000084   Data           4  odometry.o(.data)
    dt_x                                     0x20000088   Data           4  odometry.o(.data)
    oriention_interval                       0x2000008c   Data           4  odometry.o(.data)
    line_number                              0x20000090   Data           4  odometry.o(.data)
    pi_1_2                                   0x20000094   Data           4  odometry.o(.data)
    pi                                       0x20000098   Data           4  odometry.o(.data)
    pi_3_2                                   0x2000009c   Data           4  odometry.o(.data)
    pi_2_1                                   0x200000a0   Data           4  odometry.o(.data)
    delta_distance                           0x200000a4   Data           4  odometry.o(.data)
    delta_oriention                          0x200000a8   Data           4  odometry.o(.data)
    const_frame                              0x200000ac   Data           4  odometry.o(.data)
    const_angle                              0x200000b0   Data           4  odometry.o(.data)
    distance_sum                             0x200000b4   Data           4  odometry.o(.data)
    distance_diff                            0x200000b8   Data           4  odometry.o(.data)
    oriention_1                              0x200000bc   Data           4  odometry.o(.data)
    sin_                                     0x200000c0   Data           4  odometry.o(.data)
    cos_                                     0x200000c4   Data           4  odometry.o(.data)
    once                                     0x200000c8   Data           1  odometry.o(.data)
    charge_status_push                       0x2000010e   Data           1  main.o(.data)
    Battery_Status_Temp                      0x2000010f   Data           1  main.o(.data)
    tmr1sta                                  0x20000110   Data           1  main.o(.data)
    odom_rate_seconds                        0x20000114   Data           4  main.o(.data)
    Control_Authority                        0x20000118   Data           1  main.o(.data)
    leftdata                                 0x2000011c   Data           4  main.o(.data)
    rightdata                                0x20000120   Data           4  main.o(.data)
    battery_v                                0x20000124   Data           4  main.o(.data)
    x_data                                   0x20000128   Data           4  main.o(.data)
    y_data                                   0x2000012c   Data           4  main.o(.data)
    theta_data                               0x20000130   Data           4  main.o(.data)
    vel_linear                               0x20000134   Data           4  main.o(.data)
    vel_angular                              0x20000138   Data           4  main.o(.data)
    POINT_COLOR                              0x2000013e   Data           2  lcd.o(.data)
    BACK_COLOR                               0x20000140   Data           2  lcd.o(.data)
    RmtSta                                   0x20000150   Data           1  remote.o(.data)
    Dval                                     0x20000152   Data           2  remote.o(.data)
    RmtRec                                   0x20000154   Data           4  remote.o(.data)
    RmtCnt                                   0x20000158   Data           1  remote.o(.data)
    __stdout                                 0x200001f4   Data           4  usart.o(.data)
    USART_RX_LEN                             0x200001f8   Data           2  usart.o(.data)
    UART4_RX_LEN                             0x200001fa   Data           2  usart.o(.data)
    UART3_RX_LEN                             0x200001fc   Data           2  usart.o(.data)
    CPU_TS_TmrFreq_Hz                        0x20000200   Data           4  cpu_core.o(.data)
    Mem_PoolTbl                              0x20000204   Data           4  lib_mem.o(.data)
    OSPrioTbl                                0x20000208   Data           8  os_prio.o(.data)
    OS_AppTaskCreateHookPtr                  0x20000210   Data           4  os_var.o(.data)
    OS_AppTaskDelHookPtr                     0x20000214   Data           4  os_var.o(.data)
    OS_AppTaskReturnHookPtr                  0x20000218   Data           4  os_var.o(.data)
    OS_AppIdleTaskHookPtr                    0x2000021c   Data           4  os_var.o(.data)
    OS_AppStatTaskHookPtr                    0x20000220   Data           4  os_var.o(.data)
    OS_AppTaskSwHookPtr                      0x20000224   Data           4  os_var.o(.data)
    OS_AppTimeTickHookPtr                    0x20000228   Data           4  os_var.o(.data)
    OSIdleTaskCtr                            0x2000022c   Data           4  os_var.o(.data)
    OSIntNestingCtr                          0x20000230   Data           1  os_var.o(.data)
    OSRunning                                0x20000231   Data           1  os_var.o(.data)
    OSIntQInPtr                              0x20000234   Data           4  os_var.o(.data)
    OSIntQOutPtr                             0x20000238   Data           4  os_var.o(.data)
    OSIntQNbrEntries                         0x2000023c   Data           2  os_var.o(.data)
    OSIntQNbrEntriesMax                      0x2000023e   Data           2  os_var.o(.data)
    OSIntQOvfCtr                             0x20000240   Data           2  os_var.o(.data)
    OSIntQTaskTimeMax                        0x20000244   Data           4  os_var.o(.data)
    OSFlagDbgListPtr                         0x20000248   Data           4  os_var.o(.data)
    OSFlagQty                                0x2000024c   Data           2  os_var.o(.data)
    OSMemDbgListPtr                          0x20000250   Data           4  os_var.o(.data)
    OSMemQty                                 0x20000254   Data           2  os_var.o(.data)
    OSMutexDbgListPtr                        0x20000258   Data           4  os_var.o(.data)
    OSMutexQty                               0x2000025c   Data           2  os_var.o(.data)
    OSPrioCur                                0x2000025e   Data           1  os_var.o(.data)
    OSPrioHighRdy                            0x2000025f   Data           1  os_var.o(.data)
    OSPrioSaved                              0x20000260   Data           1  os_var.o(.data)
    OSQDbgListPtr                            0x20000264   Data           4  os_var.o(.data)
    OSQQty                                   0x20000268   Data           2  os_var.o(.data)
    OSSchedLockTimeBegin                     0x2000026c   Data           4  os_var.o(.data)
    OSSchedLockTimeMax                       0x20000270   Data           4  os_var.o(.data)
    OSSchedLockTimeMaxCur                    0x20000274   Data           4  os_var.o(.data)
    OSSchedLockNestingCtr                    0x20000278   Data           1  os_var.o(.data)
    OSSchedRoundRobinDfltTimeQuanta          0x2000027c   Data           4  os_var.o(.data)
    OSSchedRoundRobinEn                      0x20000280   Data           1  os_var.o(.data)
    OSSemDbgListPtr                          0x20000284   Data           4  os_var.o(.data)
    OSSemQty                                 0x20000288   Data           2  os_var.o(.data)
    OSStatResetFlag                          0x2000028a   Data           1  os_var.o(.data)
    OSStatTaskCPUUsage                       0x2000028c   Data           2  os_var.o(.data)
    OSStatTaskCPUUsageMax                    0x2000028e   Data           2  os_var.o(.data)
    OSStatTaskCtr                            0x20000290   Data           4  os_var.o(.data)
    OSStatTaskCtrMax                         0x20000294   Data           4  os_var.o(.data)
    OSStatTaskCtrRun                         0x20000298   Data           4  os_var.o(.data)
    OSStatTaskRdy                            0x2000029c   Data           1  os_var.o(.data)
    OSStatTaskTimeMax                        0x200002a0   Data           4  os_var.o(.data)
    OSTaskCtxSwCtr                           0x200002a4   Data           4  os_var.o(.data)
    OSTaskDbgListPtr                         0x200002a8   Data           4  os_var.o(.data)
    OSTaskQty                                0x200002ac   Data           2  os_var.o(.data)
    OSTaskRegNextAvailID                     0x200002ae   Data           1  os_var.o(.data)
    OSTickCtr                                0x200002b0   Data           4  os_var.o(.data)
    OSTickTaskTimeMax                        0x200002b4   Data           4  os_var.o(.data)
    OSTmrDbgListPtr                          0x200002b8   Data           4  os_var.o(.data)
    OSTmrQty                                 0x200002bc   Data           2  os_var.o(.data)
    OSTmrTaskTimeMax                         0x200002c0   Data           4  os_var.o(.data)
    OSTmrTickCtr                             0x200002c4   Data           4  os_var.o(.data)
    OSTmrUpdateCnt                           0x200002c8   Data           4  os_var.o(.data)
    OSTmrUpdateCtr                           0x200002cc   Data           4  os_var.o(.data)
    OSTCBCurPtr                              0x200002d0   Data           4  os_var.o(.data)
    OSTCBHighRdyPtr                          0x200002d4   Data           4  os_var.o(.data)
    OS_CPU_ExceptStkBase                     0x200002d8   Data           4  os_cpu_c.o(.data)
    mallco_dev                               0x20000320   Data          36  malloc.o(.data)
    SendBuff                                 0x20000344   Data         256  main.o(.bss)
    battery_status_tmr1                      0x20000444   Data          52  main.o(.bss)
    MY_SEM                                   0x20000478   Data          40  main.o(.bss)
    Odom_Calculator_tmr2                     0x200004a0   Data          52  main.o(.bss)
    StartTaskTCB                             0x200004d4   Data         196  main.o(.bss)
    START_TASK_STK                           0x20000598   Data         512  main.o(.bss)
    Main_TaskTCB                             0x20000798   Data         196  main.o(.bss)
    MAIN_TASK_STK                            0x2000085c   Data         512  main.o(.bss)
    MOTOR_INIT_TaskTCB                       0x20000a5c   Data         196  main.o(.bss)
    MOTOR_INIT_TASK_STK                      0x20000b20   Data         512  main.o(.bss)
    Msgdis_TaskTCB                           0x20000d20   Data         196  main.o(.bss)
    MSGDIS_TASK_STK                          0x20000de4   Data         512  main.o(.bss)
    SPEED_TRANSFORM_TaskTCB                  0x20000fe4   Data         196  main.o(.bss)
    SPEED_TRANSFORM_TASK_STK                 0x200010a8   Data         512  main.o(.bss)
    UART1_ANALYZE_TaskTCB                    0x200012a8   Data         196  main.o(.bss)
    UART1_ANALYZE_TASK_STK                   0x2000136c   Data         512  main.o(.bss)
    ODOM_SEND_TaskTCB                        0x2000156c   Data         196  main.o(.bss)
    ODOM_SEND_TASK_STK                       0x20001630   Data         512  main.o(.bss)
    SENSOR_SEND_TaskTCB                      0x20001830   Data         196  main.o(.bss)
    SENSOR_SEND_TASK_STK                     0x200018f4   Data         512  main.o(.bss)
    DOOR_OPEN_TaskTCB                        0x20001af4   Data         196  main.o(.bss)
    DOOR_OPEN_TASK_STK                       0x20001bb8   Data         512  main.o(.bss)
    BATTERY_SEND_TaskTCB                     0x20001db8   Data         196  main.o(.bss)
    BATTERY_SEND_TASK_STK                    0x20001e7c   Data         512  main.o(.bss)
    REMOTE_CONTROL_TaskTCB                   0x2000207c   Data         196  main.o(.bss)
    REMOTE_CONTROL_TASK_STK                  0x20002140   Data         512  main.o(.bss)
    lcddev                                   0x20002340   Data          14  lcd.o(.bss)
    USART_RX_BUF                             0x2000234e   Data         100  usart.o(.bss)
    UART4_RX_BUF                             0x200023b2   Data         100  usart.o(.bss)
    UART3_RX_BUF                             0x20002416   Data         100  usart.o(.bss)
    CPU_Name                                 0x2000247a   Data          16  cpu_core.o(.bss)
    Mem_PoolHeap                             0x2000248c   Data          72  lib_mem.o(.bss)
    Mem_Heap                                 0x200024d4   Data          10  lib_mem.o(.bss)
    OSCfg_IdleTaskStk                        0x200024e0   Data         512  os_cfg_app.o(.bss)
    OSCfg_IntQ                               0x200026e0   Data         320  os_cfg_app.o(.bss)
    OSCfg_IntQTaskStk                        0x20002820   Data         512  os_cfg_app.o(.bss)
    OSCfg_ISRStk                             0x20002a20   Data         512  os_cfg_app.o(.bss)
    OSCfg_MsgPool                            0x20002c20   Data        1600  os_cfg_app.o(.bss)
    OSCfg_StatTaskStk                        0x20003260   Data         512  os_cfg_app.o(.bss)
    OSCfg_TickTaskStk                        0x20003460   Data         512  os_cfg_app.o(.bss)
    OSCfg_TickWheel                          0x20003660   Data         136  os_cfg_app.o(.bss)
    OSCfg_TmrTaskStk                         0x200036e8   Data         512  os_cfg_app.o(.bss)
    OSCfg_TmrWheel                           0x200038e8   Data         136  os_cfg_app.o(.bss)
    OSIdleTaskTCB                            0x20003970   Data         196  os_var.o(.bss)
    OSIntQTaskTCB                            0x20003a34   Data         196  os_var.o(.bss)
    OSMsgPool                                0x20003af8   Data          12  os_var.o(.bss)
    OSRdyList                                0x20003b04   Data         768  os_var.o(.bss)
    OSStatTaskTCB                            0x20003e04   Data         196  os_var.o(.bss)
    OSTickTaskTCB                            0x20003ec8   Data         196  os_var.o(.bss)
    OSTmrTaskTCB                             0x20003f8c   Data         196  os_var.o(.bss)
    mem1base                                 0x20004060   Data       102400  malloc.o(.bss)
    mem1mapbase                              0x2001d060   Data        6400  malloc.o(.bss)
    __libspace_start                         0x2001e960   Data          96  libspace.o(.bss)
    __temporary_stack_top$libspace           0x2001e9c0   Data           0  libspace.o(.bss)
    mem2base                                 0x68000000   Data       983040  malloc.o(.ARM.__AT_0x68000000)
    mem2mapbase                              0x680f0000   Data       61440  malloc.o(.ARM.__AT_0x680F0000)



==============================================================================

Memory Map of the image

  Image Entry point : 0x08000189

  Load Region LR_IROM1 (Base: 0x08000000, Size: 0x00017cd4, Max: 0x00100000, ABSOLUTE, COMPRESSED[0x00017a44])

    Execution Region ER_IROM1 (Base: 0x08000000, Size: 0x00017990, Max: 0x00100000, ABSOLUTE)

    Base Addr    Size         Type   Attr      Idx    E Section Name        Object

    0x08000000   0x00000188   Data   RO          594    RESET               startup_stm32f40_41xxx.o
    0x08000188   0x00000008   Code   RO         1419  * !!!main             c_w.l(__main.o)
    0x08000190   0x00000034   Code   RO         1709    !!!scatter          c_w.l(__scatter.o)
    0x080001c4   0x0000005a   Code   RO         1707    !!dczerorl2         c_w.l(__dczerorl2.o)
    0x0800021e   0x00000002   PAD
    0x08000220   0x0000001c   Code   RO         1711    !!handler_zi        c_w.l(__scatter_zi.o)
    0x0800023c   0x00000000   Code   RO         1416    .ARM.Collect$$_printf_percent$$00000000  c_w.l(_printf_percent.o)
    0x0800023c   0x00000006   Code   RO         1415    .ARM.Collect$$_printf_percent$$0000000C  c_w.l(_printf_x.o)
    0x08000242   0x00000004   Code   RO         1478    .ARM.Collect$$_printf_percent$$00000017  c_w.l(_printf_percent_end.o)
    0x08000246   0x00000002   Code   RO         1584    .ARM.Collect$$libinit$$00000000  c_w.l(libinit.o)
    0x08000248   0x00000004   Code   RO         1593    .ARM.Collect$$libinit$$00000001  c_w.l(libinit2.o)
    0x0800024c   0x00000000   Code   RO         1596    .ARM.Collect$$libinit$$00000004  c_w.l(libinit2.o)
    0x0800024c   0x00000000   Code   RO         1599    .ARM.Collect$$libinit$$0000000A  c_w.l(libinit2.o)
    0x0800024c   0x00000000   Code   RO         1601    .ARM.Collect$$libinit$$0000000C  c_w.l(libinit2.o)
    0x0800024c   0x00000000   Code   RO         1603    .ARM.Collect$$libinit$$0000000E  c_w.l(libinit2.o)
    0x0800024c   0x00000000   Code   RO         1606    .ARM.Collect$$libinit$$00000011  c_w.l(libinit2.o)
    0x0800024c   0x00000000   Code   RO         1608    .ARM.Collect$$libinit$$00000013  c_w.l(libinit2.o)
    0x0800024c   0x00000000   Code   RO         1610    .ARM.Collect$$libinit$$00000015  c_w.l(libinit2.o)
    0x0800024c   0x00000000   Code   RO         1612    .ARM.Collect$$libinit$$00000017  c_w.l(libinit2.o)
    0x0800024c   0x00000000   Code   RO         1614    .ARM.Collect$$libinit$$00000019  c_w.l(libinit2.o)
    0x0800024c   0x00000000   Code   RO         1616    .ARM.Collect$$libinit$$0000001B  c_w.l(libinit2.o)
    0x0800024c   0x00000000   Code   RO         1618    .ARM.Collect$$libinit$$0000001D  c_w.l(libinit2.o)
    0x0800024c   0x00000000   Code   RO         1620    .ARM.Collect$$libinit$$0000001F  c_w.l(libinit2.o)
    0x0800024c   0x00000000   Code   RO         1622    .ARM.Collect$$libinit$$00000021  c_w.l(libinit2.o)
    0x0800024c   0x00000000   Code   RO         1624    .ARM.Collect$$libinit$$00000023  c_w.l(libinit2.o)
    0x0800024c   0x00000000   Code   RO         1626    .ARM.Collect$$libinit$$00000025  c_w.l(libinit2.o)
    0x0800024c   0x00000000   Code   RO         1630    .ARM.Collect$$libinit$$0000002C  c_w.l(libinit2.o)
    0x0800024c   0x00000000   Code   RO         1632    .ARM.Collect$$libinit$$0000002E  c_w.l(libinit2.o)
    0x0800024c   0x00000000   Code   RO         1634    .ARM.Collect$$libinit$$00000030  c_w.l(libinit2.o)
    0x0800024c   0x00000000   Code   RO         1636    .ARM.Collect$$libinit$$00000032  c_w.l(libinit2.o)
    0x0800024c   0x00000002   Code   RO         1637    .ARM.Collect$$libinit$$00000033  c_w.l(libinit2.o)
    0x0800024e   0x00000002   Code   RO         1663    .ARM.Collect$$libshutdown$$00000000  c_w.l(libshutdown.o)
    0x08000250   0x00000000   Code   RO         1690    .ARM.Collect$$libshutdown$$00000002  c_w.l(libshutdown2.o)
    0x08000250   0x00000000   Code   RO         1692    .ARM.Collect$$libshutdown$$00000004  c_w.l(libshutdown2.o)
    0x08000250   0x00000000   Code   RO         1695    .ARM.Collect$$libshutdown$$00000007  c_w.l(libshutdown2.o)
    0x08000250   0x00000000   Code   RO         1698    .ARM.Collect$$libshutdown$$0000000A  c_w.l(libshutdown2.o)
    0x08000250   0x00000000   Code   RO         1700    .ARM.Collect$$libshutdown$$0000000C  c_w.l(libshutdown2.o)
    0x08000250   0x00000000   Code   RO         1703    .ARM.Collect$$libshutdown$$0000000F  c_w.l(libshutdown2.o)
    0x08000250   0x00000002   Code   RO         1704    .ARM.Collect$$libshutdown$$00000010  c_w.l(libshutdown2.o)
    0x08000252   0x00000000   Code   RO         1467    .ARM.Collect$$rtentry$$00000000  c_w.l(__rtentry.o)
    0x08000252   0x00000000   Code   RO         1519    .ARM.Collect$$rtentry$$00000002  c_w.l(__rtentry2.o)
    0x08000252   0x00000006   Code   RO         1531    .ARM.Collect$$rtentry$$00000004  c_w.l(__rtentry4.o)
    0x08000258   0x00000000   Code   RO         1521    .ARM.Collect$$rtentry$$00000009  c_w.l(__rtentry2.o)
    0x08000258   0x00000004   Code   RO         1522    .ARM.Collect$$rtentry$$0000000A  c_w.l(__rtentry2.o)
    0x0800025c   0x00000000   Code   RO         1524    .ARM.Collect$$rtentry$$0000000C  c_w.l(__rtentry2.o)
    0x0800025c   0x00000008   Code   RO         1525    .ARM.Collect$$rtentry$$0000000D  c_w.l(__rtentry2.o)
    0x08000264   0x00000002   Code   RO         1585    .ARM.Collect$$rtexit$$00000000  c_w.l(rtexit.o)
    0x08000266   0x00000000   Code   RO         1639    .ARM.Collect$$rtexit$$00000002  c_w.l(rtexit2.o)
    0x08000266   0x00000004   Code   RO         1640    .ARM.Collect$$rtexit$$00000003  c_w.l(rtexit2.o)
    0x0800026a   0x00000006   Code   RO         1641    .ARM.Collect$$rtexit$$00000004  c_w.l(rtexit2.o)
    0x08000270   0x00000016   Code   RO            3    .text               stm32f4xx_it.o
    0x08000286   0x00000002   PAD
    0x08000288   0x00000210   Code   RO          133    .text               system_stm32f4xx.o
    0x08000498   0x00000164   Code   RO          159    .text               contact.o
    0x080005fc   0x00000194   Code   RO          212    .text               encoder.o
    0x08000790   0x0000026c   Code   RO          241    .text               odometry.o
    0x080009fc   0x00000ed4   Code   RO          270    .text               main.o
    0x080018d0   0x00000040   Code   RO          390    .text               led.o
    0x08001910   0x00004ca8   Code   RO          410    .text               lcd.o
    0x080065b8   0x00000120   Code   RO          445    .text               key.o
    0x080066d8   0x00000078   Code   RO          466    .text               beep.o
    0x08006750   0x000000b0   Code   RO          486    .text               dma.o
    0x08006800   0x00000134   Code   RO          506    .text               timer.o
    0x08006934   0x00000184   Code   RO          528    .text               can.o
    0x08006ab8   0x000000e0   Code   RO          548    .text               adc.o
    0x08006b98   0x000002e0   Code   RO          568    .text               remote.o
    0x08006e78   0x00000040   Code   RO          595    .text               startup_stm32f40_41xxx.o
    0x08006eb8   0x000000e0   Code   RO          601    .text               misc.o
    0x08006f98   0x00000464   Code   RO          621    .text               stm32f4xx_adc.o
    0x080073fc   0x00000294   Code   RO          641    .text               stm32f4xx_gpio.o
    0x08007690   0x000005c8   Code   RO          661    .text               stm32f4xx_fsmc.o
    0x08007c58   0x0000065c   Code   RO          684    .text               stm32f4xx_rcc.o
    0x080082b4   0x00000454   Code   RO          706    .text               stm32f4xx_usart.o
    0x08008708   0x00000ca2   Code   RO          726    .text               stm32f4xx_tim.o
    0x080093aa   0x00000002   PAD
    0x080093ac   0x000003a8   Code   RO          746    .text               stm32f4xx_dma.o
    0x08009754   0x0000016c   Code   RO          766    .text               stm32f4xx_pwr.o
    0x080098c0   0x00000110   Code   RO          786    .text               stm32f4xx_exti.o
    0x080099d0   0x000009f0   Code   RO          806    .text               stm32f4xx_can.o
    0x0800a3c0   0x00000148   Code   RO          846    .text               delay.o
    0x0800a508   0x000005e4   Code   RO          886    .text               usart.o
    0x0800aaec   0x00000084   Code   RO          919    .text               bsp.o
    0x0800ab70   0x000002a8   Code   RO          952    .text               cpu_core.o
    0x0800ae18   0x00000034   Code   RO          978    .text               cpu_a.o
    0x0800ae4c   0x00000256   Code   RO          981    .text               lib_ascii.o
    0x0800b0a2   0x00000002   PAD
    0x0800b0a4   0x000009c6   Code   RO         1014    .text               lib_mem.o
    0x0800ba6a   0x00000002   PAD
    0x0800ba6c   0x0000092c   Code   RO         1033    .text               lib_str.o
    0x0800c398   0x00000220   Code   RO         1050    .text               lib_mem_a.o
    0x0800c5b8   0x000000fc   Code   RO         1053    .text               os_cfg_app.o
    0x0800c6b4   0x00000df0   Code   RO         1076    .text               os_core.o
    0x0800d4a4   0x000001b0   Code   RO         1088    .text               os_dbg.o
    0x0800d654   0x00000e28   Code   RO         1103    .text               os_flag.o
    0x0800e47c   0x00000444   Code   RO         1115    .text               os_int.o
    0x0800e8c0   0x00000238   Code   RO         1127    .text               os_mem.o
    0x0800eaf8   0x0000022c   Code   RO         1139    .text               os_msg.o
    0x0800ed24   0x00000ad4   Code   RO         1151    .text               os_mutex.o
    0x0800f7f8   0x0000007c   Code   RO         1169    .text               os_prio.o
    0x0800f874   0x000008d8   Code   RO         1188    .text               os_q.o
    0x0801014c   0x00000830   Code   RO         1200    .text               os_sem.o
    0x0801097c   0x00000638   Code   RO         1212    .text               os_stat.o
    0x08010fb4   0x00001bb4   Code   RO         1224    .text               os_task.o
    0x08012b68   0x000004fc   Code   RO         1236    .text               os_tick.o
    0x08013064   0x00000564   Code   RO         1248    .text               os_time.o
    0x080135c8   0x00000818   Code   RO         1260    .text               os_tmr.o
    0x08013de0   0x000003f8   Code   RO         1288    .text               os_cpu_c.o
    0x080141d8   0x0000022c   Code   RO         1332    .text               malloc.o
    0x08014404   0x00000002   Code   RO         1364    .text               c_w.l(use_no_semi_2.o)
    0x08014406   0x000000ee   Code   RO         1366    .text               c_w.l(lludivv7m.o)
    0x080144f4   0x00000018   Code   RO         1370    .text               c_w.l(noretval__2printf.o)
    0x0801450c   0x00000068   Code   RO         1372    .text               c_w.l(__printf.o)
    0x08014574   0x00000058   Code   RO         1377    .text               c_w.l(_printf_hex_int.o)
    0x080145cc   0x00000006   Code   RO         1417    .text               c_w.l(heapauxi.o)
    0x080145d2   0x00000002   Code   RO         1465    .text               c_w.l(use_no_semi.o)
    0x080145d4   0x00000016   Code   RO         1472    .text               c_w.l(_rserrno.o)
    0x080145ea   0x000000b2   Code   RO         1474    .text               c_w.l(_printf_intcommon.o)
    0x0801469c   0x00000024   Code   RO         1476    .text               c_w.l(_printf_char_file.o)
    0x080146c0   0x00000008   Code   RO         1538    .text               c_w.l(rt_errno_addr_intlibspace.o)
    0x080146c8   0x00000030   Code   RO         1540    .text               c_w.l(_printf_char_common.o)
    0x080146f8   0x00000008   Code   RO         1542    .text               c_w.l(ferror.o)
    0x08014700   0x00000008   Code   RO         1566    .text               c_w.l(libspace.o)
    0x08014708   0x0000004a   Code   RO         1569    .text               c_w.l(sys_stackheap_outer.o)
    0x08014752   0x00000012   Code   RO         1573    .text               c_w.l(exit.o)
    0x08014764   0x000000ac   Code   RO         1312    CODE                os_cpu_a.o
    0x08014810   0x00000030   Code   RO         1562    i.__ARM_fpclassify  m_wm.l(fpclassify.o)
    0x08014840   0x000000c8   Code   RO         1441    i.__hardfp_cos      m_wm.l(cos.o)
    0x08014908   0x000000c8   Code   RO         1453    i.__hardfp_sin      m_wm.l(sin.o)
    0x080149d0   0x00000438   Code   RO         1507    i.__ieee754_rem_pio2  m_wm.l(rred.o)
    0x08014e08   0x00000170   Code   RO         1490    i.__kernel_cos      m_wm.l(cos_i.o)
    0x08014f78   0x000000f8   Code   RO         1564    i.__kernel_poly     m_wm.l(poly.o)
    0x08015070   0x00000130   Code   RO         1512    i.__kernel_sin      m_wm.l(sin_i.o)
    0x080151a0   0x00000014   Code   RO         1494    i.__mathlib_dbl_infnan  m_wm.l(dunder.o)
    0x080151b4   0x00000004   PAD
    0x080151b8   0x00000020   Code   RO         1496    i.__mathlib_dbl_invalid  m_wm.l(dunder.o)
    0x080151d8   0x00000020   Code   RO         1499    i.__mathlib_dbl_underflow  m_wm.l(dunder.o)
    0x080151f8   0x00000018   Code   RO         1558    i.fabs              m_wm.l(fabs.o)
    0x08015210   0x00000018   Code   RO         1479    x$fpl$basic         fz_wm.l(basic.o)
    0x08015228   0x00000062   Code   RO         1421    x$fpl$d2f           fz_wm.l(d2f.o)
    0x0801528a   0x00000002   PAD
    0x0801528c   0x00000150   Code   RO         1546    x$fpl$dadd          fz_wm.l(daddsub_clz.o)
    0x080153dc   0x000002b0   Code   RO         1553    x$fpl$ddiv          fz_wm.l(ddiv.o)
    0x0801568c   0x0000005e   Code   RO         1423    x$fpl$dfix          fz_wm.l(dfix.o)
    0x080156ea   0x00000002   PAD
    0x080156ec   0x0000005a   Code   RO         1427    x$fpl$dfixu         fz_wm.l(dfixu.o)
    0x08015746   0x0000002e   Code   RO         1432    x$fpl$dflt          fz_wm.l(dflt_clz.o)
    0x08015774   0x00000026   Code   RO         1431    x$fpl$dfltu         fz_wm.l(dflt_clz.o)
    0x0801579a   0x00000002   PAD
    0x0801579c   0x00000154   Code   RO         1437    x$fpl$dmul          fz_wm.l(dmul.o)
    0x080158f0   0x0000009c   Code   RO         1481    x$fpl$dnaninf       fz_wm.l(dnaninf.o)
    0x0801598c   0x0000000c   Code   RO         1483    x$fpl$dretinf       fz_wm.l(dretinf.o)
    0x08015998   0x00000016   Code   RO         1547    x$fpl$drsb          fz_wm.l(daddsub_clz.o)
    0x080159ae   0x00000002   PAD
    0x080159b0   0x000001d4   Code   RO         1548    x$fpl$dsub          fz_wm.l(daddsub_clz.o)
    0x08015b84   0x00000056   Code   RO         1439    x$fpl$f2d           fz_wm.l(f2d.o)
    0x08015bda   0x0000008c   Code   RO         1485    x$fpl$fnaninf       fz_wm.l(fnaninf.o)
    0x08015c66   0x0000000a   Code   RO         1651    x$fpl$fpinit        fz_wm.l(fpinit.o)
    0x08015c70   0x0000000a   Code   RO         1487    x$fpl$fretinf       fz_wm.l(fretinf.o)
    0x08015c7a   0x00000000   Code   RO         1489    x$fpl$usenofp       fz_wm.l(usenofp.o)
    0x08015c7a   0x000017c0   Data   RO          412    .constdata          lcd.o
    0x0801743a   0x00000002   PAD
    0x0801743c   0x0000001c   Data   RO          662    .constdata          stm32f4xx_fsmc.o
    0x08017458   0x00000104   Data   RO          954    .constdata          cpu_core.o
    0x0801755c   0x00000094   Data   RO         1034    .constdata          lib_str.o
    0x080175f0   0x000000a4   Data   RO         1055    .constdata          os_cfg_app.o
    0x08017694   0x0000016c   Data   RO         1089    .constdata          os_dbg.o
    0x08017800   0x00000024   Data   RO         1338    .constdata          malloc.o
    0x08017824   0x00000028   Data   RO         1378    .constdata          c_w.l(_printf_hex_int.o)
    0x0801784c   0x00000004   PAD
    0x08017850   0x00000030   Data   RO         1491    .constdata          m_wm.l(cos_i.o)
    0x08017880   0x000000c8   Data   RO         1509    .constdata          m_wm.l(rred.o)
    0x08017948   0x00000028   Data   RO         1513    .constdata          m_wm.l(sin_i.o)
    0x08017970   0x00000020   Data   RO         1705    Region$$Table       anon$$obj.o


    Execution Region RW_IRAM1 (Base: 0x20000000, Size: 0x0001efc0, Max: 0x00020000, ABSOLUTE, COMPRESSED[0x000000b4])

    Base Addr    Size         Type   Attr      Idx    E Section Name        Object

    0x20000000   0x00000014   Data   RW          134    .data               system_stm32f4xx.o
    0x20000014   0x0000004c   Data   RW          160    .data               contact.o
    0x20000060   0x00000069   Data   RW          242    .data               odometry.o
    0x200000c9   0x00000003   PAD
    0x200000cc   0x00000072   Data   RW          273    .data               main.o
    0x2000013e   0x00000004   Data   RW          413    .data               lcd.o
    0x20000142   0x00000001   Data   RW          446    .data               key.o
    0x20000143   0x00000001   PAD
    0x20000144   0x00000009   Data   RW          507    .data               timer.o
    0x2000014d   0x00000003   PAD
    0x20000150   0x00000009   Data   RW          569    .data               remote.o
    0x20000159   0x00000010   Data   RW          685    .data               stm32f4xx_rcc.o
    0x20000169   0x00000003   PAD
    0x2000016c   0x00000044   Data   RW          847    .data               delay.o
    0x200001b0   0x0000004e   Data   RW          888    .data               usart.o
    0x200001fe   0x00000002   PAD
    0x20000200   0x00000004   Data   RW          955    .data               cpu_core.o
    0x20000204   0x00000004   Data   RW         1016    .data               lib_mem.o
    0x20000208   0x00000008   Data   RW         1170    .data               os_prio.o
    0x20000210   0x000000c8   Data   RW         1273    .data               os_var.o
    0x200002d8   0x00000045   Data   RW         1289    .data               os_cpu_c.o
    0x2000031d   0x00000003   PAD
    0x20000320   0x00000024   Data   RW         1339    .data               malloc.o
    0x20000344   0x00001ffc   Zero   RW          271    .bss                main.o
    0x20002340   0x0000000e   Zero   RW          411    .bss                lcd.o
    0x2000234e   0x0000012c   Zero   RW          887    .bss                usart.o
    0x2000247a   0x00000010   Zero   RW          953    .bss                cpu_core.o
    0x2000248a   0x00000002   PAD
    0x2000248c   0x00000052   Zero   RW         1015    .bss                lib_mem.o
    0x200024de   0x00000002   PAD
    0x200024e0   0x00001490   Zero   RW         1054    .bss                os_cfg_app.o
    0x20003970   0x000006e0   Zero   RW         1272    .bss                os_var.o
    0x20004050   0x00000010   PAD
    0x20004060   0x0001a900   Zero   RW         1337    .bss                malloc.o
    0x2001e960   0x00000060   Zero   RW         1567    .bss                c_w.l(libspace.o)
    0x2001e9c0   0x00000200   Zero   RW          593    HEAP                startup_stm32f40_41xxx.o
    0x2001ebc0   0x00000400   Zero   RW          592    STACK               startup_stm32f40_41xxx.o



  Load Region LR$$.ARM.__AT_0x10000000 (Base: 0x10000000, Size: 0x00000000, Max: 0x0000f000, ABSOLUTE)

    Execution Region ER$$.ARM.__AT_0x10000000 (Base: 0x10000000, Size: 0x0000f000, Max: 0x0000f000, ABSOLUTE, UNINIT)

    Base Addr    Size         Type   Attr      Idx    E Section Name        Object

    0x10000000   0x0000f000   Zero   RW         1333    .ARM.__AT_0x10000000  malloc.o



  Load Region LR$$.ARM.__AT_0x1000F000 (Base: 0x1000f000, Size: 0x00000000, Max: 0x00000f00, ABSOLUTE)

    Execution Region ER$$.ARM.__AT_0x1000F000 (Base: 0x1000f000, Size: 0x00000f00, Max: 0x00000f00, ABSOLUTE, UNINIT)

    Base Addr    Size         Type   Attr      Idx    E Section Name        Object

    0x1000f000   0x00000f00   Zero   RW         1334    .ARM.__AT_0x1000F000  malloc.o



  Load Region LR$$.ARM.__AT_0x68000000 (Base: 0x68000000, Size: 0x00000000, Max: 0x000f0000, ABSOLUTE)

    Execution Region ER$$.ARM.__AT_0x68000000 (Base: 0x68000000, Size: 0x000f0000, Max: 0x000f0000, ABSOLUTE, UNINIT)

    Base Addr    Size         Type   Attr      Idx    E Section Name        Object

    0x68000000   0x000f0000   Zero   RW         1335    .ARM.__AT_0x68000000  malloc.o



  Load Region LR$$.ARM.__AT_0x680F0000 (Base: 0x680f0000, Size: 0x00000000, Max: 0x0000f000, ABSOLUTE)

    Execution Region ER$$.ARM.__AT_0x680F0000 (Base: 0x680f0000, Size: 0x0000f000, Max: 0x0000f000, ABSOLUTE, UNINIT)

    Base Addr    Size         Type   Attr      Idx    E Section Name        Object

    0x680f0000   0x0000f000   Zero   RW         1336    .ARM.__AT_0x680F0000  malloc.o


==============================================================================

Image component sizes


      Code (inc. data)   RO Data    RW Data    ZI Data      Debug   Object Name

       224         10          0          0          0       1167   adc.o
       120          4          0          0          0        705   beep.o
       132         14          0          0          0       1215   bsp.o
       388          8          0          0          0       2236   can.o
       356         40          0         76          0       2690   contact.o
        52          0          0          0          0        328   cpu_a.o
       680         14        260          4         16      14723   cpu_core.o
       328         24          0         68          0       2189   delay.o
       176          6          0          0          0       1376   dma.o
       404         16          0          0          0       1123   encoder.o
       288         14          0          1          0        904   key.o
     19624        168       6080          4         14      22830   lcd.o
        64          6          0          0          0        527   led.o
       598          0          0          0          0       3968   lib_ascii.o
      2502         34          0          4         82      22360   lib_mem.o
       544          0          0          0          0        476   lib_mem_a.o
      2348          6        148          0          0      13894   lib_str.o
      3796        490          0        114       8188      50238   main.o
       556         18         36         36    1218560       4989   malloc.o
       224         20          0          0          0       1957   misc.o
       620         88          0        105          0       1968   odometry.o
       252        166        164          0       5264      20898   os_cfg_app.o
      3568        284          0          0          0      12625   os_core.o
       172         32          0          0          0        396   os_cpu_a.o
      1016         64          0         69          0       4377   os_cpu_c.o
       432        286        364          0          0       4761   os_dbg.o
      3624        110          0          0          0       8259   os_flag.o
      1092        146          0          0          0       2368   os_int.o
       568         20          0          0          0       2888   os_mem.o
       556         12          0          0          0       2875   os_msg.o
      2772        114          0          0          0       5794   os_mutex.o
       124          4          0          8          0       1904   os_prio.o
      2264         76          0          0          0       6556   os_q.o
      2096         70          0          0          0       6576   os_sem.o
      1592        180          0          0          0       2849   os_stat.o
      7092        270          0          0          0      14402   os_task.o
      1276         90          0          0          0       3465   os_tick.o
      1380         46          0          0          0       3321   os_time.o
      2072        140          0          0          0       6702   os_tmr.o
         0          0          0        200       1760      19333   os_var.o
       736         28          0          9          0       1870   remote.o
        64         26        392          0       1536        836   startup_stm32f40_41xxx.o
      1124         24          0          0          0      10826   stm32f4xx_adc.o
      2544         38          0          0          0       8280   stm32f4xx_can.o
       936         32          0          0          0       6529   stm32f4xx_dma.o
       272         10          0          0          0       2427   stm32f4xx_exti.o
      1480         18         28          0          0       5810   stm32f4xx_fsmc.o
       660         44          0          0          0       4293   stm32f4xx_gpio.o
        22          0          0          0          0     327955   stm32f4xx_it.o
       364         12          0          0          0       3843   stm32f4xx_pwr.o
      1628         52          0         16          0      13196   stm32f4xx_rcc.o
      3234         60          0          0          0      23148   stm32f4xx_tim.o
      1108         34          0          0          0       8020   stm32f4xx_usart.o
       528         46          0         20          0       1827   system_stm32f4xx.o
       308         26          0          9          0       1558   timer.o
      1508         72          0         78        300       6139   usart.o

    ----------------------------------------------------------------------
     82496       3612       7506        836    1235740     708769   Object Totals
         0          0         32          0          0          0   (incl. Generated)
         8          0          2         15         20          0   (incl. Padding)

    ----------------------------------------------------------------------

      Code (inc. data)   RO Data    RW Data    ZI Data      Debug   Library Member Name

        90          0          0          0          0          0   __dczerorl2.o
         8          0          0          0          0         68   __main.o
       104          0          0          0          0         84   __printf.o
         0          0          0          0          0          0   __rtentry.o
        12          0          0          0          0          0   __rtentry2.o
         6          0          0          0          0          0   __rtentry4.o
        52          8          0          0          0          0   __scatter.o
        28          0          0          0          0          0   __scatter_zi.o
        48          6          0          0          0         96   _printf_char_common.o
        36          4          0          0          0         80   _printf_char_file.o
        88          4         40          0          0         88   _printf_hex_int.o
       178          0          0          0          0         88   _printf_intcommon.o
         0          0          0          0          0          0   _printf_percent.o
         4          0          0          0          0          0   _printf_percent_end.o
         6          0          0          0          0          0   _printf_x.o
        22          0          0          0          0        100   _rserrno.o
        18          0          0          0          0         80   exit.o
         8          0          0          0          0         68   ferror.o
         6          0          0          0          0        152   heapauxi.o
         2          0          0          0          0          0   libinit.o
         6          0          0          0          0          0   libinit2.o
         2          0          0          0          0          0   libshutdown.o
         2          0          0          0          0          0   libshutdown2.o
         8          4          0          0         96         68   libspace.o
       238          0          0          0          0        100   lludivv7m.o
        24          4          0          0          0         84   noretval__2printf.o
         8          4          0          0          0         68   rt_errno_addr_intlibspace.o
         2          0          0          0          0          0   rtexit.o
        10          0          0          0          0          0   rtexit2.o
        74          0          0          0          0         80   sys_stackheap_outer.o
         2          0          0          0          0         68   use_no_semi.o
         2          0          0          0          0         68   use_no_semi_2.o
        24          0          0          0          0        164   basic.o
        98          4          0          0          0        140   d2f.o
       826         16          0          0          0        492   daddsub_clz.o
       688        140          0          0          0        256   ddiv.o
        94          4          0          0          0        140   dfix.o
        90          4          0          0          0        140   dfixu.o
        84          0          0          0          0        232   dflt_clz.o
       340         12          0          0          0        152   dmul.o
       156          4          0          0          0        140   dnaninf.o
        12          0          0          0          0        116   dretinf.o
        86          4          0          0          0        132   f2d.o
       140          4          0          0          0        132   fnaninf.o
        10          0          0          0          0        116   fpinit.o
        10          0          0          0          0        116   fretinf.o
         0          0          0          0          0          0   usenofp.o
       200         20          0          0          0        164   cos.o
       368         46         48          0          0        200   cos_i.o
        84         16          0          0          0        372   dunder.o
        24          0          0          0          0        124   fabs.o
        48          0          0          0          0        124   fpclassify.o
       248          0          0          0          0        152   poly.o
      1080        142        200          0          0        188   rred.o
       200         20          0          0          0        164   sin.o
       304         24         40          0          0        208   sin_i.o

    ----------------------------------------------------------------------
      6322        494        332          0         96       5604   Library Totals
        14          0          4          0          0          0   (incl. Padding)

    ----------------------------------------------------------------------

      Code (inc. data)   RO Data    RW Data    ZI Data      Debug   Library Name

      1094         34         40          0         96       1440   c_w.l
      2658        192          0          0          0       2468   fz_wm.l
      2556        268        288          0          0       1696   m_wm.l

    ----------------------------------------------------------------------
      6322        494        332          0         96       5604   Library Totals

    ----------------------------------------------------------------------

==============================================================================


      Code (inc. data)   RO Data    RW Data    ZI Data      Debug   

     88818       4106       7838        836    1235836     698897   Grand Totals
     88818       4106       7838        180    1235836     698897   ELF Image Totals (compressed)
     88818       4106       7838        180          0          0   ROM Totals

==============================================================================

    Total RO  Size (Code + RO Data)                96656 (  94.39kB)
    Total RW  Size (RW Data + ZI Data)           1236672 (1207.69kB)
    Total ROM Size (Code + RO Data + RW Data)      96836 (  94.57kB)

==============================================================================

